Component: ARM Compiler 5.06 update 5 (build 528) Tool: armlink [4d35e2]

==============================================================================

Section Cross References

    startup_stm32h723xx.o(STACK) refers (Special) to heapauxi.o(.text) for __use_two_region_memory
    startup_stm32h723xx.o(HEAP) refers (Special) to heapauxi.o(.text) for __use_two_region_memory
    startup_stm32h723xx.o(RESET) refers (Special) to heapauxi.o(.text) for __use_two_region_memory
    startup_stm32h723xx.o(RESET) refers to startup_stm32h723xx.o(STACK) for __initial_sp
    startup_stm32h723xx.o(RESET) refers to startup_stm32h723xx.o(.text) for Reset_Handler
    startup_stm32h723xx.o(RESET) refers to stm32h7xx_it.o(i.NMI_Handler) for NMI_Handler
    startup_stm32h723xx.o(RESET) refers to stm32h7xx_it.o(i.HardFault_Handler) for HardFault_Handler
    startup_stm32h723xx.o(RESET) refers to stm32h7xx_it.o(i.MemManage_Handler) for MemManage_Handler
    startup_stm32h723xx.o(RESET) refers to stm32h7xx_it.o(i.BusFault_Handler) for BusFault_Handler
    startup_stm32h723xx.o(RESET) refers to stm32h7xx_it.o(i.UsageFault_Handler) for UsageFault_Handler
    startup_stm32h723xx.o(RESET) refers to port.o(.emb_text) for SVC_Handler
    startup_stm32h723xx.o(RESET) refers to stm32h7xx_it.o(i.DebugMon_Handler) for DebugMon_Handler
    startup_stm32h723xx.o(RESET) refers to cmsis_os2.o(i.SysTick_Handler) for SysTick_Handler
    startup_stm32h723xx.o(RESET) refers to stm32h7xx_it.o(i.DMA1_Stream0_IRQHandler) for DMA1_Stream0_IRQHandler
    startup_stm32h723xx.o(RESET) refers to stm32h7xx_it.o(i.DMA1_Stream1_IRQHandler) for DMA1_Stream1_IRQHandler
    startup_stm32h723xx.o(RESET) refers to stm32h7xx_it.o(i.FDCAN1_IT0_IRQHandler) for FDCAN1_IT0_IRQHandler
    startup_stm32h723xx.o(RESET) refers to stm32h7xx_it.o(i.FDCAN1_IT1_IRQHandler) for FDCAN1_IT1_IRQHandler
    startup_stm32h723xx.o(RESET) refers to stm32h7xx_it.o(i.TIM1_UP_IRQHandler) for TIM1_UP_IRQHandler
    startup_stm32h723xx.o(RESET) refers to stm32h7xx_it.o(i.USART1_IRQHandler) for USART1_IRQHandler
    startup_stm32h723xx.o(.text) refers (Special) to heapauxi.o(.text) for __use_two_region_memory
    startup_stm32h723xx.o(.text) refers to system_stm32h7xx.o(i.ExitRun0Mode) for ExitRun0Mode
    startup_stm32h723xx.o(.text) refers to system_stm32h7xx.o(i.SystemInit) for SystemInit
    startup_stm32h723xx.o(.text) refers to __main.o(!!!main) for __main
    startup_stm32h723xx.o(.text) refers to startup_stm32h723xx.o(HEAP) for Heap_Mem
    startup_stm32h723xx.o(.text) refers to startup_stm32h723xx.o(STACK) for Stack_Mem
    main.o(i.HAL_TIM_PeriodElapsedCallback) refers to stm32h7xx_hal.o(i.HAL_IncTick) for HAL_IncTick
    main.o(i.SystemClock_Config) refers to rt_memclr_w.o(.text) for __aeabi_memclr4
    main.o(i.SystemClock_Config) refers to stm32h7xx_hal_pwr_ex.o(i.HAL_PWREx_ConfigSupply) for HAL_PWREx_ConfigSupply
    main.o(i.SystemClock_Config) refers to stm32h7xx_hal_rcc.o(i.HAL_RCC_OscConfig) for HAL_RCC_OscConfig
    main.o(i.SystemClock_Config) refers to stm32h7xx_hal_rcc.o(i.HAL_RCC_ClockConfig) for HAL_RCC_ClockConfig
    main.o(i.main) refers to stm32h7xx_hal.o(i.HAL_Init) for HAL_Init
    main.o(i.main) refers to main.o(i.SystemClock_Config) for SystemClock_Config
    main.o(i.main) refers to gpio.o(i.MX_GPIO_Init) for MX_GPIO_Init
    main.o(i.main) refers to dma.o(i.MX_DMA_Init) for MX_DMA_Init
    main.o(i.main) refers to fdcan.o(i.MX_FDCAN1_Init) for MX_FDCAN1_Init
    main.o(i.main) refers to usart.o(i.MX_USART1_UART_Init) for MX_USART1_UART_Init
    main.o(i.main) refers to cmsis_os2.o(i.osKernelInitialize) for osKernelInitialize
    main.o(i.main) refers to freertos.o(i.MX_FREERTOS_Init) for MX_FREERTOS_Init
    main.o(i.main) refers to cmsis_os2.o(i.osKernelStart) for osKernelStart
    freertos.o(i.MX_FREERTOS_Init) refers to canuser.o(i.FDCAN_Filter_init) for FDCAN_Filter_init
    freertos.o(i.MX_FREERTOS_Init) refers to stm32h7xx_hal_fdcan.o(i.HAL_FDCAN_ActivateNotification) for HAL_FDCAN_ActivateNotification
    freertos.o(i.MX_FREERTOS_Init) refers to stm32h7xx_hal_fdcan.o(i.HAL_FDCAN_Start) for HAL_FDCAN_Start
    freertos.o(i.MX_FREERTOS_Init) refers to stm32h7xx_hal_uart_ex.o(i.HAL_UARTEx_ReceiveToIdle_DMA) for HAL_UARTEx_ReceiveToIdle_DMA
    freertos.o(i.MX_FREERTOS_Init) refers to pid.o(i.pidinit) for pidinit
    freertos.o(i.MX_FREERTOS_Init) refers to cmsis_os2.o(i.osThreadNew) for osThreadNew
    freertos.o(i.MX_FREERTOS_Init) refers to rt_memclr_w.o(.text) for __aeabi_memclr4
    freertos.o(i.MX_FREERTOS_Init) refers to rt_memcpy_w.o(.text) for __aeabi_memcpy4
    freertos.o(i.MX_FREERTOS_Init) refers to fdcan.o(.bss) for hfdcan1
    freertos.o(i.MX_FREERTOS_Init) refers to usartuser.o(.bss) for usartrxdatabuff
    freertos.o(i.MX_FREERTOS_Init) refers to usart.o(.bss) for huart1
    freertos.o(i.MX_FREERTOS_Init) refers to freertos.o(.constdata) for .constdata
[...]
    _getenv_init                              - Undefined Weak Reference
    _handle_redirection                       - Undefined Weak Reference
    _init_alloc                               - Undefined Weak Reference
    _init_user_alloc                          - Undefined Weak Reference
    _initio                                   - Undefined Weak Reference
    _rand_init                                - Undefined Weak Reference
    _scanf_longlong                           - Undefined Weak Reference
    _scanf_mbtowc                             - Undefined Weak Reference
    _scanf_real                               - Undefined Weak Reference
    _scanf_wctomb                             - Undefined Weak Reference
    _scanf_wstring                            - Undefined Weak Reference
    _signal_finish                            - Undefined Weak Reference
    _signal_init                              - Undefined Weak Reference
    _terminate_alloc                          - Undefined Weak Reference
    _terminate_user_alloc                     - Undefined Weak Reference
    _terminateio                              - Undefined Weak Reference
    __Vectors_Size                           0x000002cc   Number         0  startup_stm32h723xx.o ABSOLUTE
    __Vectors                                0x08000000   Data           4  startup_stm32h723xx.o(RESET)
    __Vectors_End                            0x080002cc   Data           0  startup_stm32h723xx.o(RESET)
    __main                                   0x080002cd   Thumb Code     8  __main.o(!!!main)
    __scatterload                            0x080002d5   Thumb Code     0  __scatter.o(!!!scatter)
    __scatterload_rt2                        0x080002d5   Thumb Code    44  __scatter.o(!!!scatter)
    __scatterload_rt2_thumb_only             0x080002d5   Thumb Code     0  __scatter.o(!!!scatter)
    __scatterload_null                       0x080002e3   Thumb Code     0  __scatter.o(!!!scatter)
    __scatterload_copy                       0x08000309   Thumb Code    26  __scatter_copy.o(!!handler_copy)
    __scatterload_zeroinit                   0x08000325   Thumb Code    28  __scatter_zi.o(!!handler_zi)
    __rt_lib_init                            0x08000341   Thumb Code     0  libinit.o(.ARM.Collect$$libinit$$00000000)
    __rt_lib_init_fp_1                       0x08000343   Thumb Code     0  libinit2.o(.ARM.Collect$$libinit$$00000001)
    __rt_lib_init_heap_1                     0x08000347   Thumb Code     0  libinit2.o(.ARM.Collect$$libinit$$0000000A)
    __rt_lib_init_lc_common                  0x08000347   Thumb Code     0  libinit2.o(.ARM.Collect$$libinit$$0000000F)
    __rt_lib_init_preinit_1                  0x08000347   Thumb Code     0  libinit2.o(.ARM.Collect$$libinit$$00000004)
    __rt_lib_init_rand_1                     0x08000347   Thumb Code     0  libinit2.o(.ARM.Collect$$libinit$$0000000E)
    __rt_lib_init_user_alloc_1               0x08000347   Thumb Code     0  libinit2.o(.ARM.Collect$$libinit$$0000000C)
    __rt_lib_init_lc_collate_1               0x0800034d   Thumb Code     0  libinit2.o(.ARM.Collect$$libinit$$00000011)
    __rt_lib_init_lc_ctype_2                 0x0800034d   Thumb Code     0  libinit2.o(.ARM.Collect$$libinit$$00000012)
    __rt_lib_init_alloca_1                   0x08000359   Thumb Code     0  libinit2.o(.ARM.Collect$$libinit$$0000002E)
    __rt_lib_init_argv_1                     0x08000359   Thumb Code     0  libinit2.o(.ARM.Collect$$libinit$$0000002C)
    __rt_lib_init_atexit_1                   0x08000359   Thumb Code     0  libinit2.o(.ARM.Collect$$libinit$$0000001B)
    __rt_lib_init_clock_1                    0x08000359   Thumb Code     0  libinit2.o(.ARM.Collect$$libinit$$00000021)
    __rt_lib_init_cpp_1                      0x08000359   Thumb Code     0  libinit2.o(.ARM.Collect$$libinit$$00000032)
    __rt_lib_init_exceptions_1               0x08000359   Thumb Code     0  libinit2.o(.ARM.Collect$$libinit$$00000030)
    __rt_lib_init_fp_trap_1                  0x08000359   Thumb Code     0  libinit2.o(.ARM.Collect$$libinit$$0000001F)
    __rt_lib_init_getenv_1                   0x08000359   Thumb Code     0  libinit2.o(.ARM.Collect$$libinit$$00000023)
    __rt_lib_init_lc_ctype_1                 0x08000359   Thumb Code     0  libinit2.o(.ARM.Collect$$libinit$$00000013)
    __rt_lib_init_lc_monetary_1              0x08000359   Thumb Code     0  libinit2.o(.ARM.Collect$$libinit$$00000015)
    __rt_lib_init_lc_numeric_1               0x08000359   Thumb Code     0  libinit2.o(.ARM.Collect$$libinit$$00000017)
    __rt_lib_init_lc_time_1                  0x08000359   Thumb Code     0  libinit2.o(.ARM.Collect$$libinit$$00000019)
    __rt_lib_init_return                     0x08000359   Thumb Code     0  libinit2.o(.ARM.Collect$$libinit$$00000033)
    __rt_lib_init_signal_1                   0x08000359   Thumb Code     0  libinit2.o(.ARM.Collect$$libinit$$0000001D)
    __rt_lib_init_stdio_1                    0x08000359   Thumb Code     0  libinit2.o(.ARM.Collect$$libinit$$00000025)
    __rt_lib_shutdown                        0x0800035b   Thumb Code     0  libshutdown.o(.ARM.Collect$$libshutdown$$00000000)
    __rt_lib_shutdown_cpp_1                  0x0800035d   Thumb Code     0  libshutdown2.o(.ARM.Collect$$libshutdown$$00000002)
    __rt_lib_shutdown_fp_trap_1              0x0800035d   Thumb Code     0  libshutdown2.o(.ARM.Collect$$libshutdown$$00000007)
    __rt_lib_shutdown_heap_1                 0x0800035d   Thumb Code     0  libshutdown2.o(.ARM.Collect$$libshutdown$$0000000F)
    __rt_lib_shutdown_return                 0x0800035d   Thumb Code     0  libshutdown2.o(.ARM.Collect$$libshutdown$$00000010)
    __rt_lib_shutdown_signal_1               0x0800035d   Thumb Code     0  libshutdown2.o(.ARM.Collect$$libshutdown$$0000000A)
    __rt_lib_shutdown_stdio_1                0x0800035d   Thumb Code     0  libshutdown2.o(.ARM.Collect$$libshutdown$$00000004)
    __rt_lib_shutdown_user_alloc_1           0x0800035d   Thumb Code     0  libshutdown2.o(.ARM.Collect$$libshutdown$$0000000C)
    __rt_entry                               0x0800035f   Thumb Code     0  __rtentry.o(.ARM.Collect$$rtentry$$00000000)
    __rt_entry_presh_1                       0x0800035f   Thumb Code     0  __rtentry2.o(.ARM.Collect$$rtentry$$00000002)
    __rt_entry_sh                            0x0800035f   Thumb Code     0  __rtentry4.o(.ARM.Collect$$rtentry$$00000004)
    __rt_entry_li                            0x08000365   Thumb Code     0  __rtentry2.o(.ARM.Collect$$rtentry$$0000000A)
    __rt_entry_postsh_1                      0x08000365   Thumb Code     0  __rtentry2.o(.ARM.Collect$$rtentry$$00000009)
    __rt_entry_main                          0x08000369   Thumb Code     0  __rtentry2.o(.ARM.Collect$$rtentry$$0000000D)
    __rt_entry_postli_1                      0x08000369   Thumb Code     0  __rtentry2.o(.ARM.Collect$$rtentry$$0000000C)
    __rt_exit                                0x08000371   Thumb Code     0  rtexit.o(.ARM.Collect$$rtexit$$00000000)
    __rt_exit_ls                             0x08000373   Thumb Code     0  rtexit2.o(.ARM.Collect$$rtexit$$00000003)
    __rt_exit_prels_1                        0x08000373   Thumb Code     0  rtexit2.o(.ARM.Collect$$rtexit$$00000002)
    __rt_exit_exit                           0x08000377   Thumb Code     0  rtexit2.o(.ARM.Collect$$rtexit$$00000004)
    SVC_Handler                              0x0800037d   Thumb Code    28  port.o(.emb_text)
    __asm___6_port_c_39a90d8d__prvStartFirstTask 0x0800039d   Thumb Code    36  port.o(.emb_text)
    __asm___6_port_c_39a90d8d__prvEnableVFP  0x080003c5   Thumb Code    16  port.o(.emb_text)
    PendSV_Handler                           0x080003d9   Thumb Code    88  port.o(.emb_text)
    vPortGetIPSR                             0x08000435   Thumb Code     6  port.o(.emb_text)
    Reset_Handler                            0x0800043d   Thumb Code    12  startup_stm32h723xx.o(.text)
    ADC3_IRQHandler                          0x0800045b   Thumb Code     0  startup_stm32h723xx.o(.text)
    ADC_IRQHandler                           0x0800045b   Thumb Code     0  startup_stm32h723xx.o(.text)
    BDMA_Channel0_IRQHandler                 0x0800045b   Thumb Code     0  startup_stm32h723xx.o(.text)
    BDMA_Channel1_IRQHandler                 0x0800045b   Thumb Code     0  startup_stm32h723xx.o(.text)
    BDMA_Channel2_IRQHandler                 0x0800045b   Thumb Code     0  startup_stm32h723xx.o(.text)
    BDMA_Channel3_IRQHandler                 0x0800045b   Thumb Code     0  startup_stm32h723xx.o(.text)
    BDMA_Channel4_IRQHandler                 0x0800045b   Thumb Code     0  startup_stm32h723xx.o(.text)
    BDMA_Channel5_IRQHandler                 0x0800045b   Thumb Code     0  startup_stm32h723xx.o(.text)
    BDMA_Channel6_IRQHandler                 0x0800045b   Thumb Code     0  startup_stm32h723xx.o(.text)
    BDMA_Channel7_IRQHandler                 0x0800045b   Thumb Code     0  startup_stm32h723xx.o(.text)
    CEC_IRQHandler                           0x0800045b   Thumb Code     0  startup_stm32h723xx.o(.text)
    COMP1_IRQHandler                         0x0800045b   Thumb Code     0  startup_stm32h723xx.o(.text)
    CORDIC_IRQHandler                        0x0800045b   Thumb Code     0  startup_stm32h723xx.o(.text)
    CRS_IRQHandler                           0x0800045b   Thumb Code     0  startup_stm32h723xx.o(.text)
    DCMI_PSSI_IRQHandler                     0x0800045b   Thumb Code     0  startup_stm32h723xx.o(.text)
    DFSDM1_FLT0_IRQHandler                   0x0800045b   Thumb Code     0  startup_stm32h723xx.o(.text)
    DFSDM1_FLT1_IRQHandler                   0x0800045b   Thumb Code     0  startup_stm32h723xx.o(.text)
    DFSDM1_FLT2_IRQHandler                   0x0800045b   Thumb Code     0  startup_stm32h723xx.o(.text)
    DFSDM1_FLT3_IRQHandler                   0x0800045b   Thumb Code     0  startup_stm32h723xx.o(.text)
    DMA1_Stream2_IRQHandler                  0x0800045b   Thumb Code     0  startup_stm32h723xx.o(.text)
    DMA1_Stream3_IRQHandler                  0x0800045b   Thumb Code     0  startup_stm32h723xx.o(.text)
    DMA1_Stream4_IRQHandler                  0x0800045b   Thumb Code     0  startup_stm32h723xx.o(.text)
    DMA1_Stream5_IRQHandler                  0x0800045b   Thumb Code     0  startup_stm32h723xx.o(.text)
    DMA1_Stream6_IRQHandler                  0x0800045b   Thumb Code     0  startup_stm32h723xx.o(.text)
    DMA1_Stream7_IRQHandler                  0x0800045b   Thumb Code     0  startup_stm32h723xx.o(.text)
    DMA2D_IRQHandler                         0x0800045b   Thumb Code     0  startup_stm32h723xx.o(.text)
    DMA2_Stream0_IRQHandler                  0x0800045b   Thumb Code     0  startup_stm32h723xx.o(.text)
    DMA2_Stream1_IRQHandler                  0x0800045b   Thumb Code     0  startup_stm32h723xx.o(.text)
    DMA2_Stream2_IRQHandler                  0x0800045b   Thumb Code     0  startup_stm32h723xx.o(.text)
    DMA2_Stream3_IRQHandler                  0x0800045b   Thumb Code     0  startup_stm32h723xx.o(.text)
    DMA2_Stream4_IRQHandler                  0x0800045b   Thumb Code     0  startup_stm32h723xx.o(.text)
    DMA2_Stream5_IRQHandler                  0x0800045b   Thumb Code     0  startup_stm32h723xx.o(.text)
    DMA2_Stream6_IRQHandler                  0x0800045b   Thumb Code     0  startup_stm32h723xx.o(.text)
    DMA2_Stream7_IRQHandler                  0x0800045b   Thumb Code     0  startup_stm32h723xx.o(.text)
    DMAMUX1_OVR_IRQHandler                   0x0800045b   Thumb Code     0  startup_stm32h723xx.o(.text)
    DMAMUX2_OVR_IRQHandler                   0x0800045b   Thumb Code     0  startup_stm32h723xx.o(.text)
    DTS_IRQHandler                           0x0800045b   Thumb Code     0  startup_stm32h723xx.o(.text)
    ECC_IRQHandler                           0x0800045b   Thumb Code     0  startup_stm32h723xx.o(.text)
    ETH_IRQHandler                           0x0800045b   Thumb Code     0  startup_stm32h723xx.o(.text)
    ETH_WKUP_IRQHandler                      0x0800045b   Thumb Code     0  startup_stm32h723xx.o(.text)
    EXTI0_IRQHandler                         0x0800045b   Thumb Code     0  startup_stm32h723xx.o(.text)
    EXTI15_10_IRQHandler                     0x0800045b   Thumb Code     0  startup_stm32h723xx.o(.text)
    EXTI1_IRQHandler                         0x0800045b   Thumb Code     0  startup_stm32h723xx.o(.text)
    EXTI2_IRQHandler                         0x0800045b   Thumb Code     0  startup_stm32h723xx.o(.text)
    EXTI3_IRQHandler                         0x0800045b   Thumb Code     0  startup_stm32h723xx.o(.text)
    EXTI4_IRQHandler                         0x0800045b   Thumb Code     0  startup_stm32h723xx.o(.text)
    EXTI9_5_IRQHandler                       0x0800045b   Thumb Code     0  startup_stm32h723xx.o(.text)
    FDCAN2_IT0_IRQHandler                    0x0800045b   Thumb Code     0  startup_stm32h723xx.o(.text)
    FDCAN2_IT1_IRQHandler                    0x0800045b   Thumb Code     0  startup_stm32h723xx.o(.text)
    FDCAN3_IT0_IRQHandler                    0x0800045b   Thumb Code     0  startup_stm32h723xx.o(.text)
    FDCAN3_IT1_IRQHandler                    0x0800045b   Thumb Code     0  startup_stm32h723xx.o(.text)
    FDCAN_CAL_IRQHandler                     0x0800045b   Thumb Code     0  startup_stm32h723xx.o(.text)
    FLASH_IRQHandler                         0x0800045b   Thumb Code     0  startup_stm32h723xx.o(.text)
    FMAC_IRQHandler                          0x0800045b   Thumb Code     0  startup_stm32h723xx.o(.text)
    FMC_IRQHandler                           0x0800045b   Thumb Code     0  startup_stm32h723xx.o(.text)
    FPU_IRQHandler                           0x0800045b   Thumb Code     0  startup_stm32h723xx.o(.text)
    HSEM1_IRQHandler                         0x0800045b   Thumb Code     0  startup_stm32h723xx.o(.text)
    I2C1_ER_IRQHandler                       0x0800045b   Thumb Code     0  startup_stm32h723xx.o(.text)
    I2C1_EV_IRQHandler                       0x0800045b   Thumb Code     0  startup_stm32h723xx.o(.text)
    I2C2_ER_IRQHandler                       0x0800045b   Thumb Code     0  startup_stm32h723xx.o(.text)
    I2C2_EV_IRQHandler                       0x0800045b   Thumb Code     0  startup_stm32h723xx.o(.text)
    I2C3_ER_IRQHandler                       0x0800045b   Thumb Code     0  startup_stm32h723xx.o(.text)
    I2C3_EV_IRQHandler                       0x0800045b   Thumb Code     0  startup_stm32h723xx.o(.text)
    I2C4_ER_IRQHandler                       0x0800045b   Thumb Code     0  startup_stm32h723xx.o(.text)
    I2C4_EV_IRQHandler                       0x0800045b   Thumb Code     0  startup_stm32h723xx.o(.text)
    I2C5_ER_IRQHandler                       0x0800045b   Thumb Code     0  startup_stm32h723xx.o(.text)
    I2C5_EV_IRQHandler                       0x0800045b   Thumb Code     0  startup_stm32h723xx.o(.text)
    LPTIM1_IRQHandler                        0x0800045b   Thumb Code     0  startup_stm32h723xx.o(.text)
    LPTIM2_IRQHandler                        0x0800045b   Thumb Code     0  startup_stm32h723xx.o(.text)
    LPTIM3_IRQHandler                        0x0800045b   Thumb Code     0  startup_stm32h723xx.o(.text)
    LPTIM4_IRQHandler                        0x0800045b   Thumb Code     0  startup_stm32h723xx.o(.text)
    LPTIM5_IRQHandler                        0x0800045b   Thumb Code     0  startup_stm32h723xx.o(.text)
    LPUART1_IRQHandler                       0x0800045b   Thumb Code     0  startup_stm32h723xx.o(.text)
    LTDC_ER_IRQHandler                       0x0800045b   Thumb Code     0  startup_stm32h723xx.o(.text)
    LTDC_IRQHandler                          0x0800045b   Thumb Code     0  startup_stm32h723xx.o(.text)
    MDIOS_IRQHandler                         0x0800045b   Thumb Code     0  startup_stm32h723xx.o(.text)
    MDIOS_WKUP_IRQHandler                    0x0800045b   Thumb Code     0  startup_stm32h723xx.o(.text)
    MDMA_IRQHandler                          0x0800045b   Thumb Code     0  startup_stm32h723xx.o(.text)
    OCTOSPI1_IRQHandler                      0x0800045b   Thumb Code     0  startup_stm32h723xx.o(.text)
    OCTOSPI2_IRQHandler                      0x0800045b   Thumb Code     0  startup_stm32h723xx.o(.text)
    OTG_HS_EP1_IN_IRQHandler                 0x0800045b   Thumb Code     0  startup_stm32h723xx.o(.text)
    OTG_HS_EP1_OUT_IRQHandler                0x0800045b   Thumb Code     0  startup_stm32h723xx.o(.text)
    OTG_HS_IRQHandler                        0x0800045b   Thumb Code     0  startup_stm32h723xx.o(.text)
    OTG_HS_WKUP_IRQHandler                   0x0800045b   Thumb Code     0  startup_stm32h723xx.o(.text)
    PVD_AVD_IRQHandler                       0x0800045b   Thumb Code     0  startup_stm32h723xx.o(.text)
    RCC_IRQHandler                           0x0800045b   Thumb Code     0  startup_stm32h723xx.o(.text)
    RNG_IRQHandler                           0x0800045b   Thumb Code     0  startup_stm32h723xx.o(.text)
    RTC_Alarm_IRQHandler                     0x0800045b   Thumb Code     0  startup_stm32h723xx.o(.text)
    RTC_WKUP_IRQHandler                      0x0800045b   Thumb Code     0  startup_stm32h723xx.o(.text)
    SAI1_IRQHandler                          0x0800045b   Thumb Code     0  startup_stm32h723xx.o(.text)
    SAI4_IRQHandler                          0x0800045b   Thumb Code     0  startup_stm32h723xx.o(.text)
    SDMMC1_IRQHandler                        0x0800045b   Thumb Code     0  startup_stm32h723xx.o(.text)
    SDMMC2_IRQHandler                        0x0800045b   Thumb Code     0  startup_stm32h723xx.o(.text)
    SPDIF_RX_IRQHandler                      0x0800045b   Thumb Code     0  startup_stm32h723xx.o(.text)
    SPI1_IRQHandler                          0x0800045b   Thumb Code     0  startup_stm32h723xx.o(.text)
    SPI2_IRQHandler                          0x0800045b   Thumb Code     0  startup_stm32h723xx.o(.text)
    SPI3_IRQHandler                          0x0800045b   Thumb Code     0  startup_stm32h723xx.o(.text)
    SPI4_IRQHandler                          0x0800045b   Thumb Code     0  startup_stm32h723xx.o(.text)
    SPI5_IRQHandler                          0x0800045b   Thumb Code     0  startup_stm32h723xx.o(.text)
    SPI6_IRQHandler                          0x0800045b   Thumb Code     0  startup_stm32h723xx.o(.text)
    SWPMI1_IRQHandler                        0x0800045b   Thumb Code     0  startup_stm32h723xx.o(.text)
    TAMP_STAMP_IRQHandler                    0x0800045b   Thumb Code     0  startup_stm32h723xx.o(.text)
    TIM15_IRQHandler                         0x0800045b   Thumb Code     0  startup_stm32h723xx.o(.text)
    TIM16_IRQHandler                         0x0800045b   Thumb Code     0  startup_stm32h723xx.o(.text)
    TIM17_IRQHandler                         0x0800045b   Thumb Code     0  startup_stm32h723xx.o(.text)
    TIM1_BRK_IRQHandler                      0x0800045b   Thumb Code     0  startup_stm32h723xx.o(.text)
    TIM1_CC_IRQHandler                       0x0800045b   Thumb Code     0  startup_stm32h723xx.o(.text)
    TIM1_TRG_COM_IRQHandler                  0x0800045b   Thumb Code     0  startup_stm32h723xx.o(.text)
    TIM23_IRQHandler                         0x0800045b   Thumb Code     0  startup_stm32h723xx.o(.text)
    TIM24_IRQHandler                         0x0800045b   Thumb Code     0  startup_stm32h723xx.o(.text)
    TIM2_IRQHandler                          0x0800045b   Thumb Code     0  startup_stm32h723xx.o(.text)
    TIM3_IRQHandler                          0x0800045b   Thumb Code     0  startup_stm32h723xx.o(.text)
    TIM4_IRQHandler                          0x0800045b   Thumb Code     0  startup_stm32h723xx.o(.text)
    TIM5_IRQHandler                          0x0800045b   Thumb Code     0  startup_stm32h723xx.o(.text)
    TIM6_DAC_IRQHandler                      0x0800045b   Thumb Code     0  startup_stm32h723xx.o(.text)
    TIM7_IRQHandler                          0x0800045b   Thumb Code     0  startup_stm32h723xx.o(.text)
    TIM8_BRK_TIM12_IRQHandler                0x0800045b   Thumb Code     0  startup_stm32h723xx.o(.text)
    TIM8_CC_IRQHandler                       0x0800045b   Thumb Code     0  startup_stm32h723xx.o(.text)
    TIM8_TRG_COM_TIM14_IRQHandler            0x0800045b   Thumb Code     0  startup_stm32h723xx.o(.text)
    TIM8_UP_TIM13_IRQHandler                 0x0800045b   Thumb Code     0  startup_stm32h723xx.o(.text)
    UART4_IRQHandler                         0x0800045b   Thumb Code     0  startup_stm32h723xx.o(.text)
    UART5_IRQHandler                         0x0800045b   Thumb Code     0  startup_stm32h723xx.o(.text)
    UART7_IRQHandler                         0x0800045b   Thumb Code     0  startup_stm32h723xx.o(.text)
    UART8_IRQHandler                         0x0800045b   Thumb Code     0  startup_stm32h723xx.o(.text)
    UART9_IRQHandler                         0x0800045b   Thumb Code     0  startup_stm32h723xx.o(.text)
    USART10_IRQHandler                       0x0800045b   Thumb Code     0  startup_stm32h723xx.o(.text)
    USART2_IRQHandler                        0x0800045b   Thumb Code     0  startup_stm32h723xx.o(.text)
    USART3_IRQHandler                        0x0800045b   Thumb Code     0  startup_stm32h723xx.o(.text)
    USART6_IRQHandler                        0x0800045b   Thumb Code     0  startup_stm32h723xx.o(.text)
    WAKEUP_PIN_IRQHandler                    0x0800045b   Thumb Code     0  startup_stm32h723xx.o(.text)
    WWDG_IRQHandler                          0x0800045b   Thumb Code     0  startup_stm32h723xx.o(.text)
    __user_initial_stackheap                 0x0800045d   Thumb Code     0  startup_stm32h723xx.o(.text)
    __aeabi_uldivmod                         0x08000485   Thumb Code     0  lludivv7m.o(.text)
    _ll_udiv                                 0x08000485   Thumb Code   238  lludivv7m.o(.text)
    __0sscanf                                0x08000575   Thumb Code    52  __0sscanf.o(.text)
    _scanf_int                               0x080005b1   Thumb Code   332  _scanf_int.o(.text)
    _scanf_string                            0x080006fd   Thumb Code   224  _scanf_str.o(.text)
    strncmp                                  0x080007dd   Thumb Code   150  strncmp.o(.text)
    __aeabi_memcpy                           0x08000873   Thumb Code     0  rt_memcpy_v6.o(.text)
    __rt_memcpy                              0x08000873   Thumb Code   138  rt_memcpy_v6.o(.text)
    _memcpy_lastbytes                        0x080008d9   Thumb Code     0  rt_memcpy_v6.o(.text)
    __aeabi_memcpy4                          0x080008fd   Thumb Code     0  rt_memcpy_w.o(.text)
    __aeabi_memcpy8                          0x080008fd   Thumb Code     0  rt_memcpy_w.o(.text)
    __rt_memcpy_w                            0x080008fd   Thumb Code   100  rt_memcpy_w.o(.text)
    _memcpy_lastbytes_aligned                0x08000945   Thumb Code     0  rt_memcpy_w.o(.text)
    __aeabi_memset                           0x08000961   Thumb Code    16  aeabi_memset.o(.text)
    __aeabi_memclr                           0x08000971   Thumb Code     0  rt_memclr.o(.text)
    __rt_memclr                              0x08000971   Thumb Code    68  rt_memclr.o(.text)
    _memset                                  0x08000975   Thumb Code     0  rt_memclr.o(.text)
    __aeabi_memclr4                          0x080009b5   Thumb Code     0  rt_memclr_w.o(.text)
    __aeabi_memclr8                          0x080009b5   Thumb Code     0  rt_memclr_w.o(.text)
    __rt_memclr_w                            0x080009b5   Thumb Code    78  rt_memclr_w.o(.text)
    _memset_w                                0x080009b9   Thumb Code     0  rt_memclr_w.o(.text)
    __use_two_region_memory                  0x08000a03   Thumb Code     2  heapauxi.o(.text)
    __rt_heap_escrow$2region                 0x08000a05   Thumb Code     2  heapauxi.o(.text)
    __rt_heap_expand$2region                 0x08000a07   Thumb Code     2  heapauxi.o(.text)
    _chval                                   0x08000a09   Thumb Code    28  _chval.o(.text)
    __vfscanf_char                           0x08000a31   Thumb Code    24  scanf_char.o(.text)
    _sgetc                                   0x08000a51   Thumb Code    30  _sgetc.o(.text)
    _sbackspace                              0x08000a6f   Thumb Code    34  _sgetc.o(.text)
    isspace                                  0x08000a91   Thumb Code    18  isspace.o(.text)
    __vfscanf                                0x08000aa5   Thumb Code   878  _scanf.o(.text)
    __user_libspace                          0x08000e19   Thumb Code     8  libspace.o(.text)
    __user_perproc_libspace                  0x08000e19   Thumb Code     0  libspace.o(.text)
    __user_perthread_libspace                0x08000e19   Thumb Code     0  libspace.o(.text)
    __user_setup_stackheap                   0x08000e21   Thumb Code    74  sys_stackheap_outer.o(.text)
    __rt_ctype_table                         0x08000e6d   Thumb Code    16  rt_ctype_table.o(.text)
    exit                                     0x08000e7d   Thumb Code    18  exit.o(.text)
    __rt_locale                              0x08000e91   Thumb Code     8  rt_locale_intlibspace.o(.text)
    _sys_exit                                0x08000e99   Thumb Code     8  sys_exit.o(.text)
    strcmp                                   0x08000ea5   Thumb Code   104  strcmpv7m_pel.o(.text)
    __I$use$semihosting                      0x08000f0d   Thumb Code     0  use_no_semi.o(.text)
    __use_no_semihosting_swi                 0x08000f0d   Thumb Code     2  use_no_semi.o(.text)
    BusFault_Handler                         0x08000f0f   Thumb Code     2  stm32h7xx_it.o(i.BusFault_Handler)
    __semihosting_library_function           0x08000f0f   Thumb Code     0  indicate_semi.o(.text)
    DMA1_Stream0_IRQHandler                  0x08000f11   Thumb Code     6  stm32h7xx_it.o(i.DMA1_Stream0_IRQHandler)
    DMA1_Stream1_IRQHandler                  0x08000f1d   Thumb Code     6  stm32h7xx_it.o(i.DMA1_Stream1_IRQHandler)
    DebugMon_Handler                         0x08001361   Thumb Code     2  stm32h7xx_it.o(i.DebugMon_Handler)
    Error_Handler                            0x08001363   Thumb Code     4  main.o(i.Error_Handler)
    ExitRun0Mode                             0x08001369   Thumb Code    22  system_stm32h7xx.o(i.ExitRun0Mode)
    FDCAN1_IT0_IRQHandler                    0x08001385   Thumb Code     6  stm32h7xx_it.o(i.FDCAN1_IT0_IRQHandler)
    FDCAN1_IT1_IRQHandler                    0x08001391   Thumb Code     6  stm32h7xx_it.o(i.FDCAN1_IT1_IRQHandler)
    FDCAN_Filter_init                        0x080015d1   Thumb Code    56  canuser.o(i.FDCAN_Filter_init)
    FDCAN_SendStd                            0x0800160d   Thumb Code   126  canuser.o(i.FDCAN_SendStd)
    GM6020_Rx                                0x08001691   Thumb Code   144  gm6020driver.o(i.GM6020_Rx)
    GM6020_Voltage_Tx                        0x08001735   Thumb Code    50  gm6020driver.o(i.GM6020_Voltage_Tx)
    GM6020data                               0x08001769   Thumb Code    26  gm6020driver.o(i.GM6020data)
    HAL_DMA_Abort                            0x08001791   Thumb Code   836  stm32h7xx_hal_dma.o(i.HAL_DMA_Abort)
    HAL_DMA_Abort_IT                         0x08001af1   Thumb Code   602  stm32h7xx_hal_dma.o(i.HAL_DMA_Abort_IT)
    HAL_DMA_IRQHandler                       0x08001d75   Thumb Code  1756  stm32h7xx_hal_dma.o(i.HAL_DMA_IRQHandler)
    HAL_DMA_Init                             0x0800245d   Thumb Code   922  stm32h7xx_hal_dma.o(i.HAL_DMA_Init)
    HAL_DMA_Start_IT                         0x08002819   Thumb Code   628  stm32h7xx_hal_dma.o(i.HAL_DMA_Start_IT)
    HAL_FDCAN_ActivateNotification           0x08002ab5   Thumb Code   126  stm32h7xx_hal_fdcan.o(i.HAL_FDCAN_ActivateNotification)
    HAL_FDCAN_AddMessageToTxFifoQ            0x08002b3d   Thumb Code   102  stm32h7xx_hal_fdcan.o(i.HAL_FDCAN_AddMessageToTxFifoQ)
    HAL_FDCAN_ClockCalibrationCallback       0x08002ba3   Thumb Code     2  stm32h7xx_hal_fdcan.o(i.HAL_FDCAN_ClockCalibrationCallback)
    HAL_FDCAN_ConfigFilter                   0x08002ba5   Thumb Code   126  stm32h7xx_hal_fdcan.o(i.HAL_FDCAN_ConfigFilter)
    HAL_FDCAN_ErrorCallback                  0x08002c23   Thumb Code     2  stm32h7xx_hal_fdcan.o(i.HAL_FDCAN_ErrorCallback)
    HAL_FDCAN_ErrorStatusCallback            0x08002c25   Thumb Code     2  stm32h7xx_hal_fdcan.o(i.HAL_FDCAN_ErrorStatusCallback)
    HAL_FDCAN_GetRxMessage                   0x08002c29   Thumb Code   392  stm32h7xx_hal_fdcan.o(i.HAL_FDCAN_GetRxMessage)
    HAL_FDCAN_HighPriorityMessageCallback    0x08002db5   Thumb Code     2  stm32h7xx_hal_fdcan.o(i.HAL_FDCAN_HighPriorityMessageCallback)
    HAL_FDCAN_IRQHandler                     0x08002db9   Thumb Code   788  stm32h7xx_hal_fdcan.o(i.HAL_FDCAN_IRQHandler)
    HAL_FDCAN_Init                           0x080030d9   Thumb Code   572  stm32h7xx_hal_fdcan.o(i.HAL_FDCAN_Init)
    HAL_FDCAN_MspInit                        0x0800331d   Thumb Code   158  fdcan.o(i.HAL_FDCAN_MspInit)
    HAL_FDCAN_RxBufferNewMessageCallback     0x080033c9   Thumb Code     2  stm32h7xx_hal_fdcan.o(i.HAL_FDCAN_RxBufferNewMessageCallback)
    HAL_FDCAN_RxFifo0Callback                0x080033cd   Thumb Code    22  canuser.o(i.HAL_FDCAN_RxFifo0Callback)
    HAL_FDCAN_RxFifo1Callback                0x080033ed   Thumb Code     2  stm32h7xx_hal_fdcan.o(i.HAL_FDCAN_RxFifo1Callback)
    HAL_FDCAN_Start                          0x080033ef   Thumb Code    50  stm32h7xx_hal_fdcan.o(i.HAL_FDCAN_Start)
    HAL_FDCAN_TT_GlobalTimeCallback          0x08003421   Thumb Code     2  stm32h7xx_hal_fdcan.o(i.HAL_FDCAN_TT_GlobalTimeCallback)
    HAL_FDCAN_TT_ScheduleSyncCallback        0x08003423   Thumb Code     2  stm32h7xx_hal_fdcan.o(i.HAL_FDCAN_TT_ScheduleSyncCallback)
    HAL_FDCAN_TT_StopWatchCallback           0x08003425   Thumb Code     2  stm32h7xx_hal_fdcan.o(i.HAL_FDCAN_TT_StopWatchCallback)
    HAL_FDCAN_TT_TimeMarkCallback            0x08003427   Thumb Code     2  stm32h7xx_hal_fdcan.o(i.HAL_FDCAN_TT_TimeMarkCallback)
    HAL_FDCAN_TimeoutOccurredCallback        0x08003429   Thumb Code     2  stm32h7xx_hal_fdcan.o(i.HAL_FDCAN_TimeoutOccurredCallback)
    HAL_FDCAN_TimestampWraparoundCallback    0x0800342b   Thumb Code     2  stm32h7xx_hal_fdcan.o(i.HAL_FDCAN_TimestampWraparoundCallback)
    HAL_FDCAN_TxBufferAbortCallback          0x0800342d   Thumb Code     2  stm32h7xx_hal_fdcan.o(i.HAL_FDCAN_TxBufferAbortCallback)
    HAL_FDCAN_TxBufferCompleteCallback       0x0800342f   Thumb Code     2  stm32h7xx_hal_fdcan.o(i.HAL_FDCAN_TxBufferCompleteCallback)
    HAL_FDCAN_TxEventFifoCallback            0x08003431   Thumb Code     2  stm32h7xx_hal_fdcan.o(i.HAL_FDCAN_TxEventFifoCallback)
    HAL_FDCAN_TxFifoEmptyCallback            0x08003433   Thumb Code     2  stm32h7xx_hal_fdcan.o(i.HAL_FDCAN_TxFifoEmptyCallback)
    HAL_GPIO_Init                            0x08003435   Thumb Code   496  stm32h7xx_hal_gpio.o(i.HAL_GPIO_Init)
    HAL_GetTick                              0x08003651   Thumb Code     6  stm32h7xx_hal.o(i.HAL_GetTick)
    HAL_IncTick                              0x0800365d   Thumb Code    12  stm32h7xx_hal.o(i.HAL_IncTick)
    HAL_Init                                 0x0800366d   Thumb Code    74  stm32h7xx_hal.o(i.HAL_Init)
    HAL_InitTick                             0x080036c9   Thumb Code   110  stm32h7xx_hal_timebase_tim.o(i.HAL_InitTick)
    HAL_MspInit                              0x0800374d   Thumb Code    32  stm32h7xx_hal_msp.o(i.HAL_MspInit)
    HAL_NVIC_EnableIRQ                       0x08003771   Thumb Code    26  stm32h7xx_hal_cortex.o(i.HAL_NVIC_EnableIRQ)
    HAL_NVIC_SetPriority                     0x0800378d   Thumb Code    60  stm32h7xx_hal_cortex.o(i.HAL_NVIC_SetPriority)
    HAL_NVIC_SetPriorityGrouping             0x080037cd   Thumb Code    28  stm32h7xx_hal_cortex.o(i.HAL_NVIC_SetPriorityGrouping)
    HAL_PWREx_ConfigSupply                   0x080037f1   Thumb Code    78  stm32h7xx_hal_pwr_ex.o(i.HAL_PWREx_ConfigSupply)
    HAL_RCCEx_GetD3PCLK1Freq                 0x08003845   Thumb Code    26  stm32h7xx_hal_rcc_ex.o(i.HAL_RCCEx_GetD3PCLK1Freq)
    HAL_RCCEx_GetPLL2ClockFreq               0x08003869   Thumb Code   296  stm32h7xx_hal_rcc_ex.o(i.HAL_RCCEx_GetPLL2ClockFreq)
    HAL_RCCEx_GetPLL3ClockFreq               0x080039ad   Thumb Code   296  stm32h7xx_hal_rcc_ex.o(i.HAL_RCCEx_GetPLL3ClockFreq)
    HAL_RCCEx_PeriphCLKConfig                0x08003af1   Thumb Code  2362  stm32h7xx_hal_rcc_ex.o(i.HAL_RCCEx_PeriphCLKConfig)
    HAL_RCC_ClockConfig                      0x0800442d   Thumb Code   580  stm32h7xx_hal_rcc.o(i.HAL_RCC_ClockConfig)
    HAL_RCC_GetClockConfig                   0x08004689   Thumb Code    84  stm32h7xx_hal_rcc.o(i.HAL_RCC_GetClockConfig)
    HAL_RCC_GetHCLKFreq                      0x080046e5   Thumb Code    52  stm32h7xx_hal_rcc.o(i.HAL_RCC_GetHCLKFreq)
    HAL_RCC_GetPCLK1Freq                     0x08004729   Thumb Code    26  stm32h7xx_hal_rcc.o(i.HAL_RCC_GetPCLK1Freq)
    HAL_RCC_GetPCLK2Freq                     0x0800474d   Thumb Code    26  stm32h7xx_hal_rcc.o(i.HAL_RCC_GetPCLK2Freq)
    HAL_RCC_GetSysClockFreq                  0x08004771   Thumb Code   278  stm32h7xx_hal_rcc.o(i.HAL_RCC_GetSysClockFreq)
    HAL_RCC_OscConfig                        0x080048a9   Thumb Code  1318  stm32h7xx_hal_rcc.o(i.HAL_RCC_OscConfig)
    HAL_TIMEx_Break2Callback                 0x08004dcf   Thumb Code     2  stm32h7xx_hal_tim_ex.o(i.HAL_TIMEx_Break2Callback)
    HAL_TIMEx_BreakCallback                  0x08004dd1   Thumb Code     2  stm32h7xx_hal_tim_ex.o(i.HAL_TIMEx_BreakCallback)
    HAL_TIMEx_CommutCallback                 0x08004dd3   Thumb Code     2  stm32h7xx_hal_tim_ex.o(i.HAL_TIMEx_CommutCallback)
    HAL_TIM_Base_Init                        0x08004dd5   Thumb Code    98  stm32h7xx_hal_tim.o(i.HAL_TIM_Base_Init)
    HAL_TIM_Base_MspInit                     0x08004e37   Thumb Code     2  stm32h7xx_hal_tim.o(i.HAL_TIM_Base_MspInit)
    HAL_TIM_Base_Start_IT                    0x08004e39   Thumb Code   118  stm32h7xx_hal_tim.o(i.HAL_TIM_Base_Start_IT)
    HAL_TIM_IC_CaptureCallback               0x08004ed9   Thumb Code     2  stm32h7xx_hal_tim.o(i.HAL_TIM_IC_CaptureCallback)
    HAL_TIM_IRQHandler                       0x08004edb   Thumb Code   328  stm32h7xx_hal_tim.o(i.HAL_TIM_IRQHandler)
    HAL_TIM_OC_DelayElapsedCallback          0x08005023   Thumb Code     2  stm32h7xx_hal_tim.o(i.HAL_TIM_OC_DelayElapsedCallback)
    HAL_TIM_PWM_PulseFinishedCallback        0x08005025   Thumb Code     2  stm32h7xx_hal_tim.o(i.HAL_TIM_PWM_PulseFinishedCallback)
    HAL_TIM_PeriodElapsedCallback            0x08005029   Thumb Code    14  main.o(i.HAL_TIM_PeriodElapsedCallback)
    HAL_TIM_TriggerCallback                  0x0800503d   Thumb Code     2  stm32h7xx_hal_tim.o(i.HAL_TIM_TriggerCallback)
    HAL_UARTEx_DisableFifoMode               0x0800503f   Thumb Code    64  stm32h7xx_hal_uart_ex.o(i.HAL_UARTEx_DisableFifoMode)
    HAL_UARTEx_ReceiveToIdle_DMA             0x0800507f   Thumb Code    74  stm32h7xx_hal_uart_ex.o(i.HAL_UARTEx_ReceiveToIdle_DMA)
    HAL_UARTEx_RxEventCallback               0x080050c9   Thumb Code    32  usartuser.o(i.HAL_UARTEx_RxEventCallback)
    HAL_UARTEx_RxFifoFullCallback            0x080050f9   Thumb Code     2  stm32h7xx_hal_uart_ex.o(i.HAL_UARTEx_RxFifoFullCallback)
    HAL_UARTEx_SetRxFifoThreshold            0x080050fb   Thumb Code    76  stm32h7xx_hal_uart_ex.o(i.HAL_UARTEx_SetRxFifoThreshold)
    HAL_UARTEx_SetTxFifoThreshold            0x08005147   Thumb Code    76  stm32h7xx_hal_uart_ex.o(i.HAL_UARTEx_SetTxFifoThreshold)
    HAL_UARTEx_TxFifoEmptyCallback           0x08005193   Thumb Code     2  stm32h7xx_hal_uart_ex.o(i.HAL_UARTEx_TxFifoEmptyCallback)
    HAL_UARTEx_WakeupCallback                0x08005195   Thumb Code     2  stm32h7xx_hal_uart_ex.o(i.HAL_UARTEx_WakeupCallback)
    HAL_UART_ErrorCallback                   0x08005197   Thumb Code     2  stm32h7xx_hal_uart.o(i.HAL_UART_ErrorCallback)
    HAL_UART_IRQHandler                      0x08005199   Thumb Code   898  stm32h7xx_hal_uart.o(i.HAL_UART_IRQHandler)
    HAL_UART_Init                            0x08005535   Thumb Code   106  stm32h7xx_hal_uart.o(i.HAL_UART_Init)
    HAL_UART_MspInit                         0x080055a1   Thumb Code   230  usart.o(i.HAL_UART_MspInit)
    HAL_UART_RxCpltCallback                  0x0800569d   Thumb Code     2  stm32h7xx_hal_uart.o(i.HAL_UART_RxCpltCallback)
    HAL_UART_RxHalfCpltCallback              0x0800569f   Thumb Code     2  stm32h7xx_hal_uart.o(i.HAL_UART_RxHalfCpltCallback)
    HAL_UART_Transmit_DMA                    0x080056a1   Thumb Code   132  stm32h7xx_hal_uart.o(i.HAL_UART_Transmit_DMA)
    HAL_UART_TxCpltCallback                  0x08005731   Thumb Code     2  stm32h7xx_hal_uart.o(i.HAL_UART_TxCpltCallback)
    HAL_UART_TxHalfCpltCallback              0x08005733   Thumb Code     2  stm32h7xx_hal_uart.o(i.HAL_UART_TxHalfCpltCallback)
    HardFault_Handler                        0x08005735   Thumb Code     2  stm32h7xx_it.o(i.HardFault_Handler)
    MX_DMA_Init                              0x08005739   Thumb Code    56  dma.o(i.MX_DMA_Init)
    MX_FDCAN1_Init                           0x08005775   Thumb Code   100  fdcan.o(i.MX_FDCAN1_Init)
    MX_FREERTOS_Init                         0x080057e1   Thumb Code   184  freertos.o(i.MX_FREERTOS_Init)
    MX_GPIO_Init                             0x080058c1   Thumb Code    70  gpio.o(i.MX_GPIO_Init)
    MX_USART1_UART_Init                      0x0800590d   Thumb Code    94  usart.o(i.MX_USART1_UART_Init)
    MemManage_Handler                        0x08005975   Thumb Code     2  stm32h7xx_it.o(i.MemManage_Handler)
    NMI_Handler                              0x08005977   Thumb Code     2  stm32h7xx_it.o(i.NMI_Handler)
    PID_location                             0x08005979   Thumb Code   124  pid.o(i.PID_location)
    PID_speed                                0x08005a01   Thumb Code    70  pid.o(i.PID_speed)
    StartDefaultTask                         0x08005c89   Thumb Code     8  freertos.o(i.StartDefaultTask)
    SysTick_Handler                          0x08005c91   Thumb Code    26  cmsis_os2.o(i.SysTick_Handler)
    SystemClock_Config                       0x08005cad   Thumb Code   146  main.o(i.SystemClock_Config)
    SystemInit                               0x08005d45   Thumb Code   184  system_stm32h7xx.o(i.SystemInit)
    TIM1_UP_IRQHandler                       0x08005e1d   Thumb Code     6  stm32h7xx_it.o(i.TIM1_UP_IRQHandler)
    TIM_Base_SetConfig                       0x08005e29   Thumb Code   182  stm32h7xx_hal_tim.o(i.TIM_Base_SetConfig)
    UART_AdvFeatureConfig                    0x08005f4d   Thumb Code   200  stm32h7xx_hal_uart.o(i.UART_AdvFeatureConfig)
    UART_CheckIdleState                      0x08006015   Thumb Code   170  stm32h7xx_hal_uart.o(i.UART_CheckIdleState)
    UART_SetConfig                           0x0800628d   Thumb Code   914  stm32h7xx_hal_uart.o(i.UART_SetConfig)
    UART_Start_Receive_DMA                   0x08006669   Thumb Code   156  stm32h7xx_hal_uart.o(i.UART_Start_Receive_DMA)
    UART_WaitOnFlagUntilTimeout              0x08006711   Thumb Code   148  stm32h7xx_hal_uart.o(i.UART_WaitOnFlagUntilTimeout)
    USART1_IRQHandler                        0x080067a5   Thumb Code     6  stm32h7xx_it.o(i.USART1_IRQHandler)
    UsageFault_Handler                       0x080067b1   Thumb Code     2  stm32h7xx_it.o(i.UsageFault_Handler)
    command                                  0x080067d5   Thumb Code   144  usartuser.o(i.command)
    locationpidcontrol                       0x0800689d   Thumb Code   140  pid.o(i.locationpidcontrol)
    main                                     0x08006939   Thumb Code    38  main.o(i.main)
    osDelay                                  0x0800695f   Thumb Code    28  cmsis_os2.o(i.osDelay)
    osKernelInitialize                       0x0800697d   Thumb Code    32  cmsis_os2.o(i.osKernelInitialize)
    osKernelStart                            0x080069a1   Thumb Code    48  cmsis_os2.o(i.osKernelStart)
    osThreadNew                              0x080069d9   Thumb Code   144  cmsis_os2.o(i.osThreadNew)
    pidinit                                  0x08006a69   Thumb Code    56  pid.o(i.pidinit)
    pvPortMalloc                             0x08007259   Thumb Code   216  heap_4.o(i.pvPortMalloc)
    pxPortInitialiseStack                    0x08007335   Thumb Code    42  port.o(i.pxPortInitialiseStack)
    showGM6020data                           0x08007365   Thumb Code    64  usartuser.o(i.showGM6020data)
    uxListRemove                             0x080073b1   Thumb Code    38  list.o(i.uxListRemove)
    vApplicationGetIdleTaskMemory            0x080073d9   Thumb Code    18  cmsis_os2.o(i.vApplicationGetIdleTaskMemory)
    vApplicationGetTimerTaskMemory           0x080073f1   Thumb Code    20  cmsis_os2.o(i.vApplicationGetTimerTaskMemory)
    vListInitialise                          0x08007409   Thumb Code    22  list.o(i.vListInitialise)
    vListInitialiseItem                      0x0800741f   Thumb Code     6  list.o(i.vListInitialiseItem)
    vListInsert                              0x08007425   Thumb Code    48  list.o(i.vListInsert)
    vListInsertEnd                           0x08007455   Thumb Code    24  list.o(i.vListInsertEnd)
    vPortEnterCritical                       0x0800746d   Thumb Code    54  port.o(i.vPortEnterCritical)
    vPortExitCritical                        0x080074ad   Thumb Code    34  port.o(i.vPortExitCritical)
    vPortFree                                0x080074d5   Thumb Code    94  heap_4.o(i.vPortFree)
    vPortSetupTimerInterrupt                 0x08007539   Thumb Code    32  port.o(i.vPortSetupTimerInterrupt)
    vPortValidateInterruptPriority           0x0800755d   Thumb Code    74  port.o(i.vPortValidateInterruptPriority)
    vQueueAddToRegistry                      0x080075b1   Thumb Code    34  queue.o(i.vQueueAddToRegistry)
    vQueueWaitForMessageRestricted           0x080075d9   Thumb Code    68  queue.o(i.vQueueWaitForMessageRestricted)
    vTaskDelay                               0x0800761d   Thumb Code    66  tasks.o(i.vTaskDelay)
    vTaskInternalSetTimeOutState             0x08007669   Thumb Code    12  tasks.o(i.vTaskInternalSetTimeOutState)
    vTaskMissedYield                         0x08007679   Thumb Code     8  tasks.o(i.vTaskMissedYield)
    vTaskPlaceOnEventList                    0x08007685   Thumb Code    44  tasks.o(i.vTaskPlaceOnEventList)
    vTaskPlaceOnEventListRestricted          0x080076b5   Thumb Code    52  tasks.o(i.vTaskPlaceOnEventListRestricted)
    vTaskStartScheduler                      0x080076ed   Thumb Code   118  tasks.o(i.vTaskStartScheduler)
    vTaskSuspendAll                          0x08007775   Thumb Code    10  tasks.o(i.vTaskSuspendAll)
    vTaskSwitchContext                       0x08007785   Thumb Code    90  tasks.o(i.vTaskSwitchContext)
    xPortStartScheduler                      0x080077e9   Thumb Code   222  port.o(i.xPortStartScheduler)
    xPortSysTickHandler                      0x080078dd   Thumb Code    38  port.o(i.xPortSysTickHandler)
    xQueueGenericCreateStatic                0x08007909   Thumb Code   102  queue.o(i.xQueueGenericCreateStatic)
    xQueueGenericReset                       0x08007971   Thumb Code   144  queue.o(i.xQueueGenericReset)
    xQueueGenericSend                        0x08007a05   Thumb Code   346  queue.o(i.xQueueGenericSend)
    xQueueGenericSendFromISR                 0x08007b65   Thumb Code   190  queue.o(i.xQueueGenericSendFromISR)
    xQueueReceive                            0x08007c25   Thumb Code   310  queue.o(i.xQueueReceive)
    xTaskCheckForTimeOut                     0x08007d61   Thumb Code   116  tasks.o(i.xTaskCheckForTimeOut)
    xTaskCreate                              0x08007dd9   Thumb Code    90  tasks.o(i.xTaskCreate)
    xTaskCreateStatic                        0x08007e33   Thumb Code    86  tasks.o(i.xTaskCreateStatic)
    xTaskGetSchedulerState                   0x08007e89   Thumb Code    22  tasks.o(i.xTaskGetSchedulerState)
    xTaskGetTickCount                        0x08007ea5   Thumb Code     6  tasks.o(i.xTaskGetTickCount)
    xTaskIncrementTick                       0x08007eb1   Thumb Code   192  tasks.o(i.xTaskIncrementTick)
    xTaskPriorityDisinherit                  0x08007f79   Thumb Code   116  tasks.o(i.xTaskPriorityDisinherit)
    xTaskRemoveFromEventList                 0x08007ff5   Thumb Code   100  tasks.o(i.xTaskRemoveFromEventList)
    xTaskResumeAll                           0x08008065   Thumb Code   184  tasks.o(i.xTaskResumeAll)
    xTimerCreateTimerTask                    0x08008129   Thumb Code    78  timers.o(i.xTimerCreateTimerTask)
    xTimerGenericCommand                     0x08008189   Thumb Code    98  timers.o(i.xTimerGenericCommand)
    _get_lc_ctype                            0x080081f1   Thumb Code    44  lc_ctype_c.o(locale$$code)
    _fp_init                                 0x0800821d   Thumb Code    10  fpinit.o(x$fpl$fpinit)
    __fplib_config_fpu_vfp                   0x08008225   Thumb Code     0  fpinit.o(x$fpl$fpinit)
    __fplib_config_pureend_doubles           0x08008225   Thumb Code     0  fpinit.o(x$fpl$fpinit)
    defaultTask_attributes                   0x08008228   Data          36  freertos.o(.constdata)
    UARTPrescTable                           0x08008340   Data          24  stm32h7xx_hal_uart.o(.constdata)
    D1CorePrescTable                         0x08008368   Data          16  system_stm32h7xx.o(.constdata)
    Region$$Table$$Base                      0x080083b0   Number         0  anon$$obj.o(Region$$Table)
    Region$$Table$$Limit                     0x080083d0   Number         0  anon$$obj.o(Region$$Table)
    __ctype                                  0x080083dd   Data           0  lc_ctype_c.o(locale$$data)
    GM6020dataHandle                         0x24000000   Data           4  freertos.o(.data)
    commandHandle                            0x24000004   Data           4  freertos.o(.data)
    showGM6020dataHandle                     0x24000008   Data           4  freertos.o(.data)
    locationpidcontrolHandle                 0x2400000c   Data           4  freertos.o(.data)
    defaultTaskHandle                        0x24000010   Data           4  freertos.o(.data)
    uwTickFreq                               0x24000014   Data           1  stm32h7xx_hal.o(.data)
    uwTickPrio                               0x24000018   Data           4  stm32h7xx_hal.o(.data)
    uwTick                                   0x2400001c   Data           4  stm32h7xx_hal.o(.data)
    SystemCoreClock                          0x24000020   Data           4  system_stm32h7xx.o(.data)
    SystemD2Clock                            0x24000024   Data           4  system_stm32h7xx.o(.data)
    pxCurrentTCB                             0x24000028   Data           4  tasks.o(.data)
    Rxfifo0_flag                             0x240000a8   Data           1  canuser.o(.data)
    canrxdatabuff                            0x240000a9   Data           8  canuser.o(.data)
    turn                                     0x240000b8   Data           4  gm6020driver.o(.data)
    message_flag                             0x240000bc   Data           1  usartuser.o(.data)
    hfdcan1                                  0x240000c0   Data         160  fdcan.o(.bss)
    huart1                                   0x24000160   Data         148  usart.o(.bss)
    hdma_usart1_rx                           0x240001f4   Data         120  usart.o(.bss)
    hdma_usart1_tx                           0x2400026c   Data         120  usart.o(.bss)
    htim1                                    0x240002e4   Data          76  stm32h7xx_hal_timebase_tim.o(.bss)
    xQueueRegistry                           0x24000330   Data          64  queue.o(.bss)
    Rxheaderbuff                             0x24004c04   Data          40  canuser.o(.bss)
    GM6020                                   0x24004c2c   Data         128  gm6020driver.o(.bss)
    usartrxdatabuff                          0x24004cac   Data          64  usartuser.o(.bss)
    speedpid                                 0x24004cec   Data         320  pid.o(.bss)
    locationpid                              0x24004e2c   Data         320  pid.o(.bss)
    location_pid_voltage_output0             0x24004f6c   Data          16  pid.o(.bss)
    speed_pid_voltage_output0                0x24004f7c   Data          16  pid.o(.bss)
    __libspace_start                         0x24004f8c   Data          96  libspace.o(.bss)
    __temporary_stack_top$libspace           0x24004fec   Data           0  libspace.o(.bss)



==============================================================================

Memory Map of the image

  Image Entry point : 0x080002cd

  Load Region LR_IROM1 (Base: 0x08000000, Size: 0x000085a0, Max: 0x00100000, ABSOLUTE)

    Execution Region ER_IROM1 (Exec base: 0x08000000, Load base: 0x08000000, Size: 0x000084e0, Max: 0x00100000, ABSOLUTE)

    Exec Addr    Load Addr    Size         Type   Attr      Idx    E Section Name        Object

    0x08000000   0x08000000   0x000002cc   Data   RO            3    RESET               startup_stm32h723xx.o
    0x080002cc   0x080002cc   0x00000008   Code   RO         7216  * !!!main             c_w.l(__main.o)
    0x080002d4   0x080002d4   0x00000034   Code   RO         7494    !!!scatter          c_w.l(__scatter.o)
    0x08000308   0x08000308   0x0000001a   Code   RO         7496    !!handler_copy      c_w.l(__scatter_copy.o)
    0x08000322   0x08000322   0x00000002   PAD
    0x08000324   0x08000324   0x0000001c   Code   RO         7498    !!handler_zi        c_w.l(__scatter_zi.o)
    0x08000340   0x08000340   0x00000002   Code   RO         7357    .ARM.Collect$$libinit$$00000000  c_w.l(libinit.o)
    0x08000342   0x08000342   0x00000004   Code   RO         7374    .ARM.Collect$$libinit$$00000001  c_w.l(libinit2.o)
    0x08000346   0x08000346   0x00000000   Code   RO         7377    .ARM.Collect$$libinit$$00000004  c_w.l(libinit2.o)
    0x08000346   0x08000346   0x00000000   Code   RO         7380    .ARM.Collect$$libinit$$0000000A  c_w.l(libinit2.o)
    0x08000346   0x08000346   0x00000000   Code   RO         7382    .ARM.Collect$$libinit$$0000000C  c_w.l(libinit2.o)
    0x08000346   0x08000346   0x00000000   Code   RO         7384    .ARM.Collect$$libinit$$0000000E  c_w.l(libinit2.o)
    0x08000346   0x08000346   0x00000006   Code   RO         7385    .ARM.Collect$$libinit$$0000000F  c_w.l(libinit2.o)
    0x0800034c   0x0800034c   0x00000000   Code   RO         7387    .ARM.Collect$$libinit$$00000011  c_w.l(libinit2.o)
    0x0800034c   0x0800034c   0x0000000c   Code   RO         7388    .ARM.Collect$$libinit$$00000012  c_w.l(libinit2.o)
    0x08000358   0x08000358   0x00000000   Code   RO         7389    .ARM.Collect$$libinit$$00000013  c_w.l(libinit2.o)
    0x08000358   0x08000358   0x00000000   Code   RO         7391    .ARM.Collect$$libinit$$00000015  c_w.l(libinit2.o)
    0x08000358   0x08000358   0x00000000   Code   RO         7393    .ARM.Collect$$libinit$$00000017  c_w.l(libinit2.o)
    0x08000358   0x08000358   0x00000000   Code   RO         7395    .ARM.Collect$$libinit$$00000019  c_w.l(libinit2.o)
    0x08000358   0x08000358   0x00000000   Code   RO         7397    .ARM.Collect$$libinit$$0000001B  c_w.l(libinit2.o)
    0x08000358   0x08000358   0x00000000   Code   RO         7399    .ARM.Collect$$libinit$$0000001D  c_w.l(libinit2.o)
    0x08000358   0x08000358   0x00000000   Code   RO         7401    .ARM.Collect$$libinit$$0000001F  c_w.l(libinit2.o)
    0x08000358   0x08000358   0x00000000   Code   RO         7403    .ARM.Collect$$libinit$$00000021  c_w.l(libinit2.o)
    0x08000358   0x08000358   0x00000000   Code   RO         7405    .ARM.Collect$$libinit$$00000023  c_w.l(libinit2.o)
    0x08000358   0x08000358   0x00000000   Code   RO         7407    .ARM.Collect$$libinit$$00000025  c_w.l(libinit2.o)
    0x08000358   0x08000358   0x00000000   Code   RO         7411    .ARM.Collect$$libinit$$0000002C  c_w.l(libinit2.o)
    0x08000358   0x08000358   0x00000000   Code   RO         7413    .ARM.Collect$$libinit$$0000002E  c_w.l(libinit2.o)
    0x08000358   0x08000358   0x00000000   Code   RO         7415    .ARM.Collect$$libinit$$00000030  c_w.l(libinit2.o)
    0x08000358   0x08000358   0x00000000   Code   RO         7417    .ARM.Collect$$libinit$$00000032  c_w.l(libinit2.o)
    0x08000358   0x08000358   0x00000002   Code   RO         7418    .ARM.Collect$$libinit$$00000033  c_w.l(libinit2.o)
    0x0800035a   0x0800035a   0x00000002   Code   RO         7451    .ARM.Collect$$libshutdown$$00000000  c_w.l(libshutdown.o)
    0x0800035c   0x0800035c   0x00000000   Code   RO         7477    .ARM.Collect$$libshutdown$$00000002  c_w.l(libshutdown2.o)
    0x0800035c   0x0800035c   0x00000000   Code   RO         7479    .ARM.Collect$$libshutdown$$00000004  c_w.l(libshutdown2.o)
    0x0800035c   0x0800035c   0x00000000   Code   RO         7482    .ARM.Collect$$libshutdown$$00000007  c_w.l(libshutdown2.o)
    0x0800035c   0x0800035c   0x00000000   Code   RO         7485    .ARM.Collect$$libshutdown$$0000000A  c_w.l(libshutdown2.o)
    0x0800035c   0x0800035c   0x00000000   Code   RO         7487    .ARM.Collect$$libshutdown$$0000000C  c_w.l(libshutdown2.o)
    0x0800035c   0x0800035c   0x00000000   Code   RO         7490    .ARM.Collect$$libshutdown$$0000000F  c_w.l(libshutdown2.o)
    0x0800035c   0x0800035c   0x00000002   Code   RO         7491    .ARM.Collect$$libshutdown$$00000010  c_w.l(libshutdown2.o)
    0x0800035e   0x0800035e   0x00000000   Code   RO         7256    .ARM.Collect$$rtentry$$00000000  c_w.l(__rtentry.o)
    0x0800035e   0x0800035e   0x00000000   Code   RO         7304    .ARM.Collect$$rtentry$$00000002  c_w.l(__rtentry2.o)
    0x0800035e   0x0800035e   0x00000006   Code   RO         7316    .ARM.Collect$$rtentry$$00000004  c_w.l(__rtentry4.o)
    0x08000364   0x08000364   0x00000000   Code   RO         7306    .ARM.Collect$$rtentry$$00000009  c_w.l(__rtentry2.o)
    0x08000364   0x08000364   0x00000004   Code   RO         7307    .ARM.Collect$$rtentry$$0000000A  c_w.l(__rtentry2.o)
    0x08000368   0x08000368   0x00000000   Code   RO         7309    .ARM.Collect$$rtentry$$0000000C  c_w.l(__rtentry2.o)
    0x08000368   0x08000368   0x00000008   Code   RO         7310    .ARM.Collect$$rtentry$$0000000D  c_w.l(__rtentry2.o)
    0x08000370   0x08000370   0x00000002   Code   RO         7358    .ARM.Collect$$rtexit$$00000000  c_w.l(rtexit.o)
    0x08000372   0x08000372   0x00000000   Code   RO         7422    .ARM.Collect$$rtexit$$00000002  c_w.l(rtexit2.o)
    0x08000372   0x08000372   0x00000004   Code   RO         7423    .ARM.Collect$$rtexit$$00000003  c_w.l(rtexit2.o)
    0x08000376   0x08000376   0x00000006   Code   RO         7424    .ARM.Collect$$rtexit$$00000004  c_w.l(rtexit2.o)
    0x0800037c   0x0800037c   0x000000be   Code   RO         6885    .emb_text           port.o
    0x0800043a   0x0800043a   0x00000002   PAD
    0x0800043c   0x0800043c   0x00000048   Code   RO            4    .text               startup_stm32h723xx.o
    0x08000484   0x08000484   0x000000ee   Code   RO         7192    .text               c_w.l(lludivv7m.o)
    0x08000572   0x08000572   0x00000002   PAD
    0x08000574   0x08000574   0x0000003c   Code   RO         7194    .text               c_w.l(__0sscanf.o)
    0x080005b0   0x080005b0   0x0000014c   Code   RO         7196    .text               c_w.l(_scanf_int.o)
    0x080006fc   0x080006fc   0x000000e0   Code   RO         7198    .text               c_w.l(_scanf_str.o)
    0x080007dc   0x080007dc   0x00000096   Code   RO         7200    .text               c_w.l(strncmp.o)
    0x08000872   0x08000872   0x0000008a   Code   RO         7202    .text               c_w.l(rt_memcpy_v6.o)
    0x080008fc   0x080008fc   0x00000064   Code   RO         7204    .text               c_w.l(rt_memcpy_w.o)
    0x08000960   0x08000960   0x00000010   Code   RO         7208    .text               c_w.l(aeabi_memset.o)
    0x08000970   0x08000970   0x00000044   Code   RO         7210    .text               c_w.l(rt_memclr.o)
    0x080009b4   0x080009b4   0x0000004e   Code   RO         7212    .text               c_w.l(rt_memclr_w.o)
    0x08000a02   0x08000a02   0x00000006   Code   RO         7214    .text               c_w.l(heapauxi.o)
    0x08000a08   0x08000a08   0x0000001c   Code   RO         7263    .text               c_w.l(_chval.o)
    0x08000a24   0x08000a24   0x0000002c   Code   RO         7265    .text               c_w.l(scanf_char.o)
    0x08000a50   0x08000a50   0x00000040   Code   RO         7267    .text               c_w.l(_sgetc.o)
    0x08000a90   0x08000a90   0x00000012   Code   RO         7325    .text               c_w.l(isspace.o)
    0x08000aa2   0x08000aa2   0x00000002   PAD
    0x08000aa4   0x08000aa4   0x00000374   Code   RO         7327    .text               c_w.l(_scanf.o)
    0x08000e18   0x08000e18   0x00000008   Code   RO         7339    .text               c_w.l(libspace.o)
    0x08000e20   0x08000e20   0x0000004a   Code   RO         7342    .text               c_w.l(sys_stackheap_outer.o)
    0x08000e6a   0x08000e6a   0x00000002   PAD
    0x08000e6c   0x08000e6c   0x00000010   Code   RO         7344    .text               c_w.l(rt_ctype_table.o)
    0x08000e7c   0x08000e7c   0x00000012   Code   RO         7346    .text               c_w.l(exit.o)
    0x08000e8e   0x08000e8e   0x00000002   PAD
    0x08000e90   0x08000e90   0x00000008   Code   RO         7365    .text               c_w.l(rt_locale_intlibspace.o)
    0x08000e98   0x08000e98   0x0000000c   Code   RO         7419    .text               c_w.l(sys_exit.o)
    0x08000ea4   0x08000ea4   0x00000068   Code   RO         7432    .text               c_w.l(strcmpv7m_pel.o)
    0x08000f0c   0x08000f0c   0x00000002   Code   RO         7440    .text               c_w.l(use_no_semi.o)
    0x08000f0e   0x08000f0e   0x00000000   Code   RO         7442    .text               c_w.l(indicate_semi.o)
    0x08000f0e   0x08000f0e   0x00000002   Code   RO          418    i.BusFault_Handler  stm32h7xx_it.o
    0x08000f10   0x08000f10   0x0000000c   Code   RO          419    i.DMA1_Stream0_IRQHandler  stm32h7xx_it.o
    0x08000f1c   0x08000f1c   0x0000000c   Code   RO          420    i.DMA1_Stream1_IRQHandler  stm32h7xx_it.o
    0x08000f28   0x08000f28   0x000000b4   Code   RO         2367    i.DMA_CalcBaseAndBitshift  stm32h7xx_hal_dma.o
    0x08000fdc   0x08000fdc   0x0000009c   Code   RO         2368    i.DMA_CalcDMAMUXChannelBaseAndMask  stm32h7xx_hal_dma.o
    0x08001078   0x08001078   0x00000074   Code   RO         2369    i.DMA_CalcDMAMUXRequestGenBaseAndMask  stm32h7xx_hal_dma.o
    0x080010ec   0x080010ec   0x00000054   Code   RO         2370    i.DMA_CheckFifoParam  stm32h7xx_hal_dma.o
    0x08001140   0x08001140   0x00000220   Code   RO         2371    i.DMA_SetConfig     stm32h7xx_hal_dma.o
    0x08001360   0x08001360   0x00000002   Code   RO          421    i.DebugMon_Handler  stm32h7xx_it.o
    0x08001362   0x08001362   0x00000004   Code   RO           13    i.Error_Handler     main.o
    0x08001366   0x08001366   0x00000002   PAD
    0x08001368   0x08001368   0x0000001c   Code   RO         5164    i.ExitRun0Mode      system_stm32h7xx.o
    0x08001384   0x08001384   0x0000000c   Code   RO          422    i.FDCAN1_IT0_IRQHandler  stm32h7xx_it.o
    0x08001390   0x08001390   0x0000000c   Code   RO          423    i.FDCAN1_IT1_IRQHandler  stm32h7xx_it.o
    0x0800139c   0x0800139c   0x000001c8   Code   RO         4008    i.FDCAN_CalcultateRamBlockAddresses  stm32h7xx_hal_fdcan.o
    0x08001564   0x08001564   0x0000006c   Code   RO         4009    i.FDCAN_CopyMessageToRAM  stm32h7xx_hal_fdcan.o
    0x080015d0   0x080015d0   0x0000003c   Code   RO         6965    i.FDCAN_Filter_init  canuser.o
    0x0800160c   0x0800160c   0x00000084   Code   RO         6966    i.FDCAN_SendStd     canuser.o
    0x08001690   0x08001690   0x000000a4   Code   RO         7009    i.GM6020_Rx         gm6020driver.o
    0x08001734   0x08001734   0x00000032   Code   RO         7010    i.GM6020_Voltage_Tx  gm6020driver.o
    0x08001766   0x08001766   0x00000002   PAD
    0x08001768   0x08001768   0x00000028   Code   RO         7011    i.GM6020data        gm6020driver.o
    0x08001790   0x08001790   0x00000360   Code   RO         2372    i.HAL_DMA_Abort     stm32h7xx_hal_dma.o
    0x08001af0   0x08001af0   0x00000284   Code   RO         2373    i.HAL_DMA_Abort_IT  stm32h7xx_hal_dma.o
    0x08001d74   0x08001d74   0x000006e8   Code   RO         2377    i.HAL_DMA_IRQHandler  stm32h7xx_hal_dma.o
    0x0800245c   0x0800245c   0x000003bc   Code   RO         2378    i.HAL_DMA_Init      stm32h7xx_hal_dma.o
    0x08002818   0x08002818   0x0000029c   Code   RO         2382    i.HAL_DMA_Start_IT  stm32h7xx_hal_dma.o
    0x08002ab4   0x08002ab4   0x00000088   Code   RO         4011    i.HAL_FDCAN_ActivateNotification  stm32h7xx_hal_fdcan.o
    0x08002b3c   0x08002b3c   0x00000066   Code   RO         4013    i.HAL_FDCAN_AddMessageToTxFifoQ  stm32h7xx_hal_fdcan.o
    0x08002ba2   0x08002ba2   0x00000002   Code   RO         4014    i.HAL_FDCAN_ClockCalibrationCallback  stm32h7xx_hal_fdcan.o
    0x08002ba4   0x08002ba4   0x0000007e   Code   RO         4018    i.HAL_FDCAN_ConfigFilter  stm32h7xx_hal_fdcan.o
    0x08002c22   0x08002c22   0x00000002   Code   RO         4040    i.HAL_FDCAN_ErrorCallback  stm32h7xx_hal_fdcan.o
    0x08002c24   0x08002c24   0x00000002   Code   RO         4041    i.HAL_FDCAN_ErrorStatusCallback  stm32h7xx_hal_fdcan.o
    0x08002c26   0x08002c26   0x00000002   PAD
    0x08002c28   0x08002c28   0x0000018c   Code   RO         4052    i.HAL_FDCAN_GetRxMessage  stm32h7xx_hal_fdcan.o
    0x08002db4   0x08002db4   0x00000002   Code   RO         4058    i.HAL_FDCAN_HighPriorityMessageCallback  stm32h7xx_hal_fdcan.o
    0x08002db6   0x08002db6   0x00000002   PAD
    0x08002db8   0x08002db8   0x00000320   Code   RO         4059    i.HAL_FDCAN_IRQHandler  stm32h7xx_hal_fdcan.o
    0x080030d8   0x080030d8   0x00000244   Code   RO         4060    i.HAL_FDCAN_Init    stm32h7xx_hal_fdcan.o
    0x0800331c   0x0800331c   0x000000ac   Code   RO          335    i.HAL_FDCAN_MspInit  fdcan.o
    0x080033c8   0x080033c8   0x00000002   Code   RO         4069    i.HAL_FDCAN_RxBufferNewMessageCallback  stm32h7xx_hal_fdcan.o
    0x080033ca   0x080033ca   0x00000002   PAD
    0x080033cc   0x080033cc   0x00000020   Code   RO         6967    i.HAL_FDCAN_RxFifo0Callback  canuser.o
    0x080033ec   0x080033ec   0x00000002   Code   RO         4071    i.HAL_FDCAN_RxFifo1Callback  stm32h7xx_hal_fdcan.o
    0x080033ee   0x080033ee   0x00000032   Code   RO         4072    i.HAL_FDCAN_Start   stm32h7xx_hal_fdcan.o
    0x08003420   0x08003420   0x00000002   Code   RO         4094    i.HAL_FDCAN_TT_GlobalTimeCallback  stm32h7xx_hal_fdcan.o
    0x08003422   0x08003422   0x00000002   Code   RO         4095    i.HAL_FDCAN_TT_ScheduleSyncCallback  stm32h7xx_hal_fdcan.o
    0x08003424   0x08003424   0x00000002   Code   RO         4100    i.HAL_FDCAN_TT_StopWatchCallback  stm32h7xx_hal_fdcan.o
    0x08003426   0x08003426   0x00000002   Code   RO         4101    i.HAL_FDCAN_TT_TimeMarkCallback  stm32h7xx_hal_fdcan.o
    0x08003428   0x08003428   0x00000002   Code   RO         4102    i.HAL_FDCAN_TimeoutOccurredCallback  stm32h7xx_hal_fdcan.o
    0x0800342a   0x0800342a   0x00000002   Code   RO         4103    i.HAL_FDCAN_TimestampWraparoundCallback  stm32h7xx_hal_fdcan.o
    0x0800342c   0x0800342c   0x00000002   Code   RO         4104    i.HAL_FDCAN_TxBufferAbortCallback  stm32h7xx_hal_fdcan.o
    0x0800342e   0x0800342e   0x00000002   Code   RO         4105    i.HAL_FDCAN_TxBufferCompleteCallback  stm32h7xx_hal_fdcan.o
    0x08003430   0x08003430   0x00000002   Code   RO         4106    i.HAL_FDCAN_TxEventFifoCallback  stm32h7xx_hal_fdcan.o
    0x08003432   0x08003432   0x00000002   Code   RO         4107    i.HAL_FDCAN_TxFifoEmptyCallback  stm32h7xx_hal_fdcan.o
    0x08003434   0x08003434   0x0000021c   Code   RO         2220    i.HAL_GPIO_Init     stm32h7xx_hal_gpio.o
    0x08003650   0x08003650   0x0000000c   Code   RO         3085    i.HAL_GetTick       stm32h7xx_hal.o
    0x0800365c   0x0800365c   0x00000010   Code   RO         3091    i.HAL_IncTick       stm32h7xx_hal.o
    0x0800366c   0x0800366c   0x0000005c   Code   RO         3092    i.HAL_Init          stm32h7xx_hal.o
    0x080036c8   0x080036c8   0x00000084   Code   RO          536    i.HAL_InitTick      stm32h7xx_hal_timebase_tim.o
    0x0800374c   0x0800374c   0x00000024   Code   RO          512    i.HAL_MspInit       stm32h7xx_hal_msp.o
    0x08003770   0x08003770   0x0000001a   Code   RO         1602    i.HAL_NVIC_EnableIRQ  stm32h7xx_hal_cortex.o
    0x0800378a   0x0800378a   0x00000002   PAD
    0x0800378c   0x0800378c   0x00000040   Code   RO         1608    i.HAL_NVIC_SetPriority  stm32h7xx_hal_cortex.o
    0x080037cc   0x080037cc   0x00000024   Code   RO         1609    i.HAL_NVIC_SetPriorityGrouping  stm32h7xx_hal_cortex.o
    0x080037f0   0x080037f0   0x00000054   Code   RO         2821    i.HAL_PWREx_ConfigSupply  stm32h7xx_hal_pwr_ex.o
    0x08003844   0x08003844   0x00000024   Code   RO         1863    i.HAL_RCCEx_GetD3PCLK1Freq  stm32h7xx_hal_rcc_ex.o
    0x08003868   0x08003868   0x00000144   Code   RO         1865    i.HAL_RCCEx_GetPLL2ClockFreq  stm32h7xx_hal_rcc_ex.o
    0x080039ac   0x080039ac   0x00000144   Code   RO         1866    i.HAL_RCCEx_GetPLL3ClockFreq  stm32h7xx_hal_rcc_ex.o
    0x08003af0   0x08003af0   0x0000093a   Code   RO         1872    i.HAL_RCCEx_PeriphCLKConfig  stm32h7xx_hal_rcc_ex.o
    0x0800442a   0x0800442a   0x00000002   PAD
    0x0800442c   0x0800442c   0x0000025c   Code   RO         1748    i.HAL_RCC_ClockConfig  stm32h7xx_hal_rcc.o
    0x08004688   0x08004688   0x0000005c   Code   RO         1752    i.HAL_RCC_GetClockConfig  stm32h7xx_hal_rcc.o
    0x080046e4   0x080046e4   0x00000044   Code   RO         1753    i.HAL_RCC_GetHCLKFreq  stm32h7xx_hal_rcc.o
    0x08004728   0x08004728   0x00000024   Code   RO         1755    i.HAL_RCC_GetPCLK1Freq  stm32h7xx_hal_rcc.o
    0x0800474c   0x0800474c   0x00000024   Code   RO         1756    i.HAL_RCC_GetPCLK2Freq  stm32h7xx_hal_rcc.o
    0x08004770   0x08004770   0x00000138   Code   RO         1757    i.HAL_RCC_GetSysClockFreq  stm32h7xx_hal_rcc.o
    0x080048a8   0x080048a8   0x00000526   Code   RO         1760    i.HAL_RCC_OscConfig  stm32h7xx_hal_rcc.o
    0x08004dce   0x08004dce   0x00000002   Code   RO         1291    i.HAL_TIMEx_Break2Callback  stm32h7xx_hal_tim_ex.o
    0x08004dd0   0x08004dd0   0x00000002   Code   RO         1292    i.HAL_TIMEx_BreakCallback  stm32h7xx_hal_tim_ex.o
    0x08004dd2   0x08004dd2   0x00000002   Code   RO         1293    i.HAL_TIMEx_CommutCallback  stm32h7xx_hal_tim_ex.o
    0x08004dd4   0x08004dd4   0x00000062   Code   RO          577    i.HAL_TIM_Base_Init  stm32h7xx_hal_tim.o
    0x08004e36   0x08004e36   0x00000002   Code   RO          579    i.HAL_TIM_Base_MspInit  stm32h7xx_hal_tim.o
    0x08004e38   0x08004e38   0x000000a0   Code   RO          582    i.HAL_TIM_Base_Start_IT  stm32h7xx_hal_tim.o
    0x08004ed8   0x08004ed8   0x00000002   Code   RO          611    i.HAL_TIM_IC_CaptureCallback  stm32h7xx_hal_tim.o
    0x08004eda   0x08004eda   0x00000148   Code   RO          625    i.HAL_TIM_IRQHandler  stm32h7xx_hal_tim.o
    0x08005022   0x08005022   0x00000002   Code   RO          628    i.HAL_TIM_OC_DelayElapsedCallback  stm32h7xx_hal_tim.o
    0x08005024   0x08005024   0x00000002   Code   RO          655    i.HAL_TIM_PWM_PulseFinishedCallback  stm32h7xx_hal_tim.o
    0x08005026   0x08005026   0x00000002   PAD
    0x08005028   0x08005028   0x00000014   Code   RO           14    i.HAL_TIM_PeriodElapsedCallback  main.o
    0x0800503c   0x0800503c   0x00000002   Code   RO          668    i.HAL_TIM_TriggerCallback  stm32h7xx_hal_tim.o
    0x0800503e   0x0800503e   0x00000040   Code   RO         5046    i.HAL_UARTEx_DisableFifoMode  stm32h7xx_hal_uart_ex.o
    0x0800507e   0x0800507e   0x0000004a   Code   RO         5052    i.HAL_UARTEx_ReceiveToIdle_DMA  stm32h7xx_hal_uart_ex.o
    0x080050c8   0x080050c8   0x00000030   Code   RO         7059    i.HAL_UARTEx_RxEventCallback  usartuser.o
    0x080050f8   0x080050f8   0x00000002   Code   RO         5054    i.HAL_UARTEx_RxFifoFullCallback  stm32h7xx_hal_uart_ex.o
    0x080050fa   0x080050fa   0x0000004c   Code   RO         5055    i.HAL_UARTEx_SetRxFifoThreshold  stm32h7xx_hal_uart_ex.o
    0x08005146   0x08005146   0x0000004c   Code   RO         5056    i.HAL_UARTEx_SetTxFifoThreshold  stm32h7xx_hal_uart_ex.o
    0x08005192   0x08005192   0x00000002   Code   RO         5058    i.HAL_UARTEx_TxFifoEmptyCallback  stm32h7xx_hal_uart_ex.o
    0x08005194   0x08005194   0x00000002   Code   RO         5059    i.HAL_UARTEx_WakeupCallback  stm32h7xx_hal_uart_ex.o
    0x08005196   0x08005196   0x00000002   Code   RO         4651    i.HAL_UART_ErrorCallback  stm32h7xx_hal_uart.o
    0x08005198   0x08005198   0x0000039c   Code   RO         4654    i.HAL_UART_IRQHandler  stm32h7xx_hal_uart.o
    0x08005534   0x08005534   0x0000006a   Code   RO         4655    i.HAL_UART_Init     stm32h7xx_hal_uart.o
    0x0800559e   0x0800559e   0x00000002   PAD
    0x080055a0   0x080055a0   0x000000fc   Code   RO          377    i.HAL_UART_MspInit  usart.o
    0x0800569c   0x0800569c   0x00000002   Code   RO         4662    i.HAL_UART_RxCpltCallback  stm32h7xx_hal_uart.o
    0x0800569e   0x0800569e   0x00000002   Code   RO         4663    i.HAL_UART_RxHalfCpltCallback  stm32h7xx_hal_uart.o
    0x080056a0   0x080056a0   0x00000090   Code   RO         4665    i.HAL_UART_Transmit_DMA  stm32h7xx_hal_uart.o
    0x08005730   0x08005730   0x00000002   Code   RO         4667    i.HAL_UART_TxCpltCallback  stm32h7xx_hal_uart.o
    0x08005732   0x08005732   0x00000002   Code   RO         4668    i.HAL_UART_TxHalfCpltCallback  stm32h7xx_hal_uart.o
    0x08005734   0x08005734   0x00000002   Code   RO          424    i.HardFault_Handler  stm32h7xx_it.o
    0x08005736   0x08005736   0x00000002   PAD
    0x08005738   0x08005738   0x0000003c   Code   RO          310    i.MX_DMA_Init       dma.o
    0x08005774   0x08005774   0x0000006c   Code   RO          336    i.MX_FDCAN1_Init    fdcan.o
    0x080057e0   0x080057e0   0x000000e0   Code   RO          244    i.MX_FREERTOS_Init  freertos.o
    0x080058c0   0x080058c0   0x0000004c   Code   RO          220    i.MX_GPIO_Init      gpio.o
    0x0800590c   0x0800590c   0x00000068   Code   RO          378    i.MX_USART1_UART_Init  usart.o
    0x08005974   0x08005974   0x00000002   Code   RO          425    i.MemManage_Handler  stm32h7xx_it.o
    0x08005976   0x08005976   0x00000002   Code   RO          426    i.NMI_Handler       stm32h7xx_it.o
    0x08005978   0x08005978   0x00000088   Code   RO         7102    i.PID_location      pid.o
    0x08005a00   0x08005a00   0x00000046   Code   RO         7103    i.PID_speed         pid.o
    0x08005a46   0x08005a46   0x00000002   PAD
    0x08005a48   0x08005a48   0x00000120   Code   RO         1875    i.RCCEx_PLL2_Config  stm32h7xx_hal_rcc_ex.o
    0x08005b68   0x08005b68   0x00000120   Code   RO         1876    i.RCCEx_PLL3_Config  stm32h7xx_hal_rcc_ex.o
    0x08005c88   0x08005c88   0x00000008   Code   RO          245    i.StartDefaultTask  freertos.o
    0x08005c90   0x08005c90   0x0000001a   Code   RO         6317    i.SysTick_Handler   cmsis_os2.o
    0x08005caa   0x08005caa   0x00000002   PAD
    0x08005cac   0x08005cac   0x00000098   Code   RO           15    i.SystemClock_Config  main.o
    0x08005d44   0x08005d44   0x000000d8   Code   RO         5166    i.SystemInit        system_stm32h7xx.o
    0x08005e1c   0x08005e1c   0x0000000c   Code   RO          427    i.TIM1_UP_IRQHandler  stm32h7xx_it.o
    0x08005e28   0x08005e28   0x000000e0   Code   RO          670    i.TIM_Base_SetConfig  stm32h7xx_hal_tim.o
    0x08005f08   0x08005f08   0x00000044   Code   RO         5060    i.UARTEx_SetNbDataToProcess  stm32h7xx_hal_uart_ex.o
    0x08005f4c   0x08005f4c   0x000000c8   Code   RO         4669    i.UART_AdvFeatureConfig  stm32h7xx_hal_uart.o
    0x08006014   0x08006014   0x000000aa   Code   RO         4670    i.UART_CheckIdleState  stm32h7xx_hal_uart.o
    0x080060be   0x080060be   0x00000010   Code   RO         4671    i.UART_DMAAbortOnError  stm32h7xx_hal_uart.o
    0x080060ce   0x080060ce   0x0000004e   Code   RO         4672    i.UART_DMAError     stm32h7xx_hal_uart.o
    0x0800611c   0x0800611c   0x00000082   Code   RO         4673    i.UART_DMAReceiveCplt  stm32h7xx_hal_uart.o
    0x0800619e   0x0800619e   0x00000020   Code   RO         4675    i.UART_DMARxHalfCplt  stm32h7xx_hal_uart.o
    0x080061be   0x080061be   0x00000040   Code   RO         4677    i.UART_DMATransmitCplt  stm32h7xx_hal_uart.o
    0x080061fe   0x080061fe   0x0000000a   Code   RO         4679    i.UART_DMATxHalfCplt  stm32h7xx_hal_uart.o
    0x08006208   0x08006208   0x00000054   Code   RO         4681    i.UART_EndRxTransfer  stm32h7xx_hal_uart.o
    0x0800625c   0x0800625c   0x0000002e   Code   RO         4682    i.UART_EndTxTransfer  stm32h7xx_hal_uart.o
    0x0800628a   0x0800628a   0x00000002   PAD
    0x0800628c   0x0800628c   0x000003dc   Code   RO         4687    i.UART_SetConfig    stm32h7xx_hal_uart.o
    0x08006668   0x08006668   0x000000a8   Code   RO         4688    i.UART_Start_Receive_DMA  stm32h7xx_hal_uart.o
    0x08006710   0x08006710   0x00000094   Code   RO         4694    i.UART_WaitOnFlagUntilTimeout  stm32h7xx_hal_uart.o
    0x080067a4   0x080067a4   0x0000000c   Code   RO          428    i.USART1_IRQHandler  stm32h7xx_it.o
    0x080067b0   0x080067b0   0x00000002   Code   RO          429    i.UsageFault_Handler  stm32h7xx_it.o
    0x080067b2   0x080067b2   0x00000022   Code   RO         1615    i.__NVIC_SetPriority  stm32h7xx_hal_cortex.o
    0x080067d4   0x080067d4   0x000000c8   Code   RO         7060    i.command           usartuser.o
    0x0800689c   0x0800689c   0x0000009c   Code   RO         7104    i.locationpidcontrol  pid.o
    0x08006938   0x08006938   0x00000026   Code   RO           16    i.main              main.o
    0x0800695e   0x0800695e   0x0000001c   Code   RO         6319    i.osDelay           cmsis_os2.o
    0x0800697a   0x0800697a   0x00000002   PAD
    0x0800697c   0x0800697c   0x00000024   Code   RO         6333    i.osKernelInitialize  cmsis_os2.o
    0x080069a0   0x080069a0   0x00000038   Code   RO         6336    i.osKernelStart     cmsis_os2.o
    0x080069d8   0x080069d8   0x00000090   Code   RO         6378    i.osThreadNew       cmsis_os2.o
    0x08006a68   0x08006a68   0x00000058   Code   RO         7105    i.pidinit           pid.o
    0x08006ac0   0x08006ac0   0x0000005c   Code   RO         5778    i.prvAddCurrentTaskToDelayedList  tasks.o
    0x08006b1c   0x08006b1c   0x000000d0   Code   RO         5779    i.prvAddNewTaskToReadyList  tasks.o
    0x08006bec   0x08006bec   0x00000058   Code   RO         6143    i.prvCheckForValidListAndQueue  timers.o
    0x08006c44   0x08006c44   0x00000026   Code   RO         5375    i.prvCopyDataFromQueue  queue.o
    0x08006c6a   0x08006c6a   0x0000006c   Code   RO         5376    i.prvCopyDataToQueue  queue.o
    0x08006cd6   0x08006cd6   0x00000034   Code   RO         5780    i.prvDeleteTCB      tasks.o
    0x08006d0a   0x08006d0a   0x00000002   PAD
    0x08006d0c   0x08006d0c   0x00000050   Code   RO         6830    i.prvHeapInit       heap_4.o
    0x08006d5c   0x08006d5c   0x00000060   Code   RO         5781    i.prvIdleTask       tasks.o
    0x08006dbc   0x08006dbc   0x00000022   Code   RO         5378    i.prvInitialiseNewQueue  queue.o
    0x08006dde   0x08006dde   0x000000b0   Code   RO         5782    i.prvInitialiseNewTask  tasks.o
    0x08006e8e   0x08006e8e   0x00000002   PAD
    0x08006e90   0x08006e90   0x0000004c   Code   RO         6831    i.prvInsertBlockIntoFreeList  heap_4.o
    0x08006edc   0x08006edc   0x0000003c   Code   RO         6145    i.prvInsertTimerInActiveList  timers.o
    0x08006f18   0x08006f18   0x0000001c   Code   RO         5379    i.prvIsQueueEmpty   queue.o
    0x08006f34   0x08006f34   0x000000f8   Code   RO         6146    i.prvProcessReceivedCommands  timers.o
    0x0800702c   0x0800702c   0x000000c0   Code   RO         6147    i.prvProcessTimerOrBlockTask  timers.o
    0x080070ec   0x080070ec   0x00000020   Code   RO         5784    i.prvResetNextTaskUnblockTime  tasks.o
    0x0800710c   0x0800710c   0x00000028   Code   RO         6148    i.prvSampleTimeNow  timers.o
    0x08007134   0x08007134   0x0000006c   Code   RO         6149    i.prvSwitchTimerLists  timers.o
    0x080071a0   0x080071a0   0x00000028   Code   RO         6886    i.prvTaskExitError  port.o
    0x080071c8   0x080071c8   0x00000024   Code   RO         6150    i.prvTimerTask      timers.o
    0x080071ec   0x080071ec   0x0000006a   Code   RO         5380    i.prvUnlockQueue    queue.o
    0x08007256   0x08007256   0x00000002   PAD
    0x08007258   0x08007258   0x000000dc   Code   RO         6832    i.pvPortMalloc      heap_4.o
    0x08007334   0x08007334   0x00000030   Code   RO         6887    i.pxPortInitialiseStack  port.o
    0x08007364   0x08007364   0x0000004c   Code   RO         7061    i.showGM6020data    usartuser.o
    0x080073b0   0x080073b0   0x00000026   Code   RO         5335    i.uxListRemove      list.o
    0x080073d6   0x080073d6   0x00000002   PAD
    0x080073d8   0x080073d8   0x00000018   Code   RO         6390    i.vApplicationGetIdleTaskMemory  cmsis_os2.o
    0x080073f0   0x080073f0   0x00000018   Code   RO         6391    i.vApplicationGetTimerTaskMemory  cmsis_os2.o
    0x08007408   0x08007408   0x00000016   Code   RO         5336    i.vListInitialise   list.o
    0x0800741e   0x0800741e   0x00000006   Code   RO         5337    i.vListInitialiseItem  list.o
    0x08007424   0x08007424   0x00000030   Code   RO         5338    i.vListInsert       list.o
    0x08007454   0x08007454   0x00000018   Code   RO         5339    i.vListInsertEnd    list.o
    0x0800746c   0x0800746c   0x00000040   Code   RO         6889    i.vPortEnterCritical  port.o
    0x080074ac   0x080074ac   0x00000028   Code   RO         6890    i.vPortExitCritical  port.o
    0x080074d4   0x080074d4   0x00000064   Code   RO         6833    i.vPortFree         heap_4.o
    0x08007538   0x08007538   0x00000024   Code   RO         6891    i.vPortSetupTimerInterrupt  port.o
    0x0800755c   0x0800755c   0x00000054   Code   RO         6892    i.vPortValidateInterruptPriority  port.o
    0x080075b0   0x080075b0   0x00000028   Code   RO         5386    i.vQueueAddToRegistry  queue.o
    0x080075d8   0x080075d8   0x00000044   Code   RO         5390    i.vQueueWaitForMessageRestricted  queue.o
    0x0800761c   0x0800761c   0x0000004c   Code   RO         5797    i.vTaskDelay        tasks.o
    0x08007668   0x08007668   0x00000010   Code   RO         5802    i.vTaskInternalSetTimeOutState  tasks.o
    0x08007678   0x08007678   0x0000000c   Code   RO         5803    i.vTaskMissedYield  tasks.o
    0x08007684   0x08007684   0x00000030   Code   RO         5805    i.vTaskPlaceOnEventList  tasks.o
    0x080076b4   0x080076b4   0x00000038   Code   RO         5806    i.vTaskPlaceOnEventListRestricted  tasks.o
    0x080076ec   0x080076ec   0x00000088   Code   RO         5814    i.vTaskStartScheduler  tasks.o
    0x08007774   0x08007774   0x00000010   Code   RO         5816    i.vTaskSuspendAll   tasks.o
    0x08007784   0x08007784   0x00000064   Code   RO         5817    i.vTaskSwitchContext  tasks.o
    0x080077e8   0x080077e8   0x000000f4   Code   RO         6893    i.xPortStartScheduler  port.o
    0x080078dc   0x080078dc   0x0000002c   Code   RO         6894    i.xPortSysTickHandler  port.o
    0x08007908   0x08007908   0x00000066   Code   RO         5396    i.xQueueGenericCreateStatic  queue.o
    0x0800796e   0x0800796e   0x00000002   PAD
    0x08007970   0x08007970   0x00000094   Code   RO         5397    i.xQueueGenericReset  queue.o
    0x08007a04   0x08007a04   0x00000160   Code   RO         5398    i.xQueueGenericSend  queue.o
    0x08007b64   0x08007b64   0x000000be   Code   RO         5399    i.xQueueGenericSendFromISR  queue.o
    0x08007c22   0x08007c22   0x00000002   PAD
    0x08007c24   0x08007c24   0x0000013c   Code   RO         5408    i.xQueueReceive     queue.o
    0x08007d60   0x08007d60   0x00000078   Code   RO         5819    i.xTaskCheckForTimeOut  tasks.o
    0x08007dd8   0x08007dd8   0x0000005a   Code   RO         5820    i.xTaskCreate       tasks.o
    0x08007e32   0x08007e32   0x00000056   Code   RO         5821    i.xTaskCreateStatic  tasks.o
    0x08007e88   0x08007e88   0x0000001c   Code   RO         5825    i.xTaskGetSchedulerState  tasks.o
    0x08007ea4   0x08007ea4   0x0000000c   Code   RO         5826    i.xTaskGetTickCount  tasks.o
    0x08007eb0   0x08007eb0   0x000000c8   Code   RO         5828    i.xTaskIncrementTick  tasks.o
    0x08007f78   0x08007f78   0x0000007c   Code   RO         5831    i.xTaskPriorityDisinherit  tasks.o
    0x08007ff4   0x08007ff4   0x00000070   Code   RO         5833    i.xTaskRemoveFromEventList  tasks.o
    0x08008064   0x08008064   0x000000c4   Code   RO         5834    i.xTaskResumeAll    tasks.o
    0x08008128   0x08008128   0x00000060   Code   RO         6159    i.xTimerCreateTimerTask  timers.o
    0x08008188   0x08008188   0x00000068   Code   RO         6160    i.xTimerGenericCommand  timers.o
    0x080081f0   0x080081f0   0x0000002c   Code   RO         7368    locale$$code        c_w.l(lc_ctype_c.o)
    0x0800821c   0x0800821c   0x0000000a   Code   RO         7436    x$fpl$fpinit        fz_wv.l(fpinit.o)
    0x08008226   0x08008226   0x00000002   PAD
    0x08008228   0x08008228   0x000000b4   Data   RO          246    .constdata          freertos.o
    0x080082dc   0x080082dc   0x00000008   Data   RO         2384    .constdata          stm32h7xx_hal_dma.o
    0x080082e4   0x080082e4   0x0000005c   Data   RO         4108    .constdata          stm32h7xx_hal_fdcan.o
    0x08008340   0x08008340   0x00000018   Data   RO         4695    .constdata          stm32h7xx_hal_uart.o
    0x08008358   0x08008358   0x00000010   Data   RO         5061    .constdata          stm32h7xx_hal_uart_ex.o
    0x08008368   0x08008368   0x00000010   Data   RO         5167    .constdata          system_stm32h7xx.o
    0x08008378   0x08008378   0x00000037   Data   RO          247    .conststring        freertos.o
    0x080083af   0x080083af   0x00000001   PAD
    0x080083b0   0x080083b0   0x00000020   Data   RO         7492    Region$$Table       anon$$obj.o
    0x080083d0   0x080083d0   0x00000110   Data   RO         7367    locale$$data        c_w.l(lc_ctype_c.o)


    Execution Region RW_IRAM1 (Exec base: 0x20000000, Load base: 0x080084e0, Size: 0x00000000, Max: 0x00020000, ABSOLUTE)

    **** No section assigned to this execution region ****


    Execution Region RW_IRAM2 (Exec base: 0x24000000, Load base: 0x080084e0, Size: 0x000055f0, Max: 0x00050000, ABSOLUTE)

    Exec Addr    Load Addr    Size         Type   Attr      Idx    E Section Name        Object

    0x24000000   0x080084e0   0x00000014   Data   RW          248    .data               freertos.o
    0x24000014   0x080084f4   0x0000000c   Data   RW         3116    .data               stm32h7xx_hal.o
    0x24000020   0x08008500   0x00000008   Data   RW         5168    .data               system_stm32h7xx.o
    0x24000028   0x08008508   0x0000003c   Data   RW         5837    .data               tasks.o
    0x24000064   0x08008544   0x00000014   Data   RW         6168    .data               timers.o
    0x24000078   0x08008558   0x00000004   Data   RW         6393    .data               cmsis_os2.o
    0x2400007c   0x0800855c   0x00000020   Data   RW         6839    .data               heap_4.o
    0x2400009c   0x0800857c   0x0000000c   Data   RW         6895    .data               port.o
    0x240000a8   0x08008588   0x00000009   Data   RW         6969    .data               canuser.o
    0x240000b1   0x08008591   0x00000003   PAD
    0x240000b4   0x08008594   0x00000008   Data   RW         7015    .data               gm6020driver.o
    0x240000bc   0x0800859c   0x00000001   Data   RW         7063    .data               usartuser.o
    0x240000bd   0x0800859d   0x00000003   PAD
    0x240000c0        -       0x000000a0   Zero   RW          337    .bss                fdcan.o
    0x24000160        -       0x00000184   Zero   RW          379    .bss                usart.o
    0x240002e4        -       0x0000004c   Zero   RW          539    .bss                stm32h7xx_hal_timebase_tim.o
    0x24000330        -       0x00000040   Zero   RW         5412    .bss                queue.o
    0x24000370        -       0x000004c4   Zero   RW         5836    .bss                tasks.o
    0x24000834        -       0x00000118   Zero   RW         6167    .bss                timers.o
    0x2400094c        -       0x000006b8   Zero   RW         6392    .bss                cmsis_os2.o
    0x24001004        -       0x00003c00   Zero   RW         6838    .bss                heap_4.o
    0x24004c04        -       0x00000028   Zero   RW         6968    .bss                canuser.o
    0x24004c2c        -       0x00000080   Zero   RW         7012    .bss                gm6020driver.o
    0x24004cac        -       0x00000040   Zero   RW         7062    .bss                usartuser.o
    0x24004cec        -       0x000002a0   Zero   RW         7107    .bss                pid.o
    0x24004f8c        -       0x00000060   Zero   RW         7340    .bss                c_w.l(libspace.o)
    0x24004fec   0x0800859d   0x00000004   PAD
    0x24004ff0        -       0x00000200   Zero   RW            2    HEAP                startup_stm32h723xx.o
    0x240051f0        -       0x00000400   Zero   RW            1    STACK               startup_stm32h723xx.o


==============================================================================

Image component sizes


      Code (inc. data)   RO Data    RW Data    ZI Data      Debug   Object Name

       224         20          0          9         40       2510   canuser.o
       338         22          0          4       1720      70707   cmsis_os2.o
        60          4          0          0          0        750   dma.o
         0          0          0          0          0      19364   event_groups.o
       280         22          0          0        160       1763   fdcan.o
       232         40        235         20          0       2066   freertos.o
       254         34          0          8        128       2861   gm6020driver.o
        76          6          0          0          0        823   gpio.o
       476         24          0         32      15360       4771   heap_4.o
       138          0          0          0          0       3454   list.o
       214         12          0          0          0    1235756   main.o
       450         60          0          0        672       3176   pid.o
       790         84          0         12          0      11337   port.o
      1530         22          0          0         64      17232   queue.o
        72         30        716          0       1536        832   startup_stm32h723xx.o
       120         28          0         12          0      22194   stm32h7xx_hal.o
       160         12          0          0          0      38742   stm32h7xx_hal_cortex.o
      5980        242          8          0          0      11754   stm32h7xx_hal_dma.o
      2786         48         92          0          0      21037   stm32h7xx_hal_fdcan.o
       540         44          0          0          0       1512   stm32h7xx_hal_gpio.o
        36          4          0          0          0        794   stm32h7xx_hal_msp.o
        84          6          0          0          0        773   stm32h7xx_hal_pwr_ex.o
      2466        110          0          0          0       7601   stm32h7xx_hal_rcc.o
      3622        112          0          0          0       7597   stm32h7xx_hal_rcc_ex.o
       820         84          0          0          0       7408   stm32h7xx_hal_tim.o
         6          0          0          0          0       2164   stm32h7xx_hal_tim_ex.o
       132         22          0          0         76       1411   stm32h7xx_hal_timebase_tim.o
      3318        172         24          0          0      36286   stm32h7xx_hal_uart.o
       364          6         16          0          0       6161   stm32h7xx_hal_uart_ex.o
        84         36          0          0          0       5442   stm32h7xx_it.o
         0          0          0          0          0        384   stream_buffer.o
       244         38         16          8          0       1813   system_stm32h7xx.o
      2084        162          0         60       1220      26504   tasks.o
       972         84          0         20        280      31815   timers.o
       356         32          0          0        388       1960   usart.o
       324         84          0          1         64       2343   usartuser.o

    ----------------------------------------------------------------------
     29674       1706       1140        192      21708    1613097   Object Totals
         0          0         32          0          0          0   (incl. Generated)
        42          0          1          6          0          0   (incl. Padding)

    ----------------------------------------------------------------------

      Code (inc. data)   RO Data    RW Data    ZI Data      Debug   Library Member Name

        60          8          0          0          0         84   __0sscanf.o
         8          0          0          0          0         68   __main.o
         0          0          0          0          0          0   __rtentry.o
        12          0          0          0          0          0   __rtentry2.o
         6          0          0          0          0          0   __rtentry4.o
        52          8          0          0          0          0   __scatter.o
        26          0          0          0          0          0   __scatter_copy.o
        28          0          0          0          0          0   __scatter_zi.o
        28          0          0          0          0         68   _chval.o
       884          6          0          0          0        100   _scanf.o
       332          0          0          0          0         96   _scanf_int.o
       224          0          0          0          0         96   _scanf_str.o
        64          0          0          0          0         84   _sgetc.o
        16          0          0          0          0         68   aeabi_memset.o
        18          0          0          0          0         80   exit.o
         6          0          0          0          0        152   heapauxi.o
         0          0          0          0          0          0   indicate_semi.o
        18          0          0          0          0         76   isspace.o
        44         10        272          0          0         76   lc_ctype_c.o
         2          0          0          0          0          0   libinit.o
        24          0          0          0          0          0   libinit2.o
         2          0          0          0          0          0   libshutdown.o
         2          0          0          0          0          0   libshutdown2.o
         8          4          0          0         96         68   libspace.o
       238          0          0          0          0        100   lludivv7m.o
        16          4          0          0          0         76   rt_ctype_table.o
         8          4          0          0          0         68   rt_locale_intlibspace.o
        68          0          0          0          0         68   rt_memclr.o
        78          0          0          0          0         80   rt_memclr_w.o
       138          0          0          0          0         68   rt_memcpy_v6.o
       100          0          0          0          0         80   rt_memcpy_w.o
         2          0          0          0          0          0   rtexit.o
        10          0          0          0          0          0   rtexit2.o
        44          8          0          0          0         84   scanf_char.o
       104          0          0          0          0         68   strcmpv7m_pel.o
       150          0          0          0          0         80   strncmp.o
        12          4          0          0          0         68   sys_exit.o
        74          0          0          0          0         80   sys_stackheap_outer.o
         2          0          0          0          0         68   use_no_semi.o
        10          0          0          0          0        116   fpinit.o

    ----------------------------------------------------------------------
      2930         56        272          0        100       2220   Library Totals
        12          0          0          0          4          0   (incl. Padding)

    ----------------------------------------------------------------------

      Code (inc. data)   RO Data    RW Data    ZI Data      Debug   Library Name

      2908         56        272          0         96       2104   c_w.l
        10          0          0          0          0        116   fz_wv.l

    ----------------------------------------------------------------------
      2930         56        272          0        100       2220   Library Totals

    ----------------------------------------------------------------------

==============================================================================


      Code (inc. data)   RO Data    RW Data    ZI Data      Debug   

     32604       1762       1412        192      21808    1594873   Grand Totals
     32604       1762       1412        192      21808    1594873   ELF Image Totals
     32604       1762       1412        192          0          0   ROM Totals

==============================================================================

    Total RO  Size (Code + RO Data)                34016 (  33.22kB)
    Total RW  Size (RW Data + ZI Data)             22000 (  21.48kB)
    Total ROM Size (Code + RO Data + RW Data)      34208 (  33.41kB)

==============================================================================

