Component: ARM Compiler 5.06 update 5 (build 528) Tool: armlink [4d35e2]

==============================================================================

Section Cross References

    startup_stm32h723xx.o(STACK) refers (Special) to heapauxi.o(.text) for __use_two_region_memory
    startup_stm32h723xx.o(HEAP) refers (Special) to heapauxi.o(.text) for __use_two_region_memory
    startup_stm32h723xx.o(RESET) refers (Special) to heapauxi.o(.text) for __use_two_region_memory
    startup_stm32h723xx.o(RESET) refers to startup_stm32h723xx.o(STACK) for __initial_sp
    startup_stm32h723xx.o(RESET) refers to startup_stm32h723xx.o(.text) for Reset_Handler
    startup_stm32h723xx.o(RESET) refers to stm32h7xx_it.o(i.NMI_Handler) for NMI_Handler
    startup_stm32h723xx.o(RESET) refers to stm32h7xx_it.o(i.HardFault_Handler) for HardFault_Handler
    startup_stm32h723xx.o(RESET) refers to stm32h7xx_it.o(i.MemManage_Handler) for MemManage_Handler
    startup_stm32h723xx.o(RESET) refers to stm32h7xx_it.o(i.BusFault_Handler) for BusFault_Handler
    startup_stm32h723xx.o(RESET) refers to stm32h7xx_it.o(i.UsageFault_Handler) for UsageFault_Handler
    startup_stm32h723xx.o(RESET) refers to port.o(.emb_text) for SVC_Handler
    startup_stm32h723xx.o(RESET) refers to stm32h7xx_it.o(i.DebugMon_Handler) for DebugMon_Handler
    startup_stm32h723xx.o(RESET) refers to cmsis_os2.o(i.SysTick_Handler) for SysTick_Handler
    startup_stm32h723xx.o(RESET) refers to stm32h7xx_it.o(i.DMA1_Stream0_IRQHandler) for DMA1_Stream0_IRQHandler
    startup_stm32h723xx.o(RESET) refers to stm32h7xx_it.o(i.DMA1_Stream1_IRQHandler) for DMA1_Stream1_IRQHandler
    startup_stm32h723xx.o(RESET) refers to stm32h7xx_it.o(i.DMA1_Stream2_IRQHandler) for DMA1_Stream2_IRQHandler
    startup_stm32h723xx.o(RESET) refers to stm32h7xx_it.o(i.DMA1_Stream3_IRQHandler) for DMA1_Stream3_IRQHandler
    startup_stm32h723xx.o(RESET) refers to stm32h7xx_it.o(i.FDCAN1_IT0_IRQHandler) for FDCAN1_IT0_IRQHandler
    startup_stm32h723xx.o(RESET) refers to stm32h7xx_it.o(i.FDCAN1_IT1_IRQHandler) for FDCAN1_IT1_IRQHandler
    startup_stm32h723xx.o(RESET) refers to stm32h7xx_it.o(i.TIM1_UP_IRQHandler) for TIM1_UP_IRQHandler
    startup_stm32h723xx.o(RESET) refers to stm32h7xx_it.o(i.TIM2_IRQHandler) for TIM2_IRQHandler
    startup_stm32h723xx.o(RESET) refers to stm32h7xx_it.o(i.USART1_IRQHandler) for USART1_IRQHandler
    startup_stm32h723xx.o(RESET) refers to stm32h7xx_it.o(i.USART3_IRQHandler) for USART3_IRQHandler
    startup_stm32h723xx.o(RESET) refers to stm32h7xx_it.o(i.OTG_HS_IRQHandler) for OTG_HS_IRQHandler
    startup_stm32h723xx.o(.text) refers (Special) to heapauxi.o(.text) for __use_two_region_memory
    startup_stm32h723xx.o(.text) refers to system_stm32h7xx.o(i.ExitRun0Mode) for ExitRun0Mode
    startup_stm32h723xx.o(.text) refers to system_stm32h7xx.o(i.SystemInit) for SystemInit
    startup_stm32h723xx.o(.text) refers to __main.o(!!!main) for __main
    startup_stm32h723xx.o(.text) refers to startup_stm32h723xx.o(HEAP) for Heap_Mem
    startup_stm32h723xx.o(.text) refers to startup_stm32h723xx.o(STACK) for Stack_Mem
    main.o(i.SystemClock_Config) refers to rt_memclr_w.o(.text) for __aeabi_memclr4
    main.o(i.SystemClock_Config) refers to stm32h7xx_hal_pwr_ex.o(i.HAL_PWREx_ConfigSupply) for HAL_PWREx_ConfigSupply
    main.o(i.SystemClock_Config) refers to stm32h7xx_hal_rcc.o(i.HAL_RCC_OscConfig) for HAL_RCC_OscConfig
    main.o(i.SystemClock_Config) refers to stm32h7xx_hal_rcc.o(i.HAL_RCC_ClockConfig) for HAL_RCC_ClockConfig
    main.o(i.main) refers to stm32h7xx_hal.o(i.HAL_Init) for HAL_Init
    main.o(i.main) refers to main.o(i.SystemClock_Config) for SystemClock_Config
    main.o(i.main) refers to gpio.o(i.MX_GPIO_Init) for MX_GPIO_Init
    main.o(i.main) refers to dma.o(i.MX_DMA_Init) for MX_DMA_Init
    main.o(i.main) refers to fdcan.o(i.MX_FDCAN1_Init) for MX_FDCAN1_Init
    main.o(i.main) refers to usart.o(i.MX_USART1_UART_Init) for MX_USART1_UART_Init
    main.o(i.main) refers to usart.o(i.MX_USART3_UART_Init) for MX_USART3_UART_Init
    main.o(i.main) refers to tim.o(i.MX_TIM2_Init) for MX_TIM2_Init
    main.o(i.main) refers to cmsis_os2.o(i.osKernelInitialize) for osKernelInitialize
    main.o(i.main) refers to freertos.o(i.MX_FREERTOS_Init) for MX_FREERTOS_Init
    main.o(i.main) refers to cmsis_os2.o(i.osKernelStart) for osKernelStart
    freertos.o(i.MX_FREERTOS_Init) refers to canuser.o(i.FDCAN_Filter_init) for FDCAN_Filter_init
    freertos.o(i.MX_FREERTOS_Init) refers to stm32h7xx_hal_fdcan.o(i.HAL_FDCAN_ActivateNotification) for HAL_FDCAN_ActivateNotification
    freertos.o(i.MX_FREERTOS_Init) refers to stm32h7xx_hal_fdcan.o(i.HAL_FDCAN_Start) for HAL_FDCAN_Start
    freertos.o(i.MX_FREERTOS_Init) refers to stm32h7xx_hal_uart_ex.o(i.HAL_UARTEx_ReceiveToIdle_DMA) for HAL_UARTEx_ReceiveToIdle_DMA
    freertos.o(i.MX_FREERTOS_Init) refers to pid.o(i.pidinit) for pidinit
[...]
    TIM_Base_SetConfig                       0x0800759d   Thumb Code   182  stm32h7xx_hal_tim.o(i.TIM_Base_SetConfig)
    TIM_ETR_SetConfig                        0x0800767d   Thumb Code    18  stm32h7xx_hal_tim.o(i.TIM_ETR_SetConfig)
    UART_AdvFeatureConfig                    0x08007731   Thumb Code   200  stm32h7xx_hal_uart.o(i.UART_AdvFeatureConfig)
    UART_CheckIdleState                      0x080077f9   Thumb Code   170  stm32h7xx_hal_uart.o(i.UART_CheckIdleState)
    UART_SetConfig                           0x08007a71   Thumb Code   914  stm32h7xx_hal_uart.o(i.UART_SetConfig)
    UART_Start_Receive_DMA                   0x08007e4d   Thumb Code   156  stm32h7xx_hal_uart.o(i.UART_Start_Receive_DMA)
    UART_WaitOnFlagUntilTimeout              0x08007ef5   Thumb Code   148  stm32h7xx_hal_uart.o(i.UART_WaitOnFlagUntilTimeout)
    USART1_IRQHandler                        0x08007f89   Thumb Code     6  stm32h7xx_it.o(i.USART1_IRQHandler)
    USART3_IRQHandler                        0x08007f95   Thumb Code     6  stm32h7xx_it.o(i.USART3_IRQHandler)
    USBH_AllocPipe                           0x08007fa1   Thumb Code    64  usbh_pipes.o(i.USBH_AllocPipe)
    USBH_BulkReceiveData                     0x08007fe1   Thumb Code    32  usbh_ioreq.o(i.USBH_BulkReceiveData)
    USBH_BulkSendData                        0x08008001   Thumb Code    40  usbh_ioreq.o(i.USBH_BulkSendData)
    USBH_CDC_LineCodingChanged               0x080081fd   Thumb Code     2  usbh_cdc.o(i.USBH_CDC_LineCodingChanged)
    USBH_CDC_Receive                         0x080082c1   Thumb Code    52  usbh_cdc.o(i.USBH_CDC_Receive)
    USBH_CDC_ReceiveCallback                 0x080082f5   Thumb Code     2  usbh_cdc.o(i.USBH_CDC_ReceiveCallback)
    USBH_CDC_Transmit                        0x080082fb   Thumb Code    54  usbh_cdc.o(i.USBH_CDC_Transmit)
    USBH_CDC_TransmitCallback                0x08008331   Thumb Code     2  usbh_cdc.o(i.USBH_CDC_TransmitCallback)
    USBH_ClosePipe                           0x08008333   Thumb Code    10  usbh_pipes.o(i.USBH_ClosePipe)
    USBH_ClrFeature                          0x0800833d   Thumb Code    34  usbh_ctlreq.o(i.USBH_ClrFeature)
    USBH_CtlReceiveData                      0x0800835f   Thumb Code    30  usbh_ioreq.o(i.USBH_CtlReceiveData)
    USBH_CtlReq                              0x0800837d   Thumb Code    78  usbh_ctlreq.o(i.USBH_CtlReq)
    USBH_CtlSendData                         0x080083cb   Thumb Code    40  usbh_ioreq.o(i.USBH_CtlSendData)
    USBH_CtlSendSetup                        0x080083f3   Thumb Code    30  usbh_ioreq.o(i.USBH_CtlSendSetup)
    USBH_Delay                               0x08008411   Thumb Code     4  usbh_conf.o(i.USBH_Delay)
    USBH_FindInterface                       0x08008415   Thumb Code    64  usbh_core.o(i.USBH_FindInterface)
    USBH_FreePipe                            0x08008455   Thumb Code    28  usbh_pipes.o(i.USBH_FreePipe)
    USBH_GetDescriptor                       0x08008471   Thumb Code    52  usbh_ctlreq.o(i.USBH_GetDescriptor)
    USBH_GetNextDesc                         0x080084a5   Thumb Code    14  usbh_ctlreq.o(i.USBH_GetNextDesc)
    USBH_Get_CfgDesc                         0x080084b3   Thumb Code    54  usbh_ctlreq.o(i.USBH_Get_CfgDesc)
    USBH_Get_DevDesc                         0x080084e9   Thumb Code    54  usbh_ctlreq.o(i.USBH_Get_DevDesc)
    USBH_Get_StringDesc                      0x0800851f   Thumb Code    84  usbh_ctlreq.o(i.USBH_Get_StringDesc)
    USBH_Get_USB_Status                      0x08008573   Thumb Code    24  usbh_conf.o(i.USBH_Get_USB_Status)
    USBH_Init                                0x080088c1   Thumb Code   116  usbh_core.o(i.USBH_Init)
    USBH_LL_ClosePipe                        0x08008949   Thumb Code    22  usbh_conf.o(i.USBH_LL_ClosePipe)
    USBH_LL_Connect                          0x0800895f   Thumb Code    32  usbh_core.o(i.USBH_LL_Connect)
    USBH_LL_Disconnect                       0x0800897f   Thumb Code    58  usbh_core.o(i.USBH_LL_Disconnect)
    USBH_LL_DriverVBUS                       0x080089b9   Thumb Code    12  usbh_conf.o(i.USBH_LL_DriverVBUS)
    USBH_LL_GetLastXferSize                  0x080089c5   Thumb Code    12  usbh_conf.o(i.USBH_LL_GetLastXferSize)
    USBH_LL_GetSpeed                         0x080089d1   Thumb Code    38  usbh_conf.o(i.USBH_LL_GetSpeed)
    USBH_LL_GetURBState                      0x080089f7   Thumb Code    12  usbh_conf.o(i.USBH_LL_GetURBState)
    USBH_LL_IncTimer                         0x08008a03   Thumb Code    34  usbh_core.o(i.USBH_LL_IncTimer)
    USBH_LL_Init                             0x08008a25   Thumb Code    82  usbh_conf.o(i.USBH_LL_Init)
    USBH_LL_NotifyURBChange                  0x08008a81   Thumb Code    16  usbh_core.o(i.USBH_LL_NotifyURBChange)
    USBH_LL_OpenPipe                         0x08008a91   Thumb Code    32  usbh_conf.o(i.USBH_LL_OpenPipe)
    USBH_LL_PortDisabled                     0x08008ab1   Thumb Code    14  usbh_core.o(i.USBH_LL_PortDisabled)
    USBH_LL_PortEnabled                      0x08008abf   Thumb Code    14  usbh_core.o(i.USBH_LL_PortEnabled)
    USBH_LL_ResetPort                        0x08008acd   Thumb Code    22  usbh_conf.o(i.USBH_LL_ResetPort)
    USBH_LL_SetTimer                         0x08008ae3   Thumb Code    10  usbh_core.o(i.USBH_LL_SetTimer)
    USBH_LL_SetToggle                        0x08008aed   Thumb Code    34  usbh_conf.o(i.USBH_LL_SetToggle)
    USBH_LL_Start                            0x08008b0f   Thumb Code    22  usbh_conf.o(i.USBH_LL_Start)
    USBH_LL_Stop                             0x08008b25   Thumb Code    22  usbh_conf.o(i.USBH_LL_Stop)
    USBH_LL_SubmitURB                        0x08008b3b   Thumb Code    38  usbh_conf.o(i.USBH_LL_SubmitURB)
    USBH_OS_PutMessage                       0x08008b61   Thumb Code    56  usbh_core.o(i.USBH_OS_PutMessage)
    USBH_OpenPipe                            0x08008b99   Thumb Code    20  usbh_pipes.o(i.USBH_OpenPipe)
    USBH_Process                             0x08008e1b   Thumb Code   620  usbh_core.o(i.USBH_Process)
    USBH_RegisterClass                       0x080090b1   Thumb Code    44  usbh_core.o(i.USBH_RegisterClass)
    USBH_SelectInterface                     0x080090dd   Thumb Code    22  usbh_core.o(i.USBH_SelectInterface)
    USBH_SetAddress                          0x080090f3   Thumb Code    28  usbh_ctlreq.o(i.USBH_SetAddress)
    USBH_SetCfg                              0x0800910f   Thumb Code    28  usbh_ctlreq.o(i.USBH_SetCfg)
    USBH_SetFeature                          0x0800912b   Thumb Code    28  usbh_ctlreq.o(i.USBH_SetFeature)
    USBH_Start                               0x08009147   Thumb Code    20  usbh_core.o(i.USBH_Start)
    USB_CoreInit                             0x0800917d   Thumb Code   142  stm32h7xx_ll_usb.o(i.USB_CoreInit)
    USB_DisableGlobalInt                     0x08009251   Thumb Code    12  stm32h7xx_ll_usb.o(i.USB_DisableGlobalInt)
    USB_DoPing                               0x0800925d   Thumb Code    30  stm32h7xx_ll_usb.o(i.USB_DoPing)
    USB_DriveVbus                            0x08009281   Thumb Code    44  stm32h7xx_ll_usb.o(i.USB_DriveVbus)
    USB_EnableGlobalInt                      0x080092ad   Thumb Code    12  stm32h7xx_ll_usb.o(i.USB_EnableGlobalInt)
    USB_FlushRxFifo                          0x080092b9   Thumb Code    56  stm32h7xx_ll_usb.o(i.USB_FlushRxFifo)
    USB_FlushTxFifo                          0x080092f1   Thumb Code    60  stm32h7xx_ll_usb.o(i.USB_FlushTxFifo)
    USB_GetCurrentFrame                      0x0800932d   Thumb Code     8  stm32h7xx_ll_usb.o(i.USB_GetCurrentFrame)
    USB_GetHostSpeed                         0x08009335   Thumb Code    14  stm32h7xx_ll_usb.o(i.USB_GetHostSpeed)
    USB_GetMode                              0x08009343   Thumb Code     8  stm32h7xx_ll_usb.o(i.USB_GetMode)
    USB_HC_Halt                              0x0800934b   Thumb Code   214  stm32h7xx_ll_usb.o(i.USB_HC_Halt)
    USB_HC_Init                              0x08009421   Thumb Code   272  stm32h7xx_ll_usb.o(i.USB_HC_Init)
    USB_HC_ReadInterrupt                     0x08009531   Thumb Code     8  stm32h7xx_ll_usb.o(i.USB_HC_ReadInterrupt)
    USB_HC_StartXfer                         0x08009539   Thumb Code   590  stm32h7xx_ll_usb.o(i.USB_HC_StartXfer)
    USB_HostInit                             0x08009789   Thumb Code   164  stm32h7xx_ll_usb.o(i.USB_HostInit)
    USB_InitFSLSPClkSel                      0x08009839   Thumb Code    58  stm32h7xx_ll_usb.o(i.USB_InitFSLSPClkSel)
    USB_ReadChInterrupts                     0x08009873   Thumb Code    16  stm32h7xx_ll_usb.o(i.USB_ReadChInterrupts)
    USB_ReadInterrupts                       0x08009883   Thumb Code     8  stm32h7xx_ll_usb.o(i.USB_ReadInterrupts)
    USB_ReadPacket                           0x0800988b   Thumb Code    64  stm32h7xx_ll_usb.o(i.USB_ReadPacket)
    USB_ResetPort                            0x080098cb   Thumb Code    50  stm32h7xx_ll_usb.o(i.USB_ResetPort)
    USB_SetCurrentMode                       0x080098fd   Thumb Code    94  stm32h7xx_ll_usb.o(i.USB_SetCurrentMode)
    USB_StopHost                             0x0800995d   Thumb Code   142  stm32h7xx_ll_usb.o(i.USB_StopHost)
    USB_WritePacket                          0x080099ed   Thumb Code    40  stm32h7xx_ll_usb.o(i.USB_WritePacket)
    UsageFault_Handler                       0x08009a15   Thumb Code     2  stm32h7xx_it.o(i.UsageFault_Handler)
    __ARM_fpclassify                         0x08009a17   Thumb Code    48  fpclassify.o(i.__ARM_fpclassify)
    __hardfp_cos                             0x08009a69   Thumb Code   158  cos.o(i.__hardfp_cos)
    __hardfp_fmod                            0x08009b19   Thumb Code   246  fmod.o(i.__hardfp_fmod)
    __hardfp_log                             0x08009c19   Thumb Code   480  log.o(i.__hardfp_log)
    __hardfp_sin                             0x08009e59   Thumb Code   158  sin.o(i.__hardfp_sin)
    __ieee754_rem_pio2                       0x08009f09   Thumb Code   646  rred.o(i.__ieee754_rem_pio2)
    __kernel_cos                             0x0800a219   Thumb Code   182  cos_i.o(i.__kernel_cos)
    __kernel_poly                            0x0800a2f9   Thumb Code   112  poly.o(i.__kernel_poly)
    __kernel_sin                             0x0800a369   Thumb Code   144  sin_i.o(i.__kernel_sin)
    __mathlib_dbl_divzero                    0x0800a411   Thumb Code    14  dunder.o(i.__mathlib_dbl_divzero)
    __mathlib_dbl_infnan                     0x0800a431   Thumb Code     6  dunder.o(i.__mathlib_dbl_infnan)
    __mathlib_dbl_invalid                    0x0800a439   Thumb Code    10  dunder.o(i.__mathlib_dbl_invalid)
    __mathlib_dbl_underflow                  0x0800a451   Thumb Code    10  dunder.o(i.__mathlib_dbl_underflow)
    chassis_status_update                    0x0800a469   Thumb Code    14  chassiscontrol.o(i.chassis_status_update)
    command                                  0x0800a479   Thumb Code   134  usartuser.o(i.command)
    dmimu_init                               0x0800a541   Thumb Code   266  dmimudriver.o(i.dmimu_init)
    dmimu_update                             0x0800a651   Thumb Code   150  dmimudriver.o(i.dmimu_update)
    fabs                                     0x0800a6f1   Thumb Code    24  fabs.o(i.fabs)
    main                                     0x0800a709   Thumb Code    46  main.o(i.main)
    motor_data_update                        0x0800a739   Thumb Code    52  motordriver.o(i.motor_data_update)
    motor_status_allocate                    0x0800a779   Thumb Code    64  chassiscontrol.o(i.motor_status_allocate)
    osDelay                                  0x0800a7c5   Thumb Code    28  cmsis_os2.o(i.osDelay)
    osKernelInitialize                       0x0800a7e1   Thumb Code    32  cmsis_os2.o(i.osKernelInitialize)
    osKernelStart                            0x0800a805   Thumb Code    48  cmsis_os2.o(i.osKernelStart)
    osMessageQueueGet                        0x0800a83d   Thumb Code    96  cmsis_os2.o(i.osMessageQueueGet)
    osMessageQueueGetSpace                   0x0800a8a1   Thumb Code    44  cmsis_os2.o(i.osMessageQueueGetSpace)
    osMessageQueueNew                        0x0800a8cd   Thumb Code    88  cmsis_os2.o(i.osMessageQueueNew)
    osMessageQueuePut                        0x0800a925   Thumb Code   100  cmsis_os2.o(i.osMessageQueuePut)
    osThreadNew                              0x0800a98d   Thumb Code   144  cmsis_os2.o(i.osThreadNew)
    pidinit                                  0x0800aa1d   Thumb Code    76  pid.o(i.pidinit)
    pvPortMalloc                             0x0800b229   Thumb Code   216  heap_4.o(i.pvPortMalloc)
    pxPortInitialiseStack                    0x0800b305   Thumb Code    42  port.o(i.pxPortInitialiseStack)
    showmotordata                            0x0800b335   Thumb Code    64  usartuser.o(i.showmotordata)
    swerve                                   0x0800b381   Thumb Code   260  chassiscontrol.o(i.swerve)
    transfer_near                            0x0800b4a9   Thumb Code   246  chassiscontrol.o(i.transfer_near)
    uxListRemove                             0x0800b5cd   Thumb Code    38  list.o(i.uxListRemove)
    uxQueueSpacesAvailable                   0x0800b5f3   Thumb Code    40  queue.o(i.uxQueueSpacesAvailable)
    vApplicationGetIdleTaskMemory            0x0800b61d   Thumb Code    20  cmsis_os2.o(i.vApplicationGetIdleTaskMemory)
    vApplicationGetTimerTaskMemory           0x0800b635   Thumb Code    20  cmsis_os2.o(i.vApplicationGetTimerTaskMemory)
    vListInitialise                          0x0800b64d   Thumb Code    22  list.o(i.vListInitialise)
    vListInitialiseItem                      0x0800b663   Thumb Code     6  list.o(i.vListInitialiseItem)
    vListInsert                              0x0800b669   Thumb Code    48  list.o(i.vListInsert)
    vListInsertEnd                           0x0800b699   Thumb Code    24  list.o(i.vListInsertEnd)
    vPortEnterCritical                       0x0800b6b1   Thumb Code    54  port.o(i.vPortEnterCritical)
    vPortExitCritical                        0x0800b6f1   Thumb Code    34  port.o(i.vPortExitCritical)
    vPortFree                                0x0800b719   Thumb Code    94  heap_4.o(i.vPortFree)
    vPortSetupTimerInterrupt                 0x0800b77d   Thumb Code    32  port.o(i.vPortSetupTimerInterrupt)
    vPortValidateInterruptPriority           0x0800b7a1   Thumb Code    74  port.o(i.vPortValidateInterruptPriority)
    vQueueAddToRegistry                      0x0800b7f5   Thumb Code    34  queue.o(i.vQueueAddToRegistry)
    vQueueWaitForMessageRestricted           0x0800b81d   Thumb Code    68  queue.o(i.vQueueWaitForMessageRestricted)
    vTaskDelay                               0x0800b861   Thumb Code    66  tasks.o(i.vTaskDelay)
    vTaskInternalSetTimeOutState             0x0800b8ad   Thumb Code    12  tasks.o(i.vTaskInternalSetTimeOutState)
    vTaskMissedYield                         0x0800b8bd   Thumb Code     8  tasks.o(i.vTaskMissedYield)
    vTaskPlaceOnEventList                    0x0800b8c9   Thumb Code    44  tasks.o(i.vTaskPlaceOnEventList)
    vTaskPlaceOnEventListRestricted          0x0800b8f9   Thumb Code    52  tasks.o(i.vTaskPlaceOnEventListRestricted)
    vTaskStartScheduler                      0x0800b931   Thumb Code   118  tasks.o(i.vTaskStartScheduler)
    vTaskSuspendAll                          0x0800b9b9   Thumb Code    10  tasks.o(i.vTaskSuspendAll)
    vTaskSwitchContext                       0x0800b9c9   Thumb Code    90  tasks.o(i.vTaskSwitchContext)
    xPortStartScheduler                      0x0800ba2d   Thumb Code   222  port.o(i.xPortStartScheduler)
    xPortSysTickHandler                      0x0800bb21   Thumb Code    38  port.o(i.xPortSysTickHandler)
    xQueueGenericCreate                      0x0800bb4d   Thumb Code    66  queue.o(i.xQueueGenericCreate)
    xQueueGenericCreateStatic                0x0800bb8f   Thumb Code   102  queue.o(i.xQueueGenericCreateStatic)
    xQueueGenericReset                       0x0800bbf5   Thumb Code   144  queue.o(i.xQueueGenericReset)
    xQueueGenericSend                        0x0800bc89   Thumb Code   346  queue.o(i.xQueueGenericSend)
    xQueueGenericSendFromISR                 0x0800bde9   Thumb Code   190  queue.o(i.xQueueGenericSendFromISR)
    xQueueReceive                            0x0800bea9   Thumb Code   310  queue.o(i.xQueueReceive)
    xQueueReceiveFromISR                     0x0800bfe5   Thumb Code   156  queue.o(i.xQueueReceiveFromISR)
    xTaskCheckForTimeOut                     0x0800c081   Thumb Code   116  tasks.o(i.xTaskCheckForTimeOut)
    xTaskCreate                              0x0800c0f9   Thumb Code    90  tasks.o(i.xTaskCreate)
    xTaskCreateStatic                        0x0800c153   Thumb Code    86  tasks.o(i.xTaskCreateStatic)
    xTaskGetSchedulerState                   0x0800c1a9   Thumb Code    22  tasks.o(i.xTaskGetSchedulerState)
    xTaskGetTickCount                        0x0800c1c5   Thumb Code     6  tasks.o(i.xTaskGetTickCount)
    xTaskIncrementTick                       0x0800c1d1   Thumb Code   192  tasks.o(i.xTaskIncrementTick)
    xTaskPriorityDisinherit                  0x0800c299   Thumb Code   120  tasks.o(i.xTaskPriorityDisinherit)
    xTaskRemoveFromEventList                 0x0800c319   Thumb Code   100  tasks.o(i.xTaskRemoveFromEventList)
    xTaskResumeAll                           0x0800c389   Thumb Code   184  tasks.o(i.xTaskResumeAll)
    xTimerCreateTimerTask                    0x0800c44d   Thumb Code    78  timers.o(i.xTimerCreateTimerTask)
    xTimerGenericCommand                     0x0800c4ad   Thumb Code    98  timers.o(i.xTimerGenericCommand)
    _get_lc_ctype                            0x0800c515   Thumb Code    44  lc_ctype_c.o(locale$$code)
    __fpl_dnaninf                            0x0800c541   Thumb Code   156  dnaninf.o(x$fpl$dnaninf)
    _drem                                    0x0800c5dd   Thumb Code   328  drem_clz.o(x$fpl$drem)
    _fp_init                                 0x0800c72d   Thumb Code    10  fpinit.o(x$fpl$fpinit)
    __fplib_config_fpu_vfp                   0x0800c735   Thumb Code     0  fpinit.o(x$fpl$fpinit)
    __fplib_config_pureend_doubles           0x0800c735   Thumb Code     0  fpinit.o(x$fpl$fpinit)
    __I$use$fp                               0x0800c736   Number         0  usenofp.o(x$fpl$usenofp)
    defaultTask_attributes                   0x0800c738   Data          36  freertos.o(.constdata)
    UARTPrescTable                           0x0800c874   Data          24  stm32h7xx_hal_uart.o(.constdata)
    D1CorePrescTable                         0x0800c89c   Data          16  system_stm32h7xx.o(.constdata)
    CRC16_table                              0x0800c8ac   Data         512  dmimudriver.o(.constdata)
    __mathlib_zero                           0x0800cb18   Data           8  qnan.o(.constdata)
    Region$$Table$$Base                      0x0800cc74   Number         0  anon$$obj.o(Region$$Table)
    Region$$Table$$Limit                     0x0800cc94   Number         0  anon$$obj.o(Region$$Table)
    __ctype                                  0x0800cca1   Data           0  lc_ctype_c.o(locale$$data)
    motor_data_updateHandle                  0x24000000   Data           4  freertos.o(.data)
    commandHandle                            0x24000004   Data           4  freertos.o(.data)
    showGM6020dataHandle                     0x24000008   Data           4  freertos.o(.data)
    chassis_status_updateHandle              0x2400000c   Data           4  freertos.o(.data)
    dmimu_updateHandle                       0x24000010   Data           4  freertos.o(.data)
    defaultTaskHandle                        0x24000014   Data           4  freertos.o(.data)
    uwTickFreq                               0x24000018   Data           1  stm32h7xx_hal.o(.data)
    uwTickPrio                               0x2400001c   Data           4  stm32h7xx_hal.o(.data)
    uwTick                                   0x24000020   Data           4  stm32h7xx_hal.o(.data)
    SystemCoreClock                          0x24000024   Data           4  system_stm32h7xx.o(.data)
    SystemD2Clock                            0x24000028   Data           4  system_stm32h7xx.o(.data)
    pxCurrentTCB                             0x2400002c   Data           4  tasks.o(.data)
    Appli_state                              0x240000ac   Data           1  usb_host.o(.data)
    CDC_Class                                0x240000b0   Data          32  usbh_cdc.o(.data)
    message_flag                             0x240000d0   Data           1  usartuser.o(.data)
    Rxfifo0_flag                             0x240000d1   Data           1  canuser.o(.data)
    canrxdatabuff                            0x240000d2   Data           8  canuser.o(.data)
    turn                                     0x240000e4   Data           4  motordriver.o(.data)
    chassis_control_parameter                0x240000e8   Data           4  chassiscontrol.o(.data)
    odometer_chassis_position                0x240000ec   Data           8  odometer.o(.data)
    hfdcan1                                  0x240000f4   Data         160  fdcan.o(.bss)
    htim2                                    0x24000194   Data          76  tim.o(.bss)
    huart1                                   0x240001e0   Data         148  usart.o(.bss)
    huart3                                   0x24000274   Data         148  usart.o(.bss)
    hdma_usart1_rx                           0x24000308   Data         120  usart.o(.bss)
    hdma_usart1_tx                           0x24000380   Data         120  usart.o(.bss)
    hdma_usart3_rx                           0x240003f8   Data         120  usart.o(.bss)
    hdma_usart3_tx                           0x24000470   Data         120  usart.o(.bss)
    htim1                                    0x240004e8   Data          76  stm32h7xx_hal_timebase_tim.o(.bss)
    xQueueRegistry                           0x24000534   Data          64  queue.o(.bss)
    hUsbHostHS                               0x24006068   Data        4380  usb_host.o(.bss)
    hhcd_USB_OTG_HS                          0x24007184   Data         992  usbh_conf.o(.bss)
    USBH_Thread_Atrr                         0x24007564   Data          36  usbh_core.o(.bss)
    usart1rxdatabuff                         0x24007588   Data          64  usartuser.o(.bss)
    Rxheaderbuff                             0x240075c8   Data          40  canuser.o(.bss)
    GM6020                                   0x240075f0   Data         128  motordriver.o(.bss)
    M3508                                    0x24007670   Data         128  motordriver.o(.bss)
    GM6020_speedpid                          0x240076f0   Data         320  pid.o(.bss)
    GM6020_locationpid                       0x24007830   Data         320  pid.o(.bss)
    M3508_speedpid                           0x24007970   Data         320  pid.o(.bss)
    GM6020_location_pid_voltage_output0      0x24007ab0   Data          16  pid.o(.bss)
    M3508_speed_pid_current_output0          0x24007ac0   Data          16  pid.o(.bss)
    chassis_status                           0x24007ad0   Data          32  chassiscontrol.o(.bss)
    dmimu_data                               0x24007af0   Data          36  dmimudriver.o(.bss)
    __libspace_start                         0x24007b14   Data          96  libspace.o(.bss)
    __temporary_stack_top$libspace           0x24007b74   Data           0  libspace.o(.bss)



==============================================================================

Memory Map of the image

  Image Entry point : 0x080002cd

  Load Region LR_IROM1 (Base: 0x08000000, Size: 0x0000ce98, Max: 0x00100000, ABSOLUTE)

    Execution Region ER_IROM1 (Exec base: 0x08000000, Load base: 0x08000000, Size: 0x0000cda4, Max: 0x00100000, ABSOLUTE)

    Exec Addr    Load Addr    Size         Type   Attr      Idx    E Section Name        Object

    0x08000000   0x08000000   0x000002cc   Data   RO            3    RESET               startup_stm32h723xx.o
    0x080002cc   0x080002cc   0x00000008   Code   RO         8805  * !!!main             c_w.l(__main.o)
    0x080002d4   0x080002d4   0x00000034   Code   RO         9139    !!!scatter          c_w.l(__scatter.o)
    0x08000308   0x08000308   0x0000001a   Code   RO         9141    !!handler_copy      c_w.l(__scatter_copy.o)
    0x08000322   0x08000322   0x00000002   PAD
    0x08000324   0x08000324   0x0000001c   Code   RO         9143    !!handler_zi        c_w.l(__scatter_zi.o)
    0x08000340   0x08000340   0x00000002   Code   RO         9068    .ARM.Collect$$libinit$$00000000  c_w.l(libinit.o)
    0x08000342   0x08000342   0x00000004   Code   RO         8899    .ARM.Collect$$libinit$$00000001  c_w.l(libinit2.o)
    0x08000346   0x08000346   0x00000000   Code   RO         8902    .ARM.Collect$$libinit$$00000004  c_w.l(libinit2.o)
    0x08000346   0x08000346   0x00000008   Code   RO         8903    .ARM.Collect$$libinit$$00000005  c_w.l(libinit2.o)
    0x0800034e   0x0800034e   0x00000000   Code   RO         8905    .ARM.Collect$$libinit$$0000000A  c_w.l(libinit2.o)
    0x0800034e   0x0800034e   0x00000000   Code   RO         8907    .ARM.Collect$$libinit$$0000000C  c_w.l(libinit2.o)
    0x0800034e   0x0800034e   0x00000000   Code   RO         8909    .ARM.Collect$$libinit$$0000000E  c_w.l(libinit2.o)
    0x0800034e   0x0800034e   0x00000006   Code   RO         8910    .ARM.Collect$$libinit$$0000000F  c_w.l(libinit2.o)
    0x08000354   0x08000354   0x00000000   Code   RO         8912    .ARM.Collect$$libinit$$00000011  c_w.l(libinit2.o)
    0x08000354   0x08000354   0x0000000c   Code   RO         8913    .ARM.Collect$$libinit$$00000012  c_w.l(libinit2.o)
    0x08000360   0x08000360   0x00000000   Code   RO         8914    .ARM.Collect$$libinit$$00000013  c_w.l(libinit2.o)
    0x08000360   0x08000360   0x00000000   Code   RO         8916    .ARM.Collect$$libinit$$00000015  c_w.l(libinit2.o)
    0x08000360   0x08000360   0x00000000   Code   RO         8918    .ARM.Collect$$libinit$$00000017  c_w.l(libinit2.o)
    0x08000360   0x08000360   0x00000000   Code   RO         8920    .ARM.Collect$$libinit$$00000019  c_w.l(libinit2.o)
    0x08000360   0x08000360   0x00000000   Code   RO         8922    .ARM.Collect$$libinit$$0000001B  c_w.l(libinit2.o)
    0x08000360   0x08000360   0x00000000   Code   RO         8924    .ARM.Collect$$libinit$$0000001D  c_w.l(libinit2.o)
    0x08000360   0x08000360   0x00000000   Code   RO         8926    .ARM.Collect$$libinit$$0000001F  c_w.l(libinit2.o)
    0x08000360   0x08000360   0x00000000   Code   RO         8928    .ARM.Collect$$libinit$$00000021  c_w.l(libinit2.o)
    0x08000360   0x08000360   0x00000000   Code   RO         8930    .ARM.Collect$$libinit$$00000023  c_w.l(libinit2.o)
    0x08000360   0x08000360   0x00000000   Code   RO         8932    .ARM.Collect$$libinit$$00000025  c_w.l(libinit2.o)
    0x08000360   0x08000360   0x00000000   Code   RO         8936    .ARM.Collect$$libinit$$0000002C  c_w.l(libinit2.o)
    0x08000360   0x08000360   0x00000000   Code   RO         8938    .ARM.Collect$$libinit$$0000002E  c_w.l(libinit2.o)
    0x08000360   0x08000360   0x00000000   Code   RO         8940    .ARM.Collect$$libinit$$00000030  c_w.l(libinit2.o)
    0x08000360   0x08000360   0x00000000   Code   RO         8942    .ARM.Collect$$libinit$$00000032  c_w.l(libinit2.o)
    0x08000360   0x08000360   0x00000002   Code   RO         8943    .ARM.Collect$$libinit$$00000033  c_w.l(libinit2.o)
    0x08000362   0x08000362   0x00000002   Code   RO         9136    .ARM.Collect$$libshutdown$$00000000  c_w.l(libshutdown.o)
    0x08000364   0x08000364   0x00000000   Code   RO         9092    .ARM.Collect$$libshutdown$$00000002  c_w.l(libshutdown2.o)
    0x08000364   0x08000364   0x00000000   Code   RO         9094    .ARM.Collect$$libshutdown$$00000004  c_w.l(libshutdown2.o)
    0x08000364   0x08000364   0x00000000   Code   RO         9097    .ARM.Collect$$libshutdown$$00000007  c_w.l(libshutdown2.o)
    0x08000364   0x08000364   0x00000000   Code   RO         9100    .ARM.Collect$$libshutdown$$0000000A  c_w.l(libshutdown2.o)
    0x08000364   0x08000364   0x00000000   Code   RO         9102    .ARM.Collect$$libshutdown$$0000000C  c_w.l(libshutdown2.o)
    0x08000364   0x08000364   0x00000000   Code   RO         9105    .ARM.Collect$$libshutdown$$0000000F  c_w.l(libshutdown2.o)
    0x08000364   0x08000364   0x00000002   Code   RO         9106    .ARM.Collect$$libshutdown$$00000010  c_w.l(libshutdown2.o)
    0x08000366   0x08000366   0x00000000   Code   RO         8859    .ARM.Collect$$rtentry$$00000000  c_w.l(__rtentry.o)
    0x08000366   0x08000366   0x00000000   Code   RO         8984    .ARM.Collect$$rtentry$$00000002  c_w.l(__rtentry2.o)
    0x08000366   0x08000366   0x00000006   Code   RO         8996    .ARM.Collect$$rtentry$$00000004  c_w.l(__rtentry4.o)
    0x0800036c   0x0800036c   0x00000000   Code   RO         8986    .ARM.Collect$$rtentry$$00000009  c_w.l(__rtentry2.o)
    0x0800036c   0x0800036c   0x00000004   Code   RO         8987    .ARM.Collect$$rtentry$$0000000A  c_w.l(__rtentry2.o)
    0x08000370   0x08000370   0x00000000   Code   RO         8989    .ARM.Collect$$rtentry$$0000000C  c_w.l(__rtentry2.o)
    0x08000370   0x08000370   0x00000008   Code   RO         8990    .ARM.Collect$$rtentry$$0000000D  c_w.l(__rtentry2.o)
    0x08000378   0x08000378   0x00000002   Code   RO         9071    .ARM.Collect$$rtexit$$00000000  c_w.l(rtexit.o)
    0x0800037a   0x0800037a   0x00000000   Code   RO         9110    .ARM.Collect$$rtexit$$00000002  c_w.l(rtexit2.o)
    0x0800037a   0x0800037a   0x00000004   Code   RO         9111    .ARM.Collect$$rtexit$$00000003  c_w.l(rtexit2.o)
    0x0800037e   0x0800037e   0x00000006   Code   RO         9112    .ARM.Collect$$rtexit$$00000004  c_w.l(rtexit2.o)
    0x08000384   0x08000384   0x000000be   Code   RO         7610    .emb_text           port.o
    0x08000442   0x08000442   0x00000002   PAD
    0x08000444   0x08000444   0x00000000   Code   RO         9007    .emb_text           c_w.l(maybetermalloc1.o)
    0x08000444   0x08000444   0x00000048   Code   RO            4    .text               startup_stm32h723xx.o
    0x0800048c   0x0800048c   0x0000005e   Code   RO         8723    .text               c_w.l(h1_alloc.o)
    0x080004ea   0x080004ea   0x0000004e   Code   RO         8725    .text               c_w.l(h1_free.o)
    0x08000538   0x08000538   0x000000ee   Code   RO         8781    .text               c_w.l(lludivv7m.o)
    0x08000626   0x08000626   0x00000002   PAD
    0x08000628   0x08000628   0x0000003c   Code   RO         8783    .text               c_w.l(__0sscanf.o)
    0x08000664   0x08000664   0x0000014c   Code   RO         8785    .text               c_w.l(_scanf_int.o)
    0x080007b0   0x080007b0   0x000000e0   Code   RO         8787    .text               c_w.l(_scanf_str.o)
    0x08000890   0x08000890   0x00000096   Code   RO         8789    .text               c_w.l(strncmp.o)
    0x08000926   0x08000926   0x0000008a   Code   RO         8791    .text               c_w.l(rt_memcpy_v6.o)
    0x080009b0   0x080009b0   0x00000064   Code   RO         8793    .text               c_w.l(rt_memcpy_w.o)
    0x08000a14   0x08000a14   0x00000010   Code   RO         8797    .text               c_w.l(aeabi_memset.o)
    0x08000a24   0x08000a24   0x00000044   Code   RO         8799    .text               c_w.l(rt_memclr.o)
    0x08000a68   0x08000a68   0x0000004e   Code   RO         8801    .text               c_w.l(rt_memclr_w.o)
    0x08000ab6   0x08000ab6   0x00000006   Code   RO         8803    .text               c_w.l(heapauxi.o)
    0x08000abc   0x08000abc   0x00000008   Code   RO         8867    .text               c_w.l(rt_heap_descriptor_intlibspace.o)
    0x08000ac4   0x08000ac4   0x00000004   Code   RO         8869    .text               c_w.l(hguard.o)
    0x08000ac8   0x08000ac8   0x0000008a   Code   RO         8871    .text               c_w.l(init_alloc.o)
    0x08000b52   0x08000b52   0x0000000e   Code   RO         8875    .text               c_w.l(h1_init.o)
    0x08000b60   0x08000b60   0x00000016   Code   RO         8889    .text               c_w.l(_rserrno.o)
    0x08000b76   0x08000b76   0x0000001c   Code   RO         8891    .text               c_w.l(_chval.o)
    0x08000b92   0x08000b92   0x00000002   PAD
    0x08000b94   0x08000b94   0x0000002c   Code   RO         8893    .text               c_w.l(scanf_char.o)
    0x08000bc0   0x08000bc0   0x00000040   Code   RO         8895    .text               c_w.l(_sgetc.o)
    0x08000c00   0x08000c00   0x00000008   Code   RO         8980    .text               c_w.l(libspace.o)
    0x08000c08   0x08000c08   0x00000008   Code   RO         9003    .text               c_w.l(rt_errno_addr_intlibspace.o)
    0x08000c10   0x08000c10   0x00000034   Code   RO         9009    .text               c_w.l(h1_extend.o)
    0x08000c44   0x08000c44   0x00000012   Code   RO         9013    .text               c_w.l(isspace.o)
    0x08000c56   0x08000c56   0x00000002   PAD
    0x08000c58   0x08000c58   0x00000374   Code   RO         9015    .text               c_w.l(_scanf.o)
    0x08000fcc   0x08000fcc   0x0000000e   Code   RO         9017    .text               c_w.l(defsig_rtmem_outer.o)
    0x08000fda   0x08000fda   0x00000002   Code   RO         9038    .text               c_w.l(use_no_semi.o)
    0x08000fdc   0x08000fdc   0x00000000   Code   RO         9040    .text               c_w.l(indicate_semi.o)
    0x08000fdc   0x08000fdc   0x0000004a   Code   RO         9041    .text               c_w.l(sys_stackheap_outer.o)
    0x08001026   0x08001026   0x00000002   PAD
    0x08001028   0x08001028   0x00000010   Code   RO         9043    .text               c_w.l(rt_ctype_table.o)
    0x08001038   0x08001038   0x00000012   Code   RO         9049    .text               c_w.l(exit.o)
    0x0800104a   0x0800104a   0x0000000a   Code   RO         9051    .text               c_w.l(defsig_exit.o)
    0x08001054   0x08001054   0x00000050   Code   RO         9057    .text               c_w.l(defsig_rtmem_inner.o)
    0x080010a4   0x080010a4   0x0000000c   Code   RO         9069    .text               c_w.l(sys_exit.o)
    0x080010b0   0x080010b0   0x00000008   Code   RO         9076    .text               c_w.l(rt_locale_intlibspace.o)
    0x080010b8   0x080010b8   0x00000032   Code   RO         9087    .text               c_w.l(defsig_general.o)
    0x080010ea   0x080010ea   0x0000000e   Code   RO         9107    .text               c_w.l(sys_wrch.o)
    0x080010f8   0x080010f8   0x00000068   Code   RO         9118    .text               c_w.l(strcmpv7m_pel.o)
    0x08001160   0x08001160   0x00000002   Code   RO          507    i.BusFault_Handler  stm32h7xx_it.o
    0x08001162   0x08001162   0x0000007c   Code   RO         8278    i.CDC_ProcessReception  usbh_cdc.o
    0x080011de   0x080011de   0x00000086   Code   RO         8279    i.CDC_ProcessTransmission  usbh_cdc.o
    0x08001264   0x08001264   0x0000000c   Code   RO          508    i.DMA1_Stream0_IRQHandler  stm32h7xx_it.o
    0x08001270   0x08001270   0x0000000c   Code   RO          509    i.DMA1_Stream1_IRQHandler  stm32h7xx_it.o
    0x0800127c   0x0800127c   0x0000000c   Code   RO          510    i.DMA1_Stream2_IRQHandler  stm32h7xx_it.o
    0x08001288   0x08001288   0x0000000c   Code   RO          511    i.DMA1_Stream3_IRQHandler  stm32h7xx_it.o
    0x08001294   0x08001294   0x000000b4   Code   RO         2939    i.DMA_CalcBaseAndBitshift  stm32h7xx_hal_dma.o
    0x08001348   0x08001348   0x0000009c   Code   RO         2940    i.DMA_CalcDMAMUXChannelBaseAndMask  stm32h7xx_hal_dma.o
    0x080013e4   0x080013e4   0x00000074   Code   RO         2941    i.DMA_CalcDMAMUXRequestGenBaseAndMask  stm32h7xx_hal_dma.o
    0x08001458   0x08001458   0x00000054   Code   RO         2942    i.DMA_CheckFifoParam  stm32h7xx_hal_dma.o
    0x080014ac   0x080014ac   0x00000220   Code   RO         2943    i.DMA_SetConfig     stm32h7xx_hal_dma.o
    0x080016cc   0x080016cc   0x00000080   Code   RO         7907    i.DeInitStateMachine  usbh_core.o
    0x0800174c   0x0800174c   0x00000002   Code   RO          512    i.DebugMon_Handler  stm32h7xx_it.o
    0x0800174e   0x0800174e   0x00000004   Code   RO           13    i.Error_Handler     main.o
    0x08001752   0x08001752   0x00000002   PAD
    0x08001754   0x08001754   0x0000001c   Code   RO         5889    i.ExitRun0Mode      system_stm32h7xx.o
    0x08001770   0x08001770   0x0000000c   Code   RO          513    i.FDCAN1_IT0_IRQHandler  stm32h7xx_it.o
    0x0800177c   0x0800177c   0x0000000c   Code   RO          514    i.FDCAN1_IT1_IRQHandler  stm32h7xx_it.o
    0x08001788   0x08001788   0x000001c8   Code   RO         4733    i.FDCAN_CalcultateRamBlockAddresses  stm32h7xx_hal_fdcan.o
    0x08001950   0x08001950   0x0000006c   Code   RO         4734    i.FDCAN_CopyMessageToRAM  stm32h7xx_hal_fdcan.o
    0x080019bc   0x080019bc   0x00000038   Code   RO         8440    i.FDCAN_Filter_init  canuser.o
    0x080019f4   0x080019f4   0x00000084   Code   RO         8441    i.FDCAN_SendStd     canuser.o
    0x08001a78   0x08001a78   0x000000a4   Code   RO         8487    i.GM6020_Rx         motordriver.o
    0x08001b1c   0x08001b1c   0x00000032   Code   RO         8488    i.GM6020_Voltage_Tx  motordriver.o
    0x08001b4e   0x08001b4e   0x00000002   PAD
    0x08001b50   0x08001b50   0x00000098   Code   RO         8542    i.GM6020_locationpidcontrol  pid.o
    0x08001be8   0x08001be8   0x0000001c   Code   RO         8280    i.GetLineCoding     usbh_cdc.o
    0x08001c04   0x08001c04   0x0000002c   Code   RO         8676    i.Get_CRC16         dmimudriver.o
    0x08001c30   0x08001c30   0x00000360   Code   RO         2944    i.HAL_DMA_Abort     stm32h7xx_hal_dma.o
    0x08001f90   0x08001f90   0x00000284   Code   RO         2945    i.HAL_DMA_Abort_IT  stm32h7xx_hal_dma.o
    0x08002214   0x08002214   0x000006e8   Code   RO         2949    i.HAL_DMA_IRQHandler  stm32h7xx_hal_dma.o
    0x080028fc   0x080028fc   0x000003bc   Code   RO         2950    i.HAL_DMA_Init      stm32h7xx_hal_dma.o
    0x08002cb8   0x08002cb8   0x0000029c   Code   RO         2954    i.HAL_DMA_Start_IT  stm32h7xx_hal_dma.o
    0x08002f54   0x08002f54   0x00000024   Code   RO         3794    i.HAL_Delay         stm32h7xx_hal.o
    0x08002f78   0x08002f78   0x00000088   Code   RO         4736    i.HAL_FDCAN_ActivateNotification  stm32h7xx_hal_fdcan.o
    0x08003000   0x08003000   0x00000066   Code   RO         4738    i.HAL_FDCAN_AddMessageToTxFifoQ  stm32h7xx_hal_fdcan.o
    0x08003066   0x08003066   0x00000002   Code   RO         4739    i.HAL_FDCAN_ClockCalibrationCallback  stm32h7xx_hal_fdcan.o
    0x08003068   0x08003068   0x0000007e   Code   RO         4743    i.HAL_FDCAN_ConfigFilter  stm32h7xx_hal_fdcan.o
    0x080030e6   0x080030e6   0x00000002   Code   RO         4765    i.HAL_FDCAN_ErrorCallback  stm32h7xx_hal_fdcan.o
    0x080030e8   0x080030e8   0x00000002   Code   RO         4766    i.HAL_FDCAN_ErrorStatusCallback  stm32h7xx_hal_fdcan.o
    0x080030ea   0x080030ea   0x00000002   PAD
    0x080030ec   0x080030ec   0x0000018c   Code   RO         4777    i.HAL_FDCAN_GetRxMessage  stm32h7xx_hal_fdcan.o
    0x08003278   0x08003278   0x00000002   Code   RO         4783    i.HAL_FDCAN_HighPriorityMessageCallback  stm32h7xx_hal_fdcan.o
    0x0800327a   0x0800327a   0x00000002   PAD
    0x0800327c   0x0800327c   0x00000320   Code   RO         4784    i.HAL_FDCAN_IRQHandler  stm32h7xx_hal_fdcan.o
    0x0800359c   0x0800359c   0x00000244   Code   RO         4785    i.HAL_FDCAN_Init    stm32h7xx_hal_fdcan.o
    0x080037e0   0x080037e0   0x000000ac   Code   RO          376    i.HAL_FDCAN_MspInit  fdcan.o
    0x0800388c   0x0800388c   0x00000002   Code   RO         4794    i.HAL_FDCAN_RxBufferNewMessageCallback  stm32h7xx_hal_fdcan.o
    0x0800388e   0x0800388e   0x00000002   PAD
    0x08003890   0x08003890   0x00000020   Code   RO         8442    i.HAL_FDCAN_RxFifo0Callback  canuser.o
    0x080038b0   0x080038b0   0x00000002   Code   RO         4796    i.HAL_FDCAN_RxFifo1Callback  stm32h7xx_hal_fdcan.o
    0x080038b2   0x080038b2   0x00000032   Code   RO         4797    i.HAL_FDCAN_Start   stm32h7xx_hal_fdcan.o
    0x080038e4   0x080038e4   0x00000002   Code   RO         4819    i.HAL_FDCAN_TT_GlobalTimeCallback  stm32h7xx_hal_fdcan.o
    0x080038e6   0x080038e6   0x00000002   Code   RO         4820    i.HAL_FDCAN_TT_ScheduleSyncCallback  stm32h7xx_hal_fdcan.o
    0x080038e8   0x080038e8   0x00000002   Code   RO         4825    i.HAL_FDCAN_TT_StopWatchCallback  stm32h7xx_hal_fdcan.o
    0x080038ea   0x080038ea   0x00000002   Code   RO         4826    i.HAL_FDCAN_TT_TimeMarkCallback  stm32h7xx_hal_fdcan.o
    0x080038ec   0x080038ec   0x00000002   Code   RO         4827    i.HAL_FDCAN_TimeoutOccurredCallback  stm32h7xx_hal_fdcan.o
    0x080038ee   0x080038ee   0x00000002   Code   RO         4828    i.HAL_FDCAN_TimestampWraparoundCallback  stm32h7xx_hal_fdcan.o
    0x080038f0   0x080038f0   0x00000002   Code   RO         4829    i.HAL_FDCAN_TxBufferAbortCallback  stm32h7xx_hal_fdcan.o
    0x080038f2   0x080038f2   0x00000002   Code   RO         4830    i.HAL_FDCAN_TxBufferCompleteCallback  stm32h7xx_hal_fdcan.o
    0x080038f4   0x080038f4   0x00000002   Code   RO         4831    i.HAL_FDCAN_TxEventFifoCallback  stm32h7xx_hal_fdcan.o
    0x080038f6   0x080038f6   0x00000002   Code   RO         4832    i.HAL_FDCAN_TxFifoEmptyCallback  stm32h7xx_hal_fdcan.o
    0x080038f8   0x080038f8   0x0000021c   Code   RO         2792    i.HAL_GPIO_Init     stm32h7xx_hal_gpio.o
    0x08003b14   0x08003b14   0x0000000c   Code   RO         3810    i.HAL_GetTick       stm32h7xx_hal.o
    0x08003b20   0x08003b20   0x00000008   Code   RO         7723    i.HAL_HCD_Connect_Callback  usbh_conf.o
    0x08003b28   0x08003b28   0x00000008   Code   RO         7724    i.HAL_HCD_Disconnect_Callback  usbh_conf.o
    0x08003b30   0x08003b30   0x00000006   Code   RO         1829    i.HAL_HCD_GetCurrentFrame  stm32h7xx_hal_hcd.o
    0x08003b36   0x08003b36   0x00000006   Code   RO         1830    i.HAL_HCD_GetCurrentSpeed  stm32h7xx_hal_hcd.o
    0x08003b3c   0x08003b3c   0x0000001a   Code   RO         1832    i.HAL_HCD_HC_ClearHubInfo  stm32h7xx_hal_hcd.o
    0x08003b56   0x08003b56   0x0000000e   Code   RO         1834    i.HAL_HCD_HC_GetURBState  stm32h7xx_hal_hcd.o
    0x08003b64   0x08003b64   0x0000000c   Code   RO         1835    i.HAL_HCD_HC_GetXferCount  stm32h7xx_hal_hcd.o
    0x08003b70   0x08003b70   0x00000024   Code   RO         1836    i.HAL_HCD_HC_Halt   stm32h7xx_hal_hcd.o
    0x08003b94   0x08003b94   0x0000009c   Code   RO         1837    i.HAL_HCD_HC_Init   stm32h7xx_hal_hcd.o
    0x08003c30   0x08003c30   0x00000008   Code   RO         7725    i.HAL_HCD_HC_NotifyURBChange_Callback  usbh_conf.o
    0x08003c38   0x08003c38   0x0000009e   Code   RO         1840    i.HAL_HCD_HC_SubmitRequest  stm32h7xx_hal_hcd.o
    0x08003cd6   0x08003cd6   0x00000002   PAD
    0x08003cd8   0x08003cd8   0x00000142   Code   RO         1841    i.HAL_HCD_IRQHandler  stm32h7xx_hal_hcd.o
    0x08003e1a   0x08003e1a   0x00000066   Code   RO         1842    i.HAL_HCD_Init      stm32h7xx_hal_hcd.o
    0x08003e80   0x08003e80   0x000000a0   Code   RO         7727    i.HAL_HCD_MspInit   usbh_conf.o
    0x08003f20   0x08003f20   0x00000008   Code   RO         7728    i.HAL_HCD_PortDisabled_Callback  usbh_conf.o
    0x08003f28   0x08003f28   0x00000008   Code   RO         7729    i.HAL_HCD_PortEnabled_Callback  usbh_conf.o
    0x08003f30   0x08003f30   0x00000006   Code   RO         1847    i.HAL_HCD_ResetPort  stm32h7xx_hal_hcd.o
    0x08003f36   0x08003f36   0x00000008   Code   RO         7730    i.HAL_HCD_SOF_Callback  usbh_conf.o
    0x08003f3e   0x08003f3e   0x0000002c   Code   RO         1849    i.HAL_HCD_Start     stm32h7xx_hal_hcd.o
    0x08003f6a   0x08003f6a   0x00000024   Code   RO         1850    i.HAL_HCD_Stop      stm32h7xx_hal_hcd.o
    0x08003f8e   0x08003f8e   0x00000002   PAD
    0x08003f90   0x08003f90   0x00000010   Code   RO         3816    i.HAL_IncTick       stm32h7xx_hal.o
    0x08003fa0   0x08003fa0   0x0000005c   Code   RO         3817    i.HAL_Init          stm32h7xx_hal.o
    0x08003ffc   0x08003ffc   0x00000084   Code   RO          768    i.HAL_InitTick      stm32h7xx_hal_timebase_tim.o
    0x08004080   0x08004080   0x00000024   Code   RO          744    i.HAL_MspInit       stm32h7xx_hal_msp.o
    0x080040a4   0x080040a4   0x0000001a   Code   RO         3642    i.HAL_NVIC_EnableIRQ  stm32h7xx_hal_cortex.o
    0x080040be   0x080040be   0x00000002   PAD
    0x080040c0   0x080040c0   0x00000040   Code   RO         3648    i.HAL_NVIC_SetPriority  stm32h7xx_hal_cortex.o
    0x08004100   0x08004100   0x00000024   Code   RO         3649    i.HAL_NVIC_SetPriorityGrouping  stm32h7xx_hal_cortex.o
    0x08004124   0x08004124   0x00000054   Code   RO         3393    i.HAL_PWREx_ConfigSupply  stm32h7xx_hal_pwr_ex.o
    0x08004178   0x08004178   0x00000010   Code   RO         3410    i.HAL_PWREx_EnableUSBVoltageDetector  stm32h7xx_hal_pwr_ex.o
    0x08004188   0x08004188   0x00000024   Code   RO         2435    i.HAL_RCCEx_GetD3PCLK1Freq  stm32h7xx_hal_rcc_ex.o
    0x080041ac   0x080041ac   0x00000144   Code   RO         2437    i.HAL_RCCEx_GetPLL2ClockFreq  stm32h7xx_hal_rcc_ex.o
    0x080042f0   0x080042f0   0x00000144   Code   RO         2438    i.HAL_RCCEx_GetPLL3ClockFreq  stm32h7xx_hal_rcc_ex.o
    0x08004434   0x08004434   0x0000093a   Code   RO         2444    i.HAL_RCCEx_PeriphCLKConfig  stm32h7xx_hal_rcc_ex.o
    0x08004d6e   0x08004d6e   0x00000002   PAD
    0x08004d70   0x08004d70   0x0000025c   Code   RO         2320    i.HAL_RCC_ClockConfig  stm32h7xx_hal_rcc.o
    0x08004fcc   0x08004fcc   0x0000005c   Code   RO         2324    i.HAL_RCC_GetClockConfig  stm32h7xx_hal_rcc.o
    0x08005028   0x08005028   0x00000044   Code   RO         2325    i.HAL_RCC_GetHCLKFreq  stm32h7xx_hal_rcc.o
    0x0800506c   0x0800506c   0x00000024   Code   RO         2327    i.HAL_RCC_GetPCLK1Freq  stm32h7xx_hal_rcc.o
    0x08005090   0x08005090   0x00000024   Code   RO         2328    i.HAL_RCC_GetPCLK2Freq  stm32h7xx_hal_rcc.o
    0x080050b4   0x080050b4   0x00000138   Code   RO         2329    i.HAL_RCC_GetSysClockFreq  stm32h7xx_hal_rcc.o
    0x080051ec   0x080051ec   0x00000526   Code   RO         2332    i.HAL_RCC_OscConfig  stm32h7xx_hal_rcc.o
    0x08005712   0x08005712   0x00000002   Code   RO         1523    i.HAL_TIMEx_Break2Callback  stm32h7xx_hal_tim_ex.o
    0x08005714   0x08005714   0x00000002   Code   RO         1524    i.HAL_TIMEx_BreakCallback  stm32h7xx_hal_tim_ex.o
    0x08005716   0x08005716   0x00000002   Code   RO         1525    i.HAL_TIMEx_CommutCallback  stm32h7xx_hal_tim_ex.o
    0x08005718   0x08005718   0x000000b8   Code   RO         1546    i.HAL_TIMEx_MasterConfigSynchronization  stm32h7xx_hal_tim_ex.o
    0x080057d0   0x080057d0   0x00000062   Code   RO          809    i.HAL_TIM_Base_Init  stm32h7xx_hal_tim.o
    0x08005832   0x08005832   0x00000002   PAD
    0x08005834   0x08005834   0x00000038   Code   RO          418    i.HAL_TIM_Base_MspInit  tim.o
    0x0800586c   0x0800586c   0x000000a0   Code   RO          814    i.HAL_TIM_Base_Start_IT  stm32h7xx_hal_tim.o
    0x0800590c   0x0800590c   0x000000fc   Code   RO          818    i.HAL_TIM_ConfigClockSource  stm32h7xx_hal_tim.o
    0x08005a08   0x08005a08   0x00000002   Code   RO          843    i.HAL_TIM_IC_CaptureCallback  stm32h7xx_hal_tim.o
    0x08005a0a   0x08005a0a   0x00000148   Code   RO          857    i.HAL_TIM_IRQHandler  stm32h7xx_hal_tim.o
    0x08005b52   0x08005b52   0x00000002   Code   RO          860    i.HAL_TIM_OC_DelayElapsedCallback  stm32h7xx_hal_tim.o
    0x08005b54   0x08005b54   0x00000002   Code   RO          887    i.HAL_TIM_PWM_PulseFinishedCallback  stm32h7xx_hal_tim.o
    0x08005b56   0x08005b56   0x00000002   PAD
    0x08005b58   0x08005b58   0x000000d8   Code   RO         8646    i.HAL_TIM_PeriodElapsedCallback  odometer.o
    0x08005c30   0x08005c30   0x00000002   Code   RO          900    i.HAL_TIM_TriggerCallback  stm32h7xx_hal_tim.o
    0x08005c32   0x08005c32   0x00000040   Code   RO         5771    i.HAL_UARTEx_DisableFifoMode  stm32h7xx_hal_uart_ex.o
    0x08005c72   0x08005c72   0x0000004a   Code   RO         5777    i.HAL_UARTEx_ReceiveToIdle_DMA  stm32h7xx_hal_uart_ex.o
    0x08005cbc   0x08005cbc   0x00000030   Code   RO         8397    i.HAL_UARTEx_RxEventCallback  usartuser.o
    0x08005cec   0x08005cec   0x00000002   Code   RO         5779    i.HAL_UARTEx_RxFifoFullCallback  stm32h7xx_hal_uart_ex.o
    0x08005cee   0x08005cee   0x0000004c   Code   RO         5780    i.HAL_UARTEx_SetRxFifoThreshold  stm32h7xx_hal_uart_ex.o
    0x08005d3a   0x08005d3a   0x0000004c   Code   RO         5781    i.HAL_UARTEx_SetTxFifoThreshold  stm32h7xx_hal_uart_ex.o
    0x08005d86   0x08005d86   0x00000002   Code   RO         5783    i.HAL_UARTEx_TxFifoEmptyCallback  stm32h7xx_hal_uart_ex.o
    0x08005d88   0x08005d88   0x00000002   Code   RO         5784    i.HAL_UARTEx_WakeupCallback  stm32h7xx_hal_uart_ex.o
    0x08005d8a   0x08005d8a   0x00000002   Code   RO         5376    i.HAL_UART_ErrorCallback  stm32h7xx_hal_uart.o
    0x08005d8c   0x08005d8c   0x0000039c   Code   RO         5379    i.HAL_UART_IRQHandler  stm32h7xx_hal_uart.o
    0x08006128   0x08006128   0x0000006a   Code   RO         5380    i.HAL_UART_Init     stm32h7xx_hal_uart.o
    0x08006192   0x08006192   0x00000002   PAD
    0x08006194   0x08006194   0x000001e0   Code   RO          460    i.HAL_UART_MspInit  usart.o
    0x08006374   0x08006374   0x00000002   Code   RO         5387    i.HAL_UART_RxCpltCallback  stm32h7xx_hal_uart.o
    0x08006376   0x08006376   0x00000002   Code   RO         5388    i.HAL_UART_RxHalfCpltCallback  stm32h7xx_hal_uart.o
    0x08006378   0x08006378   0x00000090   Code   RO         5390    i.HAL_UART_Transmit_DMA  stm32h7xx_hal_uart.o
    0x08006408   0x08006408   0x00000002   Code   RO         5392    i.HAL_UART_TxCpltCallback  stm32h7xx_hal_uart.o
    0x0800640a   0x0800640a   0x00000002   Code   RO         5393    i.HAL_UART_TxHalfCpltCallback  stm32h7xx_hal_uart.o
    0x0800640c   0x0800640c   0x000003a6   Code   RO         1851    i.HCD_HC_IN_IRQHandler  stm32h7xx_hal_hcd.o
    0x080067b2   0x080067b2   0x0000030a   Code   RO         1852    i.HCD_HC_OUT_IRQHandler  stm32h7xx_hal_hcd.o
    0x08006abc   0x08006abc   0x00000094   Code   RO         1853    i.HCD_Port_IRQHandler  stm32h7xx_hal_hcd.o
    0x08006b50   0x08006b50   0x00000088   Code   RO         1854    i.HCD_RXQLVL_IRQHandler  stm32h7xx_hal_hcd.o
    0x08006bd8   0x08006bd8   0x00000002   Code   RO          515    i.HardFault_Handler  stm32h7xx_it.o
    0x08006bda   0x08006bda   0x00000002   PAD
    0x08006bdc   0x08006bdc   0x00000032   Code   RO         8489    i.M3508_Current_Tx  motordriver.o
    0x08006c0e   0x08006c0e   0x00000002   PAD
    0x08006c10   0x08006c10   0x0000007c   Code   RO         8490    i.M3508_Rx          motordriver.o
    0x08006c8c   0x08006c8c   0x00000078   Code   RO         8543    i.M3508_speedpidcontrol  pid.o
    0x08006d04   0x08006d04   0x0000005c   Code   RO          351    i.MX_DMA_Init       dma.o
    0x08006d60   0x08006d60   0x0000006c   Code   RO          377    i.MX_FDCAN1_Init    fdcan.o
    0x08006dcc   0x08006dcc   0x00000110   Code   RO          251    i.MX_FREERTOS_Init  freertos.o
    0x08006edc   0x08006edc   0x0000005c   Code   RO          227    i.MX_GPIO_Init      gpio.o
    0x08006f38   0x08006f38   0x00000064   Code   RO          419    i.MX_TIM2_Init      tim.o
    0x08006f9c   0x08006f9c   0x00000068   Code   RO          461    i.MX_USART1_UART_Init  usart.o
    0x08007004   0x08007004   0x00000068   Code   RO          462    i.MX_USART3_UART_Init  usart.o
    0x0800706c   0x0800706c   0x00000040   Code   RO         7690    i.MX_USB_HOST_Init  usb_host.o
    0x080070ac   0x080070ac   0x00000002   Code   RO          516    i.MemManage_Handler  stm32h7xx_it.o
    0x080070ae   0x080070ae   0x00000002   Code   RO          517    i.NMI_Handler       stm32h7xx_it.o
    0x080070b0   0x080070b0   0x0000000c   Code   RO          518    i.OTG_HS_IRQHandler  stm32h7xx_it.o
    0x080070bc   0x080070bc   0x00000088   Code   RO         8544    i.PID_location      pid.o
    0x08007144   0x08007144   0x00000046   Code   RO         8545    i.PID_speed         pid.o
    0x0800718a   0x0800718a   0x00000002   PAD
    0x0800718c   0x0800718c   0x00000120   Code   RO         2447    i.RCCEx_PLL2_Config  stm32h7xx_hal_rcc_ex.o
    0x080072ac   0x080072ac   0x00000120   Code   RO         2448    i.RCCEx_PLL3_Config  stm32h7xx_hal_rcc_ex.o
    0x080073cc   0x080073cc   0x00000028   Code   RO          252    i.StartDefaultTask  freertos.o
    0x080073f4   0x080073f4   0x0000001a   Code   RO         7042    i.SysTick_Handler   cmsis_os2.o
    0x0800740e   0x0800740e   0x00000002   PAD
    0x08007410   0x08007410   0x0000009c   Code   RO           14    i.SystemClock_Config  main.o
    0x080074ac   0x080074ac   0x000000d8   Code   RO         5891    i.SystemInit        system_stm32h7xx.o
    0x08007584   0x08007584   0x0000000c   Code   RO          519    i.TIM1_UP_IRQHandler  stm32h7xx_it.o
    0x08007590   0x08007590   0x0000000c   Code   RO          520    i.TIM2_IRQHandler   stm32h7xx_it.o
    0x0800759c   0x0800759c   0x000000e0   Code   RO          902    i.TIM_Base_SetConfig  stm32h7xx_hal_tim.o
    0x0800767c   0x0800767c   0x00000012   Code   RO          913    i.TIM_ETR_SetConfig  stm32h7xx_hal_tim.o
    0x0800768e   0x0800768e   0x00000002   PAD
    0x08007690   0x08007690   0x00000014   Code   RO          914    i.TIM_ITRx_SetConfig  stm32h7xx_hal_tim.o
    0x080076a4   0x080076a4   0x00000022   Code   RO          922    i.TIM_TI1_ConfigInputStage  stm32h7xx_hal_tim.o
    0x080076c6   0x080076c6   0x00000024   Code   RO          924    i.TIM_TI2_ConfigInputStage  stm32h7xx_hal_tim.o
    0x080076ea   0x080076ea   0x00000002   PAD
    0x080076ec   0x080076ec   0x00000044   Code   RO         5785    i.UARTEx_SetNbDataToProcess  stm32h7xx_hal_uart_ex.o
    0x08007730   0x08007730   0x000000c8   Code   RO         5394    i.UART_AdvFeatureConfig  stm32h7xx_hal_uart.o
    0x080077f8   0x080077f8   0x000000aa   Code   RO         5395    i.UART_CheckIdleState  stm32h7xx_hal_uart.o
    0x080078a2   0x080078a2   0x00000010   Code   RO         5396    i.UART_DMAAbortOnError  stm32h7xx_hal_uart.o
    0x080078b2   0x080078b2   0x0000004e   Code   RO         5397    i.UART_DMAError     stm32h7xx_hal_uart.o
    0x08007900   0x08007900   0x00000082   Code   RO         5398    i.UART_DMAReceiveCplt  stm32h7xx_hal_uart.o
    0x08007982   0x08007982   0x00000020   Code   RO         5400    i.UART_DMARxHalfCplt  stm32h7xx_hal_uart.o
    0x080079a2   0x080079a2   0x00000040   Code   RO         5402    i.UART_DMATransmitCplt  stm32h7xx_hal_uart.o
    0x080079e2   0x080079e2   0x0000000a   Code   RO         5404    i.UART_DMATxHalfCplt  stm32h7xx_hal_uart.o
    0x080079ec   0x080079ec   0x00000054   Code   RO         5406    i.UART_EndRxTransfer  stm32h7xx_hal_uart.o
    0x08007a40   0x08007a40   0x0000002e   Code   RO         5407    i.UART_EndTxTransfer  stm32h7xx_hal_uart.o
    0x08007a6e   0x08007a6e   0x00000002   PAD
    0x08007a70   0x08007a70   0x000003dc   Code   RO         5412    i.UART_SetConfig    stm32h7xx_hal_uart.o
    0x08007e4c   0x08007e4c   0x000000a8   Code   RO         5413    i.UART_Start_Receive_DMA  stm32h7xx_hal_uart.o
    0x08007ef4   0x08007ef4   0x00000094   Code   RO         5419    i.UART_WaitOnFlagUntilTimeout  stm32h7xx_hal_uart.o
    0x08007f88   0x08007f88   0x0000000c   Code   RO          521    i.USART1_IRQHandler  stm32h7xx_it.o
    0x08007f94   0x08007f94   0x0000000c   Code   RO          522    i.USART3_IRQHandler  stm32h7xx_it.o
    0x08007fa0   0x08007fa0   0x00000040   Code   RO         8236    i.USBH_AllocPipe    usbh_pipes.o
    0x08007fe0   0x08007fe0   0x00000020   Code   RO         8164    i.USBH_BulkReceiveData  usbh_ioreq.o
    0x08008000   0x08008000   0x00000028   Code   RO         8165    i.USBH_BulkSendData  usbh_ioreq.o
    0x08008028   0x08008028   0x00000028   Code   RO         8281    i.USBH_CDC_ClassRequest  usbh_cdc.o
    0x08008050   0x08008050   0x00000066   Code   RO         8284    i.USBH_CDC_InterfaceDeInit  usbh_cdc.o
    0x080080b6   0x080080b6   0x00000146   Code   RO         8285    i.USBH_CDC_InterfaceInit  usbh_cdc.o
    0x080081fc   0x080081fc   0x00000002   Code   RO         8286    i.USBH_CDC_LineCodingChanged  usbh_cdc.o
    0x080081fe   0x080081fe   0x000000c2   Code   RO         8287    i.USBH_CDC_Process  usbh_cdc.o
    0x080082c0   0x080082c0   0x00000034   Code   RO         8288    i.USBH_CDC_Receive  usbh_cdc.o
    0x080082f4   0x080082f4   0x00000002   Code   RO         8289    i.USBH_CDC_ReceiveCallback  usbh_cdc.o
    0x080082f6   0x080082f6   0x00000004   Code   RO         8290    i.USBH_CDC_SOFProcess  usbh_cdc.o
    0x080082fa   0x080082fa   0x00000036   Code   RO         8293    i.USBH_CDC_Transmit  usbh_cdc.o
    0x08008330   0x08008330   0x00000002   Code   RO         8294    i.USBH_CDC_TransmitCallback  usbh_cdc.o
    0x08008332   0x08008332   0x0000000a   Code   RO         8237    i.USBH_ClosePipe    usbh_pipes.o
    0x0800833c   0x0800833c   0x00000022   Code   RO         8060    i.USBH_ClrFeature   usbh_ctlreq.o
    0x0800835e   0x0800835e   0x0000001e   Code   RO         8166    i.USBH_CtlReceiveData  usbh_ioreq.o
    0x0800837c   0x0800837c   0x0000004e   Code   RO         8061    i.USBH_CtlReq       usbh_ctlreq.o
    0x080083ca   0x080083ca   0x00000028   Code   RO         8167    i.USBH_CtlSendData  usbh_ioreq.o
    0x080083f2   0x080083f2   0x0000001e   Code   RO         8168    i.USBH_CtlSendSetup  usbh_ioreq.o
    0x08008410   0x08008410   0x00000004   Code   RO         7731    i.USBH_Delay        usbh_conf.o
    0x08008414   0x08008414   0x00000040   Code   RO         7909    i.USBH_FindInterface  usbh_core.o
    0x08008454   0x08008454   0x0000001c   Code   RO         8238    i.USBH_FreePipe     usbh_pipes.o
    0x08008470   0x08008470   0x00000034   Code   RO         8062    i.USBH_GetDescriptor  usbh_ctlreq.o
    0x080084a4   0x080084a4   0x0000000e   Code   RO         8063    i.USBH_GetNextDesc  usbh_ctlreq.o
    0x080084b2   0x080084b2   0x00000036   Code   RO         8064    i.USBH_Get_CfgDesc  usbh_ctlreq.o
    0x080084e8   0x080084e8   0x00000036   Code   RO         8065    i.USBH_Get_DevDesc  usbh_ctlreq.o
    0x0800851e   0x0800851e   0x00000054   Code   RO         8066    i.USBH_Get_StringDesc  usbh_ctlreq.o
    0x08008572   0x08008572   0x00000018   Code   RO         7732    i.USBH_Get_USB_Status  usbh_conf.o
    0x0800858a   0x0800858a   0x00000198   Code   RO         8067    i.USBH_HandleControl  usbh_ctlreq.o
    0x08008722   0x08008722   0x00000002   PAD
    0x08008724   0x08008724   0x0000019c   Code   RO         7912    i.USBH_HandleEnum   usbh_core.o
    0x080088c0   0x080088c0   0x00000088   Code   RO         7913    i.USBH_Init         usbh_core.o
    0x08008948   0x08008948   0x00000016   Code   RO         7733    i.USBH_LL_ClosePipe  usbh_conf.o
    0x0800895e   0x0800895e   0x00000020   Code   RO         7915    i.USBH_LL_Connect   usbh_core.o
    0x0800897e   0x0800897e   0x0000003a   Code   RO         7916    i.USBH_LL_Disconnect  usbh_core.o
    0x080089b8   0x080089b8   0x0000000c   Code   RO         7735    i.USBH_LL_DriverVBUS  usbh_conf.o
    0x080089c4   0x080089c4   0x0000000c   Code   RO         7736    i.USBH_LL_GetLastXferSize  usbh_conf.o
    0x080089d0   0x080089d0   0x00000026   Code   RO         7737    i.USBH_LL_GetSpeed  usbh_conf.o
    0x080089f6   0x080089f6   0x0000000c   Code   RO         7739    i.USBH_LL_GetURBState  usbh_conf.o
    0x08008a02   0x08008a02   0x00000022   Code   RO         7917    i.USBH_LL_IncTimer  usbh_core.o
    0x08008a24   0x08008a24   0x0000005c   Code   RO         7740    i.USBH_LL_Init      usbh_conf.o
    0x08008a80   0x08008a80   0x00000010   Code   RO         7918    i.USBH_LL_NotifyURBChange  usbh_core.o
    0x08008a90   0x08008a90   0x00000020   Code   RO         7741    i.USBH_LL_OpenPipe  usbh_conf.o
    0x08008ab0   0x08008ab0   0x0000000e   Code   RO         7919    i.USBH_LL_PortDisabled  usbh_core.o
    0x08008abe   0x08008abe   0x0000000e   Code   RO         7920    i.USBH_LL_PortEnabled  usbh_core.o
    0x08008acc   0x08008acc   0x00000016   Code   RO         7742    i.USBH_LL_ResetPort  usbh_conf.o
    0x08008ae2   0x08008ae2   0x0000000a   Code   RO         7921    i.USBH_LL_SetTimer  usbh_core.o
    0x08008aec   0x08008aec   0x00000022   Code   RO         7743    i.USBH_LL_SetToggle  usbh_conf.o
    0x08008b0e   0x08008b0e   0x00000016   Code   RO         7744    i.USBH_LL_Start     usbh_conf.o
    0x08008b24   0x08008b24   0x00000016   Code   RO         7745    i.USBH_LL_Stop      usbh_conf.o
    0x08008b3a   0x08008b3a   0x00000026   Code   RO         7746    i.USBH_LL_SubmitURB  usbh_conf.o
    0x08008b60   0x08008b60   0x00000038   Code   RO         7922    i.USBH_OS_PutMessage  usbh_core.o
    0x08008b98   0x08008b98   0x00000014   Code   RO         8239    i.USBH_OpenPipe     usbh_pipes.o
    0x08008bac   0x08008bac   0x0000013e   Code   RO         8068    i.USBH_ParseCfgDesc  usbh_ctlreq.o
    0x08008cea   0x08008cea   0x0000007c   Code   RO         8069    i.USBH_ParseDevDesc  usbh_ctlreq.o
    0x08008d66   0x08008d66   0x000000b4   Code   RO         8070    i.USBH_ParseEPDesc  usbh_ctlreq.o
    0x08008e1a   0x08008e1a   0x0000026c   Code   RO         7923    i.USBH_Process      usbh_core.o
    0x08009086   0x08009086   0x0000002a   Code   RO         7924    i.USBH_Process_OS   usbh_core.o
    0x080090b0   0x080090b0   0x0000002c   Code   RO         7926    i.USBH_RegisterClass  usbh_core.o
    0x080090dc   0x080090dc   0x00000016   Code   RO         7927    i.USBH_SelectInterface  usbh_core.o
    0x080090f2   0x080090f2   0x0000001c   Code   RO         8071    i.USBH_SetAddress   usbh_ctlreq.o
    0x0800910e   0x0800910e   0x0000001c   Code   RO         8072    i.USBH_SetCfg       usbh_ctlreq.o
    0x0800912a   0x0800912a   0x0000001c   Code   RO         8073    i.USBH_SetFeature   usbh_ctlreq.o
    0x08009146   0x08009146   0x00000014   Code   RO         7928    i.USBH_Start        usbh_core.o
    0x0800915a   0x0800915a   0x00000002   PAD
    0x0800915c   0x0800915c   0x00000020   Code   RO         7691    i.USBH_UserProcess  usb_host.o
    0x0800917c   0x0800917c   0x00000098   Code   RO         2019    i.USB_CoreInit      stm32h7xx_ll_usb.o
    0x08009214   0x08009214   0x0000003c   Code   RO         2020    i.USB_CoreReset     stm32h7xx_ll_usb.o
    0x08009250   0x08009250   0x0000000c   Code   RO         2027    i.USB_DisableGlobalInt  stm32h7xx_ll_usb.o
    0x0800925c   0x0800925c   0x00000024   Code   RO         2028    i.USB_DoPing        stm32h7xx_ll_usb.o
    0x08009280   0x08009280   0x0000002c   Code   RO         2029    i.USB_DriveVbus     stm32h7xx_ll_usb.o
    0x080092ac   0x080092ac   0x0000000c   Code   RO         2035    i.USB_EnableGlobalInt  stm32h7xx_ll_usb.o
    0x080092b8   0x080092b8   0x00000038   Code   RO         2036    i.USB_FlushRxFifo   stm32h7xx_ll_usb.o
    0x080092f0   0x080092f0   0x0000003c   Code   RO         2037    i.USB_FlushTxFifo   stm32h7xx_ll_usb.o
    0x0800932c   0x0800932c   0x00000008   Code   RO         2038    i.USB_GetCurrentFrame  stm32h7xx_ll_usb.o
    0x08009334   0x08009334   0x0000000e   Code   RO         2040    i.USB_GetHostSpeed  stm32h7xx_ll_usb.o
    0x08009342   0x08009342   0x00000008   Code   RO         2041    i.USB_GetMode       stm32h7xx_ll_usb.o
    0x0800934a   0x0800934a   0x000000d6   Code   RO         2042    i.USB_HC_Halt       stm32h7xx_ll_usb.o
    0x08009420   0x08009420   0x00000110   Code   RO         2043    i.USB_HC_Init       stm32h7xx_ll_usb.o
    0x08009530   0x08009530   0x00000008   Code   RO         2044    i.USB_HC_ReadInterrupt  stm32h7xx_ll_usb.o
    0x08009538   0x08009538   0x0000024e   Code   RO         2045    i.USB_HC_StartXfer  stm32h7xx_ll_usb.o
    0x08009786   0x08009786   0x00000002   PAD
    0x08009788   0x08009788   0x000000b0   Code   RO         2046    i.USB_HostInit      stm32h7xx_ll_usb.o
    0x08009838   0x08009838   0x0000003a   Code   RO         2047    i.USB_InitFSLSPClkSel  stm32h7xx_ll_usb.o
    0x08009872   0x08009872   0x00000010   Code   RO         2048    i.USB_ReadChInterrupts  stm32h7xx_ll_usb.o
    0x08009882   0x08009882   0x00000008   Code   RO         2053    i.USB_ReadInterrupts  stm32h7xx_ll_usb.o
    0x0800988a   0x0800988a   0x00000040   Code   RO         2054    i.USB_ReadPacket    stm32h7xx_ll_usb.o
    0x080098ca   0x080098ca   0x00000032   Code   RO         2055    i.USB_ResetPort     stm32h7xx_ll_usb.o
    0x080098fc   0x080098fc   0x0000005e   Code   RO         2056    i.USB_SetCurrentMode  stm32h7xx_ll_usb.o
    0x0800995a   0x0800995a   0x00000002   PAD
    0x0800995c   0x0800995c   0x0000008e   Code   RO         2061    i.USB_StopHost      stm32h7xx_ll_usb.o
    0x080099ea   0x080099ea   0x00000002   PAD
    0x080099ec   0x080099ec   0x00000028   Code   RO         2062    i.USB_WritePacket   stm32h7xx_ll_usb.o
    0x08009a14   0x08009a14   0x00000002   Code   RO          523    i.UsageFault_Handler  stm32h7xx_it.o
    0x08009a16   0x08009a16   0x00000030   Code   RO         9036    i.__ARM_fpclassify  m_wv.l(fpclassify.o)
    0x08009a46   0x08009a46   0x00000022   Code   RO         3655    i.__NVIC_SetPriority  stm32h7xx_hal_cortex.o
    0x08009a68   0x08009a68   0x000000b0   Code   RO         8807    i.__hardfp_cos      m_wv.l(cos.o)
    0x08009b18   0x08009b18   0x000000fc   Code   RO         8819    i.__hardfp_fmod     m_wv.l(fmod.o)
    0x08009c14   0x08009c14   0x00000004   PAD
    0x08009c18   0x08009c18   0x0000023c   Code   RO         8831    i.__hardfp_log      m_wv.l(log.o)
    0x08009e54   0x08009e54   0x00000004   PAD
    0x08009e58   0x08009e58   0x000000b0   Code   RO         8845    i.__hardfp_sin      m_wv.l(sin.o)
    0x08009f08   0x08009f08   0x00000310   Code   RO         8967    i.__ieee754_rem_pio2  m_wv.l(rred.o)
    0x0800a218   0x0800a218   0x000000e0   Code   RO         8947    i.__kernel_cos      m_wv.l(cos_i.o)
    0x0800a2f8   0x0800a2f8   0x00000070   Code   RO         8964    i.__kernel_poly     m_wv.l(poly.o)
    0x0800a368   0x0800a368   0x000000a8   Code   RO         8972    i.__kernel_sin      m_wv.l(sin_i.o)
    0x0800a410   0x0800a410   0x00000020   Code   RO         8950    i.__mathlib_dbl_divzero  m_wv.l(dunder.o)
    0x0800a430   0x0800a430   0x00000006   Code   RO         8951    i.__mathlib_dbl_infnan  m_wv.l(dunder.o)
    0x0800a436   0x0800a436   0x00000002   PAD
    0x0800a438   0x0800a438   0x00000018   Code   RO         8953    i.__mathlib_dbl_invalid  m_wv.l(dunder.o)
    0x0800a450   0x0800a450   0x00000018   Code   RO         8956    i.__mathlib_dbl_underflow  m_wv.l(dunder.o)
    0x0800a468   0x0800a468   0x0000000e   Code   RO         8597    i.chassis_status_update  chassiscontrol.o
    0x0800a476   0x0800a476   0x00000002   PAD
    0x0800a478   0x0800a478   0x000000c8   Code   RO         8398    i.command           usartuser.o
    0x0800a540   0x0800a540   0x00000110   Code   RO         8677    i.dmimu_init        dmimudriver.o
    0x0800a650   0x0800a650   0x000000a0   Code   RO         8678    i.dmimu_update      dmimudriver.o
    0x0800a6f0   0x0800a6f0   0x00000018   Code   RO         9032    i.fabs              m_wv.l(fabs.o)
    0x0800a708   0x0800a708   0x0000002e   Code   RO           15    i.main              main.o
    0x0800a736   0x0800a736   0x00000002   PAD
    0x0800a738   0x0800a738   0x00000040   Code   RO         8491    i.motor_data_update  motordriver.o
    0x0800a778   0x0800a778   0x0000004c   Code   RO         8598    i.motor_status_allocate  chassiscontrol.o
    0x0800a7c4   0x0800a7c4   0x0000001c   Code   RO         7044    i.osDelay           cmsis_os2.o
    0x0800a7e0   0x0800a7e0   0x00000024   Code   RO         7058    i.osKernelInitialize  cmsis_os2.o
    0x0800a804   0x0800a804   0x00000038   Code   RO         7061    i.osKernelStart     cmsis_os2.o
    0x0800a83c   0x0800a83c   0x00000064   Code   RO         7073    i.osMessageQueueGet  cmsis_os2.o
    0x0800a8a0   0x0800a8a0   0x0000002c   Code   RO         7077    i.osMessageQueueGetSpace  cmsis_os2.o
    0x0800a8cc   0x0800a8cc   0x00000058   Code   RO         7078    i.osMessageQueueNew  cmsis_os2.o
    0x0800a924   0x0800a924   0x00000068   Code   RO         7079    i.osMessageQueuePut  cmsis_os2.o
    0x0800a98c   0x0800a98c   0x00000090   Code   RO         7103    i.osThreadNew       cmsis_os2.o
    0x0800aa1c   0x0800aa1c   0x00000074   Code   RO         8546    i.pidinit           pid.o
    0x0800aa90   0x0800aa90   0x0000005c   Code   RO         6503    i.prvAddCurrentTaskToDelayedList  tasks.o
    0x0800aaec   0x0800aaec   0x000000d0   Code   RO         6504    i.prvAddNewTaskToReadyList  tasks.o
    0x0800abbc   0x0800abbc   0x00000058   Code   RO         6868    i.prvCheckForValidListAndQueue  timers.o
    0x0800ac14   0x0800ac14   0x00000026   Code   RO         6100    i.prvCopyDataFromQueue  queue.o
    0x0800ac3a   0x0800ac3a   0x0000006c   Code   RO         6101    i.prvCopyDataToQueue  queue.o
    0x0800aca6   0x0800aca6   0x00000034   Code   RO         6505    i.prvDeleteTCB      tasks.o
    0x0800acda   0x0800acda   0x00000002   PAD
    0x0800acdc   0x0800acdc   0x00000050   Code   RO         7555    i.prvHeapInit       heap_4.o
    0x0800ad2c   0x0800ad2c   0x00000060   Code   RO         6506    i.prvIdleTask       tasks.o
    0x0800ad8c   0x0800ad8c   0x00000022   Code   RO         6103    i.prvInitialiseNewQueue  queue.o
    0x0800adae   0x0800adae   0x000000b2   Code   RO         6507    i.prvInitialiseNewTask  tasks.o
    0x0800ae60   0x0800ae60   0x0000004c   Code   RO         7556    i.prvInsertBlockIntoFreeList  heap_4.o
    0x0800aeac   0x0800aeac   0x0000003c   Code   RO         6870    i.prvInsertTimerInActiveList  timers.o
    0x0800aee8   0x0800aee8   0x0000001c   Code   RO         6104    i.prvIsQueueEmpty   queue.o
    0x0800af04   0x0800af04   0x000000f8   Code   RO         6871    i.prvProcessReceivedCommands  timers.o
    0x0800affc   0x0800affc   0x000000c0   Code   RO         6872    i.prvProcessTimerOrBlockTask  timers.o
    0x0800b0bc   0x0800b0bc   0x00000020   Code   RO         6509    i.prvResetNextTaskUnblockTime  tasks.o
    0x0800b0dc   0x0800b0dc   0x00000028   Code   RO         6873    i.prvSampleTimeNow  timers.o
    0x0800b104   0x0800b104   0x0000006c   Code   RO         6874    i.prvSwitchTimerLists  timers.o
    0x0800b170   0x0800b170   0x00000028   Code   RO         7611    i.prvTaskExitError  port.o
    0x0800b198   0x0800b198   0x00000024   Code   RO         6875    i.prvTimerTask      timers.o
    0x0800b1bc   0x0800b1bc   0x0000006a   Code   RO         6105    i.prvUnlockQueue    queue.o
    0x0800b226   0x0800b226   0x00000002   PAD
    0x0800b228   0x0800b228   0x000000dc   Code   RO         7557    i.pvPortMalloc      heap_4.o
    0x0800b304   0x0800b304   0x00000030   Code   RO         7612    i.pxPortInitialiseStack  port.o
    0x0800b334   0x0800b334   0x0000004c   Code   RO         8399    i.showmotordata     usartuser.o
    0x0800b380   0x0800b380   0x00000128   Code   RO         8599    i.swerve            chassiscontrol.o
    0x0800b4a8   0x0800b4a8   0x00000124   Code   RO         8600    i.transfer_near     chassiscontrol.o
    0x0800b5cc   0x0800b5cc   0x00000026   Code   RO         6060    i.uxListRemove      list.o
    0x0800b5f2   0x0800b5f2   0x00000028   Code   RO         6110    i.uxQueueSpacesAvailable  queue.o
    0x0800b61a   0x0800b61a   0x00000002   PAD
    0x0800b61c   0x0800b61c   0x00000018   Code   RO         7115    i.vApplicationGetIdleTaskMemory  cmsis_os2.o
    0x0800b634   0x0800b634   0x00000018   Code   RO         7116    i.vApplicationGetTimerTaskMemory  cmsis_os2.o
    0x0800b64c   0x0800b64c   0x00000016   Code   RO         6061    i.vListInitialise   list.o
    0x0800b662   0x0800b662   0x00000006   Code   RO         6062    i.vListInitialiseItem  list.o
    0x0800b668   0x0800b668   0x00000030   Code   RO         6063    i.vListInsert       list.o
    0x0800b698   0x0800b698   0x00000018   Code   RO         6064    i.vListInsertEnd    list.o
    0x0800b6b0   0x0800b6b0   0x00000040   Code   RO         7614    i.vPortEnterCritical  port.o
    0x0800b6f0   0x0800b6f0   0x00000028   Code   RO         7615    i.vPortExitCritical  port.o
    0x0800b718   0x0800b718   0x00000064   Code   RO         7558    i.vPortFree         heap_4.o
    0x0800b77c   0x0800b77c   0x00000024   Code   RO         7616    i.vPortSetupTimerInterrupt  port.o
    0x0800b7a0   0x0800b7a0   0x00000054   Code   RO         7617    i.vPortValidateInterruptPriority  port.o
    0x0800b7f4   0x0800b7f4   0x00000028   Code   RO         6111    i.vQueueAddToRegistry  queue.o
    0x0800b81c   0x0800b81c   0x00000044   Code   RO         6115    i.vQueueWaitForMessageRestricted  queue.o
    0x0800b860   0x0800b860   0x0000004c   Code   RO         6522    i.vTaskDelay        tasks.o
    0x0800b8ac   0x0800b8ac   0x00000010   Code   RO         6527    i.vTaskInternalSetTimeOutState  tasks.o
    0x0800b8bc   0x0800b8bc   0x0000000c   Code   RO         6528    i.vTaskMissedYield  tasks.o
    0x0800b8c8   0x0800b8c8   0x00000030   Code   RO         6530    i.vTaskPlaceOnEventList  tasks.o
    0x0800b8f8   0x0800b8f8   0x00000038   Code   RO         6531    i.vTaskPlaceOnEventListRestricted  tasks.o
    0x0800b930   0x0800b930   0x00000088   Code   RO         6539    i.vTaskStartScheduler  tasks.o
    0x0800b9b8   0x0800b9b8   0x00000010   Code   RO         6541    i.vTaskSuspendAll   tasks.o
    0x0800b9c8   0x0800b9c8   0x00000064   Code   RO         6542    i.vTaskSwitchContext  tasks.o
    0x0800ba2c   0x0800ba2c   0x000000f4   Code   RO         7618    i.xPortStartScheduler  port.o
    0x0800bb20   0x0800bb20   0x0000002c   Code   RO         7619    i.xPortSysTickHandler  port.o
    0x0800bb4c   0x0800bb4c   0x00000042   Code   RO         6120    i.xQueueGenericCreate  queue.o
    0x0800bb8e   0x0800bb8e   0x00000066   Code   RO         6121    i.xQueueGenericCreateStatic  queue.o
    0x0800bbf4   0x0800bbf4   0x00000094   Code   RO         6122    i.xQueueGenericReset  queue.o
    0x0800bc88   0x0800bc88   0x00000160   Code   RO         6123    i.xQueueGenericSend  queue.o
    0x0800bde8   0x0800bde8   0x000000be   Code   RO         6124    i.xQueueGenericSendFromISR  queue.o
    0x0800bea6   0x0800bea6   0x00000002   PAD
    0x0800bea8   0x0800bea8   0x0000013c   Code   RO         6133    i.xQueueReceive     queue.o
    0x0800bfe4   0x0800bfe4   0x0000009c   Code   RO         6134    i.xQueueReceiveFromISR  queue.o
    0x0800c080   0x0800c080   0x00000078   Code   RO         6544    i.xTaskCheckForTimeOut  tasks.o
    0x0800c0f8   0x0800c0f8   0x0000005a   Code   RO         6545    i.xTaskCreate       tasks.o
    0x0800c152   0x0800c152   0x00000056   Code   RO         6546    i.xTaskCreateStatic  tasks.o
    0x0800c1a8   0x0800c1a8   0x0000001c   Code   RO         6550    i.xTaskGetSchedulerState  tasks.o
    0x0800c1c4   0x0800c1c4   0x0000000c   Code   RO         6551    i.xTaskGetTickCount  tasks.o
    0x0800c1d0   0x0800c1d0   0x000000c8   Code   RO         6553    i.xTaskIncrementTick  tasks.o
    0x0800c298   0x0800c298   0x00000080   Code   RO         6556    i.xTaskPriorityDisinherit  tasks.o
    0x0800c318   0x0800c318   0x00000070   Code   RO         6558    i.xTaskRemoveFromEventList  tasks.o
    0x0800c388   0x0800c388   0x000000c4   Code   RO         6559    i.xTaskResumeAll    tasks.o
    0x0800c44c   0x0800c44c   0x00000060   Code   RO         6884    i.xTimerCreateTimerTask  timers.o
    0x0800c4ac   0x0800c4ac   0x00000068   Code   RO         6885    i.xTimerGenericCommand  timers.o
    0x0800c514   0x0800c514   0x0000002c   Code   RO         9083    locale$$code        c_w.l(lc_ctype_c.o)
    0x0800c540   0x0800c540   0x0000009c   Code   RO         9026    x$fpl$dnaninf       fz_wv.l(dnaninf.o)
    0x0800c5dc   0x0800c5dc   0x00000150   Code   RO         8944    x$fpl$drem          fz_wv.l(drem_clz.o)
    0x0800c72c   0x0800c72c   0x0000000a   Code   RO         9028    x$fpl$fpinit        fz_wv.l(fpinit.o)
    0x0800c736   0x0800c736   0x00000000   Code   RO         8946    x$fpl$usenofp       fz_wv.l(usenofp.o)
    0x0800c736   0x0800c736   0x00000002   PAD
    0x0800c738   0x0800c738   0x000000d8   Data   RO          253    .constdata          freertos.o
    0x0800c810   0x0800c810   0x00000008   Data   RO         2956    .constdata          stm32h7xx_hal_dma.o
    0x0800c818   0x0800c818   0x0000005c   Data   RO         4833    .constdata          stm32h7xx_hal_fdcan.o
    0x0800c874   0x0800c874   0x00000018   Data   RO         5420    .constdata          stm32h7xx_hal_uart.o
    0x0800c88c   0x0800c88c   0x00000010   Data   RO         5786    .constdata          stm32h7xx_hal_uart_ex.o
    0x0800c89c   0x0800c89c   0x00000010   Data   RO         5892    .constdata          system_stm32h7xx.o
    0x0800c8ac   0x0800c8ac   0x00000200   Data   RO         8680    .constdata          dmimudriver.o
    0x0800caac   0x0800caac   0x00000004   PAD
    0x0800cab0   0x0800cab0   0x00000038   Data   RO         8834    .constdata          m_wv.l(log.o)
    0x0800cae8   0x0800cae8   0x00000030   Data   RO         8948    .constdata          m_wv.l(cos_i.o)
    0x0800cb18   0x0800cb18   0x00000008   Data   RO         8966    .constdata          m_wv.l(qnan.o)
    0x0800cb20   0x0800cb20   0x000000c8   Data   RO         8969    .constdata          m_wv.l(rred.o)
    0x0800cbe8   0x0800cbe8   0x00000028   Data   RO         8973    .constdata          m_wv.l(sin_i.o)
    0x0800cc10   0x0800cc10   0x00000060   Data   RO          254    .conststring        freertos.o
    0x0800cc70   0x0800cc70   0x00000004   Data   RO         8295    .conststring        usbh_cdc.o
    0x0800cc74   0x0800cc74   0x00000020   Data   RO         9137    Region$$Table       anon$$obj.o
    0x0800cc94   0x0800cc94   0x00000110   Data   RO         9082    locale$$data        c_w.l(lc_ctype_c.o)


    Execution Region RW_IRAM1 (Exec base: 0x20000000, Load base: 0x0800cda4, Size: 0x00000000, Max: 0x00020000, ABSOLUTE)

    **** No section assigned to this execution region ****


    Execution Region RW_IRAM2 (Exec base: 0x24000000, Load base: 0x0800cda4, Size: 0x0000bb78, Max: 0x00050000, ABSOLUTE)

    Exec Addr    Load Addr    Size         Type   Attr      Idx    E Section Name        Object

    0x24000000   0x0800cda4   0x00000018   Data   RW          255    .data               freertos.o
    0x24000018   0x0800cdbc   0x0000000c   Data   RW         3841    .data               stm32h7xx_hal.o
    0x24000024   0x0800cdc8   0x00000008   Data   RW         5893    .data               system_stm32h7xx.o
    0x2400002c   0x0800cdd0   0x0000003c   Data   RW         6562    .data               tasks.o
    0x24000068   0x0800ce0c   0x00000014   Data   RW         6893    .data               timers.o
    0x2400007c   0x0800ce20   0x00000004   Data   RW         7118    .data               cmsis_os2.o
    0x24000080   0x0800ce24   0x00000020   Data   RW         7564    .data               heap_4.o
    0x240000a0   0x0800ce44   0x0000000c   Data   RW         7620    .data               port.o
    0x240000ac   0x0800ce50   0x00000001   Data   RW         7693    .data               usb_host.o
    0x240000ad   0x0800ce51   0x00000003   PAD
    0x240000b0   0x0800ce54   0x00000020   Data   RW         8296    .data               usbh_cdc.o
    0x240000d0   0x0800ce74   0x00000001   Data   RW         8401    .data               usartuser.o
    0x240000d1   0x0800ce75   0x00000009   Data   RW         8444    .data               canuser.o
    0x240000da   0x0800ce7e   0x00000002   PAD
    0x240000dc   0x0800ce80   0x0000000c   Data   RW         8493    .data               motordriver.o
    0x240000e8   0x0800ce8c   0x00000004   Data   RW         8602    .data               chassiscontrol.o
    0x240000ec   0x0800ce90   0x00000008   Data   RW         8647    .data               odometer.o
    0x240000f4        -       0x000000a0   Zero   RW          378    .bss                fdcan.o
    0x24000194        -       0x0000004c   Zero   RW          420    .bss                tim.o
    0x240001e0        -       0x00000308   Zero   RW          463    .bss                usart.o
    0x240004e8        -       0x0000004c   Zero   RW          771    .bss                stm32h7xx_hal_timebase_tim.o
    0x24000534        -       0x00000040   Zero   RW         6137    .bss                queue.o
    0x24000574        -       0x000004c4   Zero   RW         6561    .bss                tasks.o
    0x24000a38        -       0x00000118   Zero   RW         6892    .bss                timers.o
    0x24000b50        -       0x00001918   Zero   RW         7117    .bss                cmsis_os2.o
    0x24002468        -       0x00003c00   Zero   RW         7563    .bss                heap_4.o
    0x24006068        -       0x0000111c   Zero   RW         7692    .bss                usb_host.o
    0x24007184        -       0x000003e0   Zero   RW         7747    .bss                usbh_conf.o
    0x24007564        -       0x00000024   Zero   RW         7930    .bss                usbh_core.o
    0x24007588        -       0x00000040   Zero   RW         8400    .bss                usartuser.o
    0x240075c8        -       0x00000028   Zero   RW         8443    .bss                canuser.o
    0x240075f0        -       0x00000100   Zero   RW         8492    .bss                motordriver.o
    0x240076f0        -       0x000003e0   Zero   RW         8547    .bss                pid.o
    0x24007ad0        -       0x00000020   Zero   RW         8601    .bss                chassiscontrol.o
    0x24007af0        -       0x00000024   Zero   RW         8679    .bss                dmimudriver.o
    0x24007b14        -       0x00000060   Zero   RW         8981    .bss                c_w.l(libspace.o)
    0x24007b74   0x0800ce98   0x00000004   PAD
    0x24007b78        -       0x00002000   Zero   RW            2    HEAP                startup_stm32h723xx.o
    0x24009b78        -       0x00002000   Zero   RW            1    STACK               startup_stm32h723xx.o


==============================================================================

Image component sizes


      Code (inc. data)   RO Data    RW Data    ZI Data      Debug   Object Name

       220         22          0          9         40       2494   canuser.o
       678         94          0          4         32       3432   chassiscontrol.o
       674         28          0          4       6424      74812   cmsis_os2.o
        92          4          0          0          0        766   dma.o
       476         22        512          0         36       3358   dmimudriver.o
         0          0          0          0          0      19368   event_groups.o
       280         22          0          0        160       1763   fdcan.o
       312         56        312         24          0      10299   freertos.o
        92          6          0          0          0        855   gpio.o
       476         24          0         32      15360       4771   heap_4.o
       138          0          0          0          0       3454   list.o
       206          6          0          0          0    1243700   main.o
       452         54          0         12        256       4078   motordriver.o
       216         46          0          8          0       1540   odometer.o
       594         84          0          0        992       4038   pid.o
       790         84          0         12          0      11337   port.o
      1792         22          0          0         64      20566   queue.o
        72         30        716          0      16384        832   startup_stm32h723xx.o
       156         32          0         12          0      22810   stm32h7xx_hal.o
       160         12          0          0          0      38742   stm32h7xx_hal_cortex.o
      5980        242          8          0          0      11754   stm32h7xx_hal_dma.o
      2786         48         92          0          0      21037   stm32h7xx_hal_fdcan.o
       540         44          0          0          0       1512   stm32h7xx_hal_gpio.o
      2920          0          0          0          0      14943   stm32h7xx_hal_hcd.o
        36          4          0          0          0        794   stm32h7xx_hal_msp.o
       100         10          0          0          0       1326   stm32h7xx_hal_pwr_ex.o
      2466        110          0          0          0       7601   stm32h7xx_hal_rcc.o
      3622        112          0          0          0       7597   stm32h7xx_hal_rcc_ex.o
      1178        100          0          0          0      10169   stm32h7xx_hal_tim.o
       190         38          0          0          0       3072   stm32h7xx_hal_tim_ex.o
       132         22          0          0         76       1411   stm32h7xx_hal_timebase_tim.o
      3318        172         24          0          0      36286   stm32h7xx_hal_uart.o
       364          6         16          0          0       6161   stm32h7xx_hal_uart_ex.o
       144         66          0          0          0     938964   stm32h7xx_it.o
      2194         28          0          0          0      19400   stm32h7xx_ll_usb.o
         0          0          0          0          0        384   stream_buffer.o
       244         38         16          8          0       1813   system_stm32h7xx.o
      2090        162          0         60       1220      26512   tasks.o
       156         10          0          0         76       1646   tim.o
       972         84          0         20        280      31819   timers.o
       688         52          0          0        776       2947   usart.o
       324         94          0          1         64       2339   usartuser.o
        96         16          0          1       4380       1688   usb_host.o
      1064          6          4         32          0      14295   usbh_cdc.o
       594         22          0          0        992      12981   usbh_conf.o
      1722         40          0          0         36      13452   usbh_core.o
      1484         12          0          0          0      12650   usbh_ctlreq.o
       172          0          0          0          0       4264   usbh_ioreq.o
       122          0          0          0          0       3278   usbh_pipes.o

    ----------------------------------------------------------------------
     43636       2186       1736        244      47648    2685110   Object Totals
         0          0         32          0          0          0   (incl. Generated)
        62          0          4          5          0          0   (incl. Padding)

    ----------------------------------------------------------------------

      Code (inc. data)   RO Data    RW Data    ZI Data      Debug   Library Member Name

        60          8          0          0          0         84   __0sscanf.o
         8          0          0          0          0         68   __main.o
         0          0          0          0          0          0   __rtentry.o
        12          0          0          0          0          0   __rtentry2.o
         6          0          0          0          0          0   __rtentry4.o
        52          8          0          0          0          0   __scatter.o
        26          0          0          0          0          0   __scatter_copy.o
        28          0          0          0          0          0   __scatter_zi.o
        28          0          0          0          0         68   _chval.o
        22          0          0          0          0        100   _rserrno.o
       884          6          0          0          0        100   _scanf.o
       332          0          0          0          0         96   _scanf_int.o
       224          0          0          0          0         96   _scanf_str.o
        64          0          0          0          0         84   _sgetc.o
        16          0          0          0          0         68   aeabi_memset.o
        10          0          0          0          0         68   defsig_exit.o
        50          0          0          0          0         88   defsig_general.o
        80         58          0          0          0         76   defsig_rtmem_inner.o
        14          0          0          0          0         80   defsig_rtmem_outer.o
        18          0          0          0          0         80   exit.o
        94          0          0          0          0         80   h1_alloc.o
        52          0          0          0          0         68   h1_extend.o
        78          0          0          0          0         80   h1_free.o
        14          0          0          0          0         84   h1_init.o
         6          0          0          0          0        152   heapauxi.o
         4          0          0          0          0        136   hguard.o
         0          0          0          0          0          0   indicate_semi.o
       138          0          0          0          0        168   init_alloc.o
        18          0          0          0          0         76   isspace.o
        44         10        272          0          0         76   lc_ctype_c.o
         2          0          0          0          0          0   libinit.o
        32          0          0          0          0          0   libinit2.o
         2          0          0          0          0          0   libshutdown.o
         2          0          0          0          0          0   libshutdown2.o
         8          4          0          0         96         68   libspace.o
       238          0          0          0          0        100   lludivv7m.o
         0          0          0          0          0          0   maybetermalloc1.o
        16          4          0          0          0         76   rt_ctype_table.o
         8          4          0          0          0         68   rt_errno_addr_intlibspace.o
         8          4          0          0          0         68   rt_heap_descriptor_intlibspace.o
         8          4          0          0          0         68   rt_locale_intlibspace.o
        68          0          0          0          0         68   rt_memclr.o
        78          0          0          0          0         80   rt_memclr_w.o
       138          0          0          0          0         68   rt_memcpy_v6.o
       100          0          0          0          0         80   rt_memcpy_w.o
         2          0          0          0          0          0   rtexit.o
        10          0          0          0          0          0   rtexit2.o
        44          8          0          0          0         84   scanf_char.o
       104          0          0          0          0         68   strcmpv7m_pel.o
       150          0          0          0          0         80   strncmp.o
        12          4          0          0          0         68   sys_exit.o
        74          0          0          0          0         80   sys_stackheap_outer.o
        14          0          0          0          0         76   sys_wrch.o
         2          0          0          0          0         68   use_no_semi.o
       156          4          0          0          0        140   dnaninf.o
       336         12          0          0          0        136   drem_clz.o
        10          0          0          0          0        116   fpinit.o
         0          0          0          0          0          0   usenofp.o
       176         18          0          0          0        156   cos.o
       224         42         48          0          0        184   cos_i.o
        86         46          0          0          0        464   dunder.o
        24          0          0          0          0        124   fabs.o
       252          6          0          0          0        144   fmod.o
        48          0          0          0          0        124   fpclassify.o
       572         92         56          0          0        312   log.o
       112          0          0          0          0        116   poly.o
         0          0          8          0          0          0   qnan.o
       784        138        200          0          0        172   rred.o
       176         18          0          0          0        160   sin.o
       168         24         40          0          0        196   sin_i.o

    ----------------------------------------------------------------------
      6648        530        624          0        100       5888   Library Totals
        22          8          0          0          4          0   (incl. Padding)

    ----------------------------------------------------------------------

      Code (inc. data)   RO Data    RW Data    ZI Data      Debug   Library Name

      3502        122        272          0         96       3344   c_w.l
       502         16          0          0          0        392   fz_wv.l
      2622        384        352          0          0       2152   m_wv.l

    ----------------------------------------------------------------------
      6648        530        624          0        100       5888   Library Totals

    ----------------------------------------------------------------------

==============================================================================


      Code (inc. data)   RO Data    RW Data    ZI Data      Debug   

     50284       2716       2360        244      47748    2653374   Grand Totals
     50284       2716       2360        244      47748    2653374   ELF Image Totals
     50284       2716       2360        244          0          0   ROM Totals

==============================================================================

    Total RO  Size (Code + RO Data)                52644 (  51.41kB)
    Total RW  Size (RW Data + ZI Data)             47992 (  46.87kB)
    Total ROM Size (Code + RO Data + RW Data)      52888 (  51.65kB)

==============================================================================

